Archive member included to satisfy reference by file (symbol)

/Applications/STM32CubeIDE.app/Contents/Eclipse/plugins/com.st.stm32cube.ide.mcu.externaltools.gnu-tools-for-stm32.10.3-2021.10.macos64_1.0.0.202111181127/tools/bin/../lib/gcc/arm-none-eabi/10.3.1/../../../../arm-none-eabi/lib/thumb/v7e-m+dp/hard/libc_nano.a(lib_a-atoi.o)
                              ./Core/Src/main.o (atoi)
/Applications/STM32CubeIDE.app/Contents/Eclipse/plugins/com.st.stm32cube.ide.mcu.externaltools.gnu-tools-for-stm32.10.3-2021.10.macos64_1.0.0.202111181127/tools/bin/../lib/gcc/arm-none-eabi/10.3.1/../../../../arm-none-eabi/lib/thumb/v7e-m+dp/hard/libc_nano.a(lib_a-errno.o)
                              ./Core/Src/syscalls.o (__errno)
/Applications/STM32CubeIDE.app/Contents/Eclipse/plugins/com.st.stm32cube.ide.mcu.externaltools.gnu-tools-for-stm32.10.3-2021.10.macos64_1.0.0.202111181127/tools/bin/../lib/gcc/arm-none-eabi/10.3.1/../../../../arm-none-eabi/lib/thumb/v7e-m+dp/hard/libc_nano.a(lib_a-exit.o)
                              /Applications/STM32CubeIDE.app/Contents/Eclipse/plugins/com.st.stm32cube.ide.mcu.externaltools.gnu-tools-for-stm32.10.3-2021.10.macos64_1.0.0.202111181127/tools/bin/../lib/gcc/arm-none-eabi/10.3.1/../../../../arm-none-eabi/lib/thumb/v7e-m+dp/hard/crt0.o (exit)
/Applications/STM32CubeIDE.app/Contents/Eclipse/plugins/com.st.stm32cube.ide.mcu.externaltools.gnu-tools-for-stm32.10.3-2021.10.macos64_1.0.0.202111181127/tools/bin/../lib/gcc/arm-none-eabi/10.3.1/../../../../arm-none-eabi/lib/thumb/v7e-m+dp/hard/libc_nano.a(lib_a-impure.o)
                              /Applications/STM32CubeIDE.app/Contents/Eclipse/plugins/com.st.stm32cube.ide.mcu.externaltools.gnu-tools-for-stm32.10.3-2021.10.macos64_1.0.0.202111181127/tools/bin/../lib/gcc/arm-none-eabi/10.3.1/../../../../arm-none-eabi/lib/thumb/v7e-m+dp/hard/libc_nano.a(lib_a-exit.o) (_global_impure_ptr)
/Applications/STM32CubeIDE.app/Contents/Eclipse/plugins/com.st.stm32cube.ide.mcu.externaltools.gnu-tools-for-stm32.10.3-2021.10.macos64_1.0.0.202111181127/tools/bin/../lib/gcc/arm-none-eabi/10.3.1/../../../../arm-none-eabi/lib/thumb/v7e-m+dp/hard/libc_nano.a(lib_a-init.o)
                              /Applications/STM32CubeIDE.app/Contents/Eclipse/plugins/com.st.stm32cube.ide.mcu.externaltools.gnu-tools-for-stm32.10.3-2021.10.macos64_1.0.0.202111181127/tools/bin/../lib/gcc/arm-none-eabi/10.3.1/../../../../arm-none-eabi/lib/thumb/v7e-m+dp/hard/crt0.o (__libc_init_array)
/Applications/STM32CubeIDE.app/Contents/Eclipse/plugins/com.st.stm32cube.ide.mcu.externaltools.gnu-tools-for-stm32.10.3-2021.10.macos64_1.0.0.202111181127/tools/bin/../lib/gcc/arm-none-eabi/10.3.1/../../../../arm-none-eabi/lib/thumb/v7e-m+dp/hard/libc_nano.a(lib_a-memcpy-stub.o)
                              ./USB_DEVICE/App/usbd_cdc_if.o (memcpy)
/Applications/STM32CubeIDE.app/Contents/Eclipse/plugins/com.st.stm32cube.ide.mcu.externaltools.gnu-tools-for-stm32.10.3-2021.10.macos64_1.0.0.202111181127/tools/bin/../lib/gcc/arm-none-eabi/10.3.1/../../../../arm-none-eabi/lib/thumb/v7e-m+dp/hard/libc_nano.a(lib_a-memset.o)
                              /Applications/STM32CubeIDE.app/Contents/Eclipse/plugins/com.st.stm32cube.ide.mcu.externaltools.gnu-tools-for-stm32.10.3-2021.10.macos64_1.0.0.202111181127/tools/bin/../lib/gcc/arm-none-eabi/10.3.1/../../../../arm-none-eabi/lib/thumb/v7e-m+dp/hard/crt0.o (memset)
/Applications/STM32CubeIDE.app/Contents/Eclipse/plugins/com.st.stm32cube.ide.mcu.externaltools.gnu-tools-for-stm32.10.3-2021.10.macos64_1.0.0.202111181127/tools/bin/../lib/gcc/arm-none-eabi/10.3.1/../../../../arm-none-eabi/lib/thumb/v7e-m+dp/hard/libc_nano.a(lib_a-sprintf.o)
                              ./Core/Src/main.o (sprintf)
/Applications/STM32CubeIDE.app/Contents/Eclipse/plugins/com.st.stm32cube.ide.mcu.externaltools.gnu-tools-for-stm32.10.3-2021.10.macos64_1.0.0.202111181127/tools/bin/../lib/gcc/arm-none-eabi/10.3.1/../../../../arm-none-eabi/lib/thumb/v7e-m+dp/hard/libc_nano.a(lib_a-strcmp.o)
                              ./Core/Src/main.o (strcmp)
/Applications/STM32CubeIDE.app/Contents/Eclipse/plugins/com.st.stm32cube.ide.mcu.externaltools.gnu-tools-for-stm32.10.3-2021.10.macos64_1.0.0.202111181127/tools/bin/../lib/gcc/arm-none-eabi/10.3.1/../../../../arm-none-eabi/lib/thumb/v7e-m+dp/hard/libc_nano.a(lib_a-strtok.o)
                              ./Core/Src/main.o (strtok)
/Applications/STM32CubeIDE.app/Contents/Eclipse/plugins/com.st.stm32cube.ide.mcu.externaltools.gnu-tools-for-stm32.10.3-2021.10.macos64_1.0.0.202111181127/tools/bin/../lib/gcc/arm-none-eabi/10.3.1/../../../../arm-none-eabi/lib/thumb/v7e-m+dp/hard/libc_nano.a(lib_a-strtok_r.o)
                              /Applications/STM32CubeIDE.app/Contents/Eclipse/plugins/com.st.stm32cube.ide.mcu.externaltools.gnu-tools-for-stm32.10.3-2021.10.macos64_1.0.0.202111181127/tools/bin/../lib/gcc/arm-none-eabi/10.3.1/../../../../arm-none-eabi/lib/thumb/v7e-m+dp/hard/libc_nano.a(lib_a-strtok.o) (__strtok_r)
[...]
Memory Configuration

Name             Origin             Length             Attributes
ITCMRAM          0x0000000000000000 0x0000000000010000 xrw
DTCMRAM          0x0000000020000000 0x0000000000020000 xrw
FLASH            0x0000000008000000 0x0000000000100000 xr
RAM_D1           0x0000000024000000 0x0000000000050000 xrw
RAM_D2           0x0000000030000000 0x0000000000008000 xrw
RAM_D3           0x0000000038000000 0x0000000000004000 xrw
*default*        0x0000000000000000 0xffffffffffffffff

Linker script and memory map

LOAD /Applications/STM32CubeIDE.app/Contents/Eclipse/plugins/com.st.stm32cube.ide.mcu.externaltools.gnu-tools-for-stm32.10.3-2021.10.macos64_1.0.0.202111181127/tools/bin/../lib/gcc/arm-none-eabi/10.3.1/thumb/v7e-m+dp/hard/crti.o
LOAD /Applications/STM32CubeIDE.app/Contents/Eclipse/plugins/com.st.stm32cube.ide.mcu.externaltools.gnu-tools-for-stm32.10.3-2021.10.macos64_1.0.0.202111181127/tools/bin/../lib/gcc/arm-none-eabi/10.3.1/thumb/v7e-m+dp/hard/crtbegin.o
LOAD /Applications/STM32CubeIDE.app/Contents/Eclipse/plugins/com.st.stm32cube.ide.mcu.externaltools.gnu-tools-for-stm32.10.3-2021.10.macos64_1.0.0.202111181127/tools/bin/../lib/gcc/arm-none-eabi/10.3.1/../../../../arm-none-eabi/lib/thumb/v7e-m+dp/hard/crt0.o
LOAD ./Core/Src/main.o
LOAD ./Core/Src/stm32h7xx_hal_msp.o
LOAD ./Core/Src/stm32h7xx_it.o
LOAD ./Core/Src/syscalls.o
LOAD ./Core/Src/sysmem.o
LOAD ./Core/Src/system_stm32h7xx.o
LOAD ./Core/Startup/startup_stm32h723zgtx.o
LOAD ./Drivers/STM32H7xx_HAL_Driver/Src/stm32h7xx_hal.o
LOAD ./Drivers/STM32H7xx_HAL_Driver/Src/stm32h7xx_hal_cortex.o
LOAD ./Drivers/STM32H7xx_HAL_Driver/Src/stm32h7xx_hal_dma.o
LOAD ./Drivers/STM32H7xx_HAL_Driver/Src/stm32h7xx_hal_dma_ex.o
LOAD ./Drivers/STM32H7xx_HAL_Driver/Src/stm32h7xx_hal_exti.o
LOAD ./Drivers/STM32H7xx_HAL_Driver/Src/stm32h7xx_hal_flash.o
LOAD ./Drivers/STM32H7xx_HAL_Driver/Src/stm32h7xx_hal_flash_ex.o
LOAD ./Drivers/STM32H7xx_HAL_Driver/Src/stm32h7xx_hal_gpio.o
LOAD ./Drivers/STM32H7xx_HAL_Driver/Src/stm32h7xx_hal_hsem.o
LOAD ./Drivers/STM32H7xx_HAL_Driver/Src/stm32h7xx_hal_i2c.o
LOAD ./Drivers/STM32H7xx_HAL_Driver/Src/stm32h7xx_hal_i2c_ex.o
LOAD ./Drivers/STM32H7xx_HAL_Driver/Src/stm32h7xx_hal_mdma.o
LOAD ./Drivers/STM32H7xx_HAL_Driver/Src/stm32h7xx_hal_pcd.o
LOAD ./Drivers/STM32H7xx_HAL_Driver/Src/stm32h7xx_hal_pcd_ex.o
LOAD ./Drivers/STM32H7xx_HAL_Driver/Src/stm32h7xx_hal_pwr.o
LOAD ./Drivers/STM32H7xx_HAL_Driver/Src/stm32h7xx_hal_pwr_ex.o
LOAD ./Drivers/STM32H7xx_HAL_Driver/Src/stm32h7xx_hal_rcc.o
LOAD ./Drivers/STM32H7xx_HAL_Driver/Src/stm32h7xx_hal_rcc_ex.o
LOAD ./Drivers/STM32H7xx_HAL_Driver/Src/stm32h7xx_hal_spi.o
LOAD ./Drivers/STM32H7xx_HAL_Driver/Src/stm32h7xx_hal_spi_ex.o
LOAD ./Drivers/STM32H7xx_HAL_Driver/Src/stm32h7xx_hal_tim.o
LOAD ./Drivers/STM32H7xx_HAL_Driver/Src/stm32h7xx_hal_tim_ex.o
LOAD ./Drivers/STM32H7xx_HAL_Driver/Src/stm32h7xx_ll_usb.o
LOAD ./Middlewares/ST/STM32_USB_Device_Library/Class/CDC/Src/usbd_cdc.o
LOAD ./Middlewares/ST/STM32_USB_Device_Library/Core/Src/usbd_core.o
LOAD ./Middlewares/ST/STM32_USB_Device_Library/Core/Src/usbd_ctlreq.o
LOAD ./Middlewares/ST/STM32_USB_Device_Library/Core/Src/usbd_ioreq.o
LOAD ./USB_DEVICE/App/usb_device.o
LOAD ./USB_DEVICE/App/usbd_cdc_if.o
LOAD ./USB_DEVICE/App/usbd_desc.o
LOAD ./USB_DEVICE/Target/usbd_conf.o
START GROUP
LOAD /Applications/STM32CubeIDE.app/Contents/Eclipse/plugins/com.st.stm32cube.ide.mcu.externaltools.gnu-tools-for-stm32.10.3-2021.10.macos64_1.0.0.202111181127/tools/bin/../lib/gcc/arm-none-eabi/10.3.1/../../../../arm-none-eabi/lib/thumb/v7e-m+dp/hard/libc_nano.a
LOAD /Applications/STM32CubeIDE.app/Contents/Eclipse/plugins/com.st.stm32cube.ide.mcu.externaltools.gnu-tools-for-stm32.10.3-2021.10.macos64_1.0.0.202111181127/tools/bin/../lib/gcc/arm-none-eabi/10.3.1/../../../../arm-none-eabi/lib/thumb/v7e-m+dp/hard/libm.a
END GROUP
START GROUP
LOAD /Applications/STM32CubeIDE.app/Contents/Eclipse/plugins/com.st.stm32cube.ide.mcu.externaltools.gnu-tools-for-stm32.10.3-2021.10.macos64_1.0.0.202111181127/tools/bin/../lib/gcc/arm-none-eabi/10.3.1/thumb/v7e-m+dp/hard/libgcc.a
LOAD /Applications/STM32CubeIDE.app/Contents/Eclipse/plugins/com.st.stm32cube.ide.mcu.externaltools.gnu-tools-for-stm32.10.3-2021.10.macos64_1.0.0.202111181127/tools/bin/../lib/gcc/arm-none-eabi/10.3.1/../../../../arm-none-eabi/lib/thumb/v7e-m+dp/hard/libc_nano.a
END GROUP
START GROUP
LOAD /Applications/STM32CubeIDE.app/Contents/Eclipse/plugins/com.st.stm32cube.ide.mcu.externaltools.gnu-tools-for-stm32.10.3-2021.10.macos64_1.0.0.202111181127/tools/bin/../lib/gcc/arm-none-eabi/10.3.1/thumb/v7e-m+dp/hard/libgcc.a
LOAD /Applications/STM32CubeIDE.app/Contents/Eclipse/plugins/com.st.stm32cube.ide.mcu.externaltools.gnu-tools-for-stm32.10.3-2021.10.macos64_1.0.0.202111181127/tools/bin/../lib/gcc/arm-none-eabi/10.3.1/../../../../arm-none-eabi/lib/thumb/v7e-m+dp/hard/libc_nano.a
LOAD /Applications/STM32CubeIDE.app/Contents/Eclipse/plugins/com.st.stm32cube.ide.mcu.externaltools.gnu-tools-for-stm32.10.3-2021.10.macos64_1.0.0.202111181127/tools/bin/../lib/gcc/arm-none-eabi/10.3.1/../../../../arm-none-eabi/lib/thumb/v7e-m+dp/hard/libnosys.a
END GROUP
START GROUP
LOAD /Applications/STM32CubeIDE.app/Contents/Eclipse/plugins/com.st.stm32cube.ide.mcu.externaltools.gnu-tools-for-stm32.10.3-2021.10.macos64_1.0.0.202111181127/tools/bin/../lib/gcc/arm-none-eabi/10.3.1/thumb/v7e-m+dp/hard/libgcc.a
LOAD /Applications/STM32CubeIDE.app/Contents/Eclipse/plugins/com.st.stm32cube.ide.mcu.externaltools.gnu-tools-for-stm32.10.3-2021.10.macos64_1.0.0.202111181127/tools/bin/../lib/gcc/arm-none-eabi/10.3.1/../../../../arm-none-eabi/lib/thumb/v7e-m+dp/hard/libc_nano.a
LOAD /Applications/STM32CubeIDE.app/Contents/Eclipse/plugins/com.st.stm32cube.ide.mcu.externaltools.gnu-tools-for-stm32.10.3-2021.10.macos64_1.0.0.202111181127/tools/bin/../lib/gcc/arm-none-eabi/10.3.1/../../../../arm-none-eabi/lib/thumb/v7e-m+dp/hard/libnosys.a
END GROUP
LOAD /Applications/STM32CubeIDE.app/Contents/Eclipse/plugins/com.st.stm32cube.ide.mcu.externaltools.gnu-tools-for-stm32.10.3-2021.10.macos64_1.0.0.202111181127/tools/bin/../lib/gcc/arm-none-eabi/10.3.1/thumb/v7e-m+dp/hard/crtend.o
LOAD /Applications/STM32CubeIDE.app/Contents/Eclipse/plugins/com.st.stm32cube.ide.mcu.externaltools.gnu-tools-for-stm32.10.3-2021.10.macos64_1.0.0.202111181127/tools/bin/../lib/gcc/arm-none-eabi/10.3.1/thumb/v7e-m+dp/hard/crtn.o
                0x0000000024050000                _estack = (ORIGIN (RAM_D1) + LENGTH (RAM_D1))
                0x0000000000000200                _Min_Heap_Size = 0x200
                0x0000000000000400                _Min_Stack_Size = 0x400

.isr_vector     0x0000000008000000      0x2cc
                0x0000000008000000                . = ALIGN (0x4)
 *(.isr_vector)
 .isr_vector    0x0000000008000000      0x2cc ./Core/Startup/startup_stm32h723zgtx.o
                0x0000000008000000                g_pfnVectors
                0x00000000080002cc                . = ALIGN (0x4)

.text           0x00000000080002d0     0xc4d8
                0x00000000080002d0                . = ALIGN (0x4)
 *(.text)
 .text          0x00000000080002d0       0x40 /Applications/STM32CubeIDE.app/Contents/Eclipse/plugins/com.st.stm32cube.ide.mcu.externaltools.gnu-tools-for-stm32.10.3-2021.10.macos64_1.0.0.202111181127/tools/bin/../lib/gcc/arm-none-eabi/10.3.1/thumb/v7e-m+dp/hard/crtbegin.o
 .text          0x0000000008000310       0x14 /Applications/STM32CubeIDE.app/Contents/Eclipse/plugins/com.st.stm32cube.ide.mcu.externaltools.gnu-tools-for-stm32.10.3-2021.10.macos64_1.0.0.202111181127/tools/bin/../lib/gcc/arm-none-eabi/10.3.1/../../../../arm-none-eabi/lib/thumb/v7e-m+dp/hard/libc_nano.a(lib_a-strcmp.o)
                0x0000000008000310                strcmp
 *fill*         0x0000000008000324        0xc 
 .text          0x0000000008000330       0xa0 /Applications/STM32CubeIDE.app/Contents/Eclipse/plugins/com.st.stm32cube.ide.mcu.externaltools.gnu-tools-for-stm32.10.3-2021.10.macos64_1.0.0.202111181127/tools/bin/../lib/gcc/arm-none-eabi/10.3.1/../../../../arm-none-eabi/lib/thumb/v7e-m+dp/hard/libc_nano.a(lib_a-memchr.o)
                0x0000000008000330                memchr
 *(.text*)
 .text.main     0x00000000080003d0      0x9f4 ./Core/Src/main.o
                0x00000000080003d0                main
 .text.SystemClock_Config
                0x0000000008000dc4       0xe0 ./Core/Src/main.o
                0x0000000008000dc4                SystemClock_Config
 .text.MX_SPI1_Init
                0x0000000008000ea4       0xb0 ./Core/Src/main.o
 .text.MX_TIM2_Init
                0x0000000008000f54       0x9c ./Core/Src/main.o
 .text.MX_TIM3_Init
                0x0000000008000ff0       0x9c ./Core/Src/main.o
 .text.MX_TIM4_Init
                0x000000000800108c       0xa0 ./Core/Src/main.o
 .text.MX_GPIO_Init
                0x000000000800112c      0x440 ./Core/Src/main.o
 .text.HAL_GPIO_EXTI_Callback
                0x000000000800156c       0x64 ./Core/Src/main.o
                0x000000000800156c                HAL_GPIO_EXTI_Callback
 .text.HAL_TIM_PeriodElapsedCallback
                0x00000000080015d0      0x464 ./Core/Src/main.o
                0x00000000080015d0                HAL_TIM_PeriodElapsedCallback
 .text.Error_Handler
                0x0000000008001a34        0xa ./Core/Src/main.o
                0x0000000008001a34                Error_Handler
 *fill*         0x0000000008001a3e        0x2 
 .text.HAL_MspInit
                0x0000000008001a40       0x34 ./Core/Src/stm32h7xx_hal_msp.o
                0x0000000008001a40                HAL_MspInit
 .text.HAL_SPI_MspInit
                0x0000000008001a74      0x114 ./Core/Src/stm32h7xx_hal_msp.o
                0x0000000008001a74                HAL_SPI_MspInit
 .text.HAL_TIM_Base_MspInit
                0x0000000008001b88       0xc8 ./Core/Src/stm32h7xx_hal_msp.o
                0x0000000008001b88                HAL_TIM_Base_MspInit
 .text.NMI_Handler
                0x0000000008001c50        0x6 ./Core/Src/stm32h7xx_it.o
                0x0000000008001c50                NMI_Handler
 .text.HardFault_Handler
                0x0000000008001c56        0x6 ./Core/Src/stm32h7xx_it.o
                0x0000000008001c56                HardFault_Handler
 .text.MemManage_Handler
                0x0000000008001c5c        0x6 ./Core/Src/stm32h7xx_it.o
                0x0000000008001c5c                MemManage_Handler
 .text.BusFault_Handler
                0x0000000008001c62        0x6 ./Core/Src/stm32h7xx_it.o
                0x0000000008001c62                BusFault_Handler
 .text.UsageFault_Handler
                0x0000000008001c68        0x6 ./Core/Src/stm32h7xx_it.o
                0x0000000008001c68                UsageFault_Handler
 .text.SVC_Handler
                0x0000000008001c6e        0xe ./Core/Src/stm32h7xx_it.o
                0x0000000008001c6e                SVC_Handler
 .text.DebugMon_Handler
                0x0000000008001c7c        0xe ./Core/Src/stm32h7xx_it.o
                0x0000000008001c7c                DebugMon_Handler
 .text.PendSV_Handler
                0x0000000008001c8a        0xe ./Core/Src/stm32h7xx_it.o
                0x0000000008001c8a                PendSV_Handler
 .text.SysTick_Handler
                0x0000000008001c98        0xc ./Core/Src/stm32h7xx_it.o
                0x0000000008001c98                SysTick_Handler
 .text.EXTI9_5_IRQHandler
                0x0000000008001ca4       0x16 ./Core/Src/stm32h7xx_it.o
                0x0000000008001ca4                EXTI9_5_IRQHandler
 *fill*         0x0000000008001cba        0x2 
 .text.TIM2_IRQHandler
                0x0000000008001cbc       0x14 ./Core/Src/stm32h7xx_it.o
                0x0000000008001cbc                TIM2_IRQHandler
 .text.TIM3_IRQHandler
                0x0000000008001cd0       0x14 ./Core/Src/stm32h7xx_it.o
                0x0000000008001cd0                TIM3_IRQHandler
 .text.TIM4_IRQHandler
                0x0000000008001ce4       0x14 ./Core/Src/stm32h7xx_it.o
                0x0000000008001ce4                TIM4_IRQHandler
 .text.OTG_HS_IRQHandler
                0x0000000008001cf8       0x14 ./Core/Src/stm32h7xx_it.o
                0x0000000008001cf8                OTG_HS_IRQHandler
 .text._getpid  0x0000000008001d0c       0x10 ./Core/Src/syscalls.o
                0x0000000008001d0c                _getpid
 .text._kill    0x0000000008001d1c       0x20 ./Core/Src/syscalls.o
                0x0000000008001d1c                _kill
 .text._exit    0x0000000008001d3c       0x14 ./Core/Src/syscalls.o
                0x0000000008001d3c                _exit
 .text._read    0x0000000008001d50       0x3a ./Core/Src/syscalls.o
                0x0000000008001d50                _read
 .text._write   0x0000000008001d8a       0x38 ./Core/Src/syscalls.o
                0x0000000008001d8a                _write
 .text._close   0x0000000008001dc2       0x18 ./Core/Src/syscalls.o
                0x0000000008001dc2                _close
 .text._fstat   0x0000000008001dda       0x20 ./Core/Src/syscalls.o
                0x0000000008001dda                _fstat
 .text._isatty  0x0000000008001dfa       0x16 ./Core/Src/syscalls.o
                0x0000000008001dfa                _isatty
 .text._lseek   0x0000000008001e10       0x1a ./Core/Src/syscalls.o
                0x0000000008001e10                _lseek
 *fill*         0x0000000008001e2a        0x2 
 .text._sbrk    0x0000000008001e2c       0x6c ./Core/Src/sysmem.o
                0x0000000008001e2c                _sbrk
 .text.SystemInit
                0x0000000008001e98      0x110 ./Core/Src/system_stm32h7xx.o
                0x0000000008001e98                SystemInit
 .text.Reset_Handler
                0x0000000008001fa8       0x50 ./Core/Startup/startup_stm32h723zgtx.o
                0x0000000008001fa8                Reset_Handler
 .text.Default_Handler
                0x0000000008001ff8        0x2 ./Core/Startup/startup_stm32h723zgtx.o
                0x0000000008001ff8                DMA1_Stream3_IRQHandler
                0x0000000008001ff8                EXTI2_IRQHandler
                0x0000000008001ff8                TIM8_CC_IRQHandler
                0x0000000008001ff8                UART8_IRQHandler
                0x0000000008001ff8                SPI4_IRQHandler
                0x0000000008001ff8                FDCAN3_IT0_IRQHandler
                0x0000000008001ff8                TIM1_CC_IRQHandler
                0x0000000008001ff8                BDMA_Channel6_IRQHandler
                0x0000000008001ff8                DMA2_Stream5_IRQHandler
                0x0000000008001ff8                DMA1_Stream5_IRQHandler
                0x0000000008001ff8                CORDIC_IRQHandler
                0x0000000008001ff8                BDMA_Channel1_IRQHandler
                0x0000000008001ff8                TAMP_STAMP_IRQHandler
                0x0000000008001ff8                EXTI3_IRQHandler
                0x0000000008001ff8                LPTIM4_IRQHandler
                0x0000000008001ff8                TIM8_TRG_COM_TIM14_IRQHandler
                0x0000000008001ff8                LPTIM2_IRQHandler
                0x0000000008001ff8                DFSDM1_FLT1_IRQHandler
                0x0000000008001ff8                DMAMUX2_OVR_IRQHandler
                0x0000000008001ff8                TIM8_UP_TIM13_IRQHandler
                0x0000000008001ff8                I2C3_ER_IRQHandler
                0x0000000008001ff8                DFSDM1_FLT2_IRQHandler
                0x0000000008001ff8                I2C5_EV_IRQHandler
                0x0000000008001ff8                USART10_IRQHandler
                0x0000000008001ff8                MDMA_IRQHandler
                0x0000000008001ff8                LPTIM3_IRQHandler
                0x0000000008001ff8                HSEM1_IRQHandler
                0x0000000008001ff8                EXTI0_IRQHandler
                0x0000000008001ff8                I2C2_EV_IRQHandler
                0x0000000008001ff8                DMA1_Stream2_IRQHandler
                0x0000000008001ff8                FPU_IRQHandler
                0x0000000008001ff8                OTG_HS_WKUP_IRQHandler
                0x0000000008001ff8                FDCAN1_IT1_IRQHandler
                0x0000000008001ff8                LTDC_ER_IRQHandler
                0x0000000008001ff8                DMA2_Stream2_IRQHandler
                0x0000000008001ff8                SPI1_IRQHandler
                0x0000000008001ff8                OCTOSPI1_IRQHandler
                0x0000000008001ff8                TIM6_DAC_IRQHandler
                0x0000000008001ff8                DMA2_Stream3_IRQHandler
                0x0000000008001ff8                OCTOSPI2_IRQHandler
                0x0000000008001ff8                DFSDM1_FLT3_IRQHandler
                0x0000000008001ff8                TIM23_IRQHandler
                0x0000000008001ff8                USART6_IRQHandler
                0x0000000008001ff8                TIM17_IRQHandler
                0x0000000008001ff8                USART3_IRQHandler
                0x0000000008001ff8                BDMA_Channel7_IRQHandler
                0x0000000008001ff8                LPTIM5_IRQHandler
                0x0000000008001ff8                UART5_IRQHandler
                0x0000000008001ff8                ADC3_IRQHandler
                0x0000000008001ff8                DMA2_Stream0_IRQHandler
                0x0000000008001ff8                BDMA_Channel2_IRQHandler
                0x0000000008001ff8                I2C1_EV_IRQHandler
                0x0000000008001ff8                DMA1_Stream6_IRQHandler
                0x0000000008001ff8                DMAMUX1_OVR_IRQHandler
                0x0000000008001ff8                DMA1_Stream1_IRQHandler
                0x0000000008001ff8                TIM16_IRQHandler
                0x0000000008001ff8                UART4_IRQHandler
                0x0000000008001ff8                BDMA_Channel5_IRQHandler
                0x0000000008001ff8                RCC_IRQHandler
                0x0000000008001ff8                UART9_IRQHandler
                0x0000000008001ff8                TIM8_BRK_TIM12_IRQHandler
                0x0000000008001ff8                TIM1_TRG_COM_IRQHandler
                0x0000000008001ff8                Default_Handler
                0x0000000008001ff8                ECC_IRQHandler
                0x0000000008001ff8                FMAC_IRQHandler
                0x0000000008001ff8                CEC_IRQHandler
                0x0000000008001ff8                EXTI15_10_IRQHandler
                0x0000000008001ff8                BDMA_Channel0_IRQHandler
                0x0000000008001ff8                ADC_IRQHandler
                0x0000000008001ff8                I2C5_ER_IRQHandler
                0x0000000008001ff8                DMA1_Stream7_IRQHandler
                0x0000000008001ff8                SPI5_IRQHandler
                0x0000000008001ff8                TIM7_IRQHandler
                0x0000000008001ff8                FDCAN3_IT1_IRQHandler
                0x0000000008001ff8                SDMMC1_IRQHandler
                0x0000000008001ff8                TIM5_IRQHandler
                0x0000000008001ff8                DMA2_Stream7_IRQHandler
                0x0000000008001ff8                TIM15_IRQHandler
                0x0000000008001ff8                PVD_AVD_IRQHandler
                0x0000000008001ff8                I2C3_EV_IRQHandler
                0x0000000008001ff8                RTC_WKUP_IRQHandler
                0x0000000008001ff8                LTDC_IRQHandler
                0x0000000008001ff8                ETH_WKUP_IRQHandler
                0x0000000008001ff8                SPDIF_RX_IRQHandler
                0x0000000008001ff8                SPI2_IRQHandler
                0x0000000008001ff8                OTG_HS_EP1_IN_IRQHandler
                0x0000000008001ff8                DMA1_Stream0_IRQHandler
                0x0000000008001ff8                TIM24_IRQHandler
                0x0000000008001ff8                CRS_IRQHandler
                0x0000000008001ff8                EXTI4_IRQHandler
                0x0000000008001ff8                RNG_IRQHandler
                0x0000000008001ff8                FDCAN2_IT1_IRQHandler
                0x0000000008001ff8                ETH_IRQHandler
                0x0000000008001ff8                TIM1_UP_IRQHandler
                0x0000000008001ff8                BDMA_Channel4_IRQHandler
                0x0000000008001ff8                OTG_HS_EP1_OUT_IRQHandler
                0x0000000008001ff8                WWDG_IRQHandler
                0x0000000008001ff8                SPI6_IRQHandler
                0x0000000008001ff8                MDIOS_IRQHandler
                0x0000000008001ff8                I2C4_EV_IRQHandler
                0x0000000008001ff8                FDCAN2_IT0_IRQHandler
                0x0000000008001ff8                LPUART1_IRQHandler
                0x0000000008001ff8                FDCAN1_IT0_IRQHandler
                0x0000000008001ff8                DMA2D_IRQHandler
                0x0000000008001ff8                TIM1_BRK_IRQHandler
                0x0000000008001ff8                EXTI1_IRQHandler
                0x0000000008001ff8                SDMMC2_IRQHandler
                0x0000000008001ff8                BDMA_Channel3_IRQHandler
                0x0000000008001ff8                DTS_IRQHandler
                0x0000000008001ff8                UART7_IRQHandler
                0x0000000008001ff8                MDIOS_WKUP_IRQHandler
                0x0000000008001ff8                USART2_IRQHandler
                0x0000000008001ff8                DFSDM1_FLT0_IRQHandler
                0x0000000008001ff8                SAI4_IRQHandler
                0x0000000008001ff8                I2C2_ER_IRQHandler
                0x0000000008001ff8                DMA2_Stream1_IRQHandler
                0x0000000008001ff8                FLASH_IRQHandler
                0x0000000008001ff8                DMA2_Stream4_IRQHandler
                0x0000000008001ff8                USART1_IRQHandler
                0x0000000008001ff8                SPI3_IRQHandler
                0x0000000008001ff8                WAKEUP_PIN_IRQHandler
                0x0000000008001ff8                DMA1_Stream4_IRQHandler
                0x0000000008001ff8                I2C1_ER_IRQHandler
                0x0000000008001ff8                FMC_IRQHandler
                0x0000000008001ff8                FDCAN_CAL_IRQHandler
                0x0000000008001ff8                SWPMI1_IRQHandler
                0x0000000008001ff8                COMP1_IRQHandler
                0x0000000008001ff8                LPTIM1_IRQHandler
                0x0000000008001ff8                DCMI_PSSI_IRQHandler
                0x0000000008001ff8                I2C4_ER_IRQHandler
                0x0000000008001ff8                DMA2_Stream6_IRQHandler
                0x0000000008001ff8                SAI1_IRQHandler
                0x0000000008001ff8                RTC_Alarm_IRQHandler
 *fill*         0x0000000008001ffa        0x2 
 .text.HAL_Init
                0x0000000008001ffc       0x78 ./Drivers/STM32H7xx_HAL_Driver/Src/stm32h7xx_hal.o
                0x0000000008001ffc                HAL_Init
 .text.HAL_InitTick
                0x0000000008002074       0x6c ./Drivers/STM32H7xx_HAL_Driver/Src/stm32h7xx_hal.o
                0x0000000008002074                HAL_InitTick
 .text.HAL_IncTick
                0x00000000080020e0       0x28 ./Drivers/STM32H7xx_HAL_Driver/Src/stm32h7xx_hal.o
                0x00000000080020e0                HAL_IncTick
 .text.HAL_GetTick
                0x0000000008002108       0x18 ./Drivers/STM32H7xx_HAL_Driver/Src/stm32h7xx_hal.o
                0x0000000008002108                HAL_GetTick
 .text.HAL_Delay
                0x0000000008002120       0x48 ./Drivers/STM32H7xx_HAL_Driver/Src/stm32h7xx_hal.o
                0x0000000008002120                HAL_Delay
 .text.__NVIC_SetPriorityGrouping
                0x0000000008002168       0x48 ./Drivers/STM32H7xx_HAL_Driver/Src/stm32h7xx_hal_cortex.o
 .text.__NVIC_GetPriorityGrouping
                0x00000000080021b0       0x1c ./Drivers/STM32H7xx_HAL_Driver/Src/stm32h7xx_hal_cortex.o
 .text.__NVIC_EnableIRQ
                0x00000000080021cc       0x3c ./Drivers/STM32H7xx_HAL_Driver/Src/stm32h7xx_hal_cortex.o
 .text.__NVIC_SetPriority
                0x0000000008002208       0x54 ./Drivers/STM32H7xx_HAL_Driver/Src/stm32h7xx_hal_cortex.o
 .text.NVIC_EncodePriority
                0x000000000800225c       0x66 ./Drivers/STM32H7xx_HAL_Driver/Src/stm32h7xx_hal_cortex.o
 *fill*         0x00000000080022c2        0x2 
 .text.SysTick_Config
                0x00000000080022c4       0x44 ./Drivers/STM32H7xx_HAL_Driver/Src/stm32h7xx_hal_cortex.o
 .text.HAL_NVIC_SetPriorityGrouping
                0x0000000008002308       0x16 ./Drivers/STM32H7xx_HAL_Driver/Src/stm32h7xx_hal_cortex.o
                0x0000000008002308                HAL_NVIC_SetPriorityGrouping
 .text.HAL_NVIC_SetPriority
                0x000000000800231e       0x34 ./Drivers/STM32H7xx_HAL_Driver/Src/stm32h7xx_hal_cortex.o
                0x000000000800231e                HAL_NVIC_SetPriority
 .text.HAL_NVIC_EnableIRQ
                0x0000000008002352       0x1c ./Drivers/STM32H7xx_HAL_Driver/Src/stm32h7xx_hal_cortex.o
                0x0000000008002352                HAL_NVIC_EnableIRQ
 .text.HAL_SYSTICK_Config
                0x000000000800236e       0x18 ./Drivers/STM32H7xx_HAL_Driver/Src/stm32h7xx_hal_cortex.o
                0x000000000800236e                HAL_SYSTICK_Config
 *fill*         0x0000000008002386        0x2 
 .text.HAL_GPIO_Init
                0x0000000008002388      0x350 ./Drivers/STM32H7xx_HAL_Driver/Src/stm32h7xx_hal_gpio.o
                0x0000000008002388                HAL_GPIO_Init
 .text.HAL_GPIO_WritePin
                0x00000000080026d8       0x32 ./Drivers/STM32H7xx_HAL_Driver/Src/stm32h7xx_hal_gpio.o
                0x00000000080026d8                HAL_GPIO_WritePin
 .text.HAL_GPIO_EXTI_IRQHandler
                0x000000000800270a       0x34 ./Drivers/STM32H7xx_HAL_Driver/Src/stm32h7xx_hal_gpio.o
                0x000000000800270a                HAL_GPIO_EXTI_IRQHandler
 .text.HAL_PCD_Init
                0x000000000800273e      0x248 ./Drivers/STM32H7xx_HAL_Driver/Src/stm32h7xx_hal_pcd.o
                0x000000000800273e                HAL_PCD_Init
 .text.HAL_PCD_Start
                0x0000000008002986       0x66 ./Drivers/STM32H7xx_HAL_Driver/Src/stm32h7xx_hal_pcd.o
                0x0000000008002986                HAL_PCD_Start
 .text.HAL_PCD_IRQHandler
                0x00000000080029ec      0x998 ./Drivers/STM32H7xx_HAL_Driver/Src/stm32h7xx_hal_pcd.o
                0x00000000080029ec                HAL_PCD_IRQHandler
 .text.HAL_PCD_SetAddress
                0x0000000008003384       0x4a ./Drivers/STM32H7xx_HAL_Driver/Src/stm32h7xx_hal_pcd.o
                0x0000000008003384                HAL_PCD_SetAddress
 .text.HAL_PCD_EP_Open
                0x00000000080033ce       0xd0 ./Drivers/STM32H7xx_HAL_Driver/Src/stm32h7xx_hal_pcd.o
                0x00000000080033ce                HAL_PCD_EP_Open
 .text.HAL_PCD_EP_Close
                0x000000000800349e       0x94 ./Drivers/STM32H7xx_HAL_Driver/Src/stm32h7xx_hal_pcd.o
                0x000000000800349e                HAL_PCD_EP_Close
 .text.HAL_PCD_EP_Receive
                0x0000000008003532       0x96 ./Drivers/STM32H7xx_HAL_Driver/Src/stm32h7xx_hal_pcd.o
                0x0000000008003532                HAL_PCD_EP_Receive
 .text.HAL_PCD_EP_GetRxCount
                0x00000000080035c8       0x30 ./Drivers/STM32H7xx_HAL_Driver/Src/stm32h7xx_hal_pcd.o
                0x00000000080035c8                HAL_PCD_EP_GetRxCount
 .text.HAL_PCD_EP_Transmit
                0x00000000080035f8       0x94 ./Drivers/STM32H7xx_HAL_Driver/Src/stm32h7xx_hal_pcd.o
                0x00000000080035f8                HAL_PCD_EP_Transmit
 .text.HAL_PCD_EP_SetStall
                0x000000000800368c       0xc8 ./Drivers/STM32H7xx_HAL_Driver/Src/stm32h7xx_hal_pcd.o
                0x000000000800368c                HAL_PCD_EP_SetStall
 .text.HAL_PCD_EP_ClrStall
                0x0000000008003754       0xac ./Drivers/STM32H7xx_HAL_Driver/Src/stm32h7xx_hal_pcd.o
                0x0000000008003754                HAL_PCD_EP_ClrStall
 .text.HAL_PCD_EP_Abort
                0x0000000008003800       0x62 ./Drivers/STM32H7xx_HAL_Driver/Src/stm32h7xx_hal_pcd.o
                0x0000000008003800                HAL_PCD_EP_Abort
 .text.PCD_WriteEmptyTxFifo
                0x0000000008003862      0x11a ./Drivers/STM32H7xx_HAL_Driver/Src/stm32h7xx_hal_pcd.o
 .text.PCD_EP_OutXfrComplete_int
                0x000000000800397c      0x1d0 ./Drivers/STM32H7xx_HAL_Driver/Src/stm32h7xx_hal_pcd.o
 .text.PCD_EP_OutSetupPacket_int
                0x0000000008003b4c       0x8c ./Drivers/STM32H7xx_HAL_Driver/Src/stm32h7xx_hal_pcd.o
 .text.HAL_PCDEx_SetTxFiFo
                0x0000000008003bd8       0x8e ./Drivers/STM32H7xx_HAL_Driver/Src/stm32h7xx_hal_pcd_ex.o
                0x0000000008003bd8                HAL_PCDEx_SetTxFiFo
 .text.HAL_PCDEx_SetRxFiFo
                0x0000000008003c66       0x22 ./Drivers/STM32H7xx_HAL_Driver/Src/stm32h7xx_hal_pcd_ex.o
                0x0000000008003c66                HAL_PCDEx_SetRxFiFo
 .text.HAL_PCDEx_ActivateLPM
                0x0000000008003c88       0x48 ./Drivers/STM32H7xx_HAL_Driver/Src/stm32h7xx_hal_pcd_ex.o
                0x0000000008003c88                HAL_PCDEx_ActivateLPM
 .text.HAL_PCDEx_LPM_Callback
                0x0000000008003cd0       0x18 ./Drivers/STM32H7xx_HAL_Driver/Src/stm32h7xx_hal_pcd_ex.o
                0x0000000008003cd0                HAL_PCDEx_LPM_Callback
 .text.HAL_PWREx_ConfigSupply
                0x0000000008003ce8       0x74 ./Drivers/STM32H7xx_HAL_Driver/Src/stm32h7xx_hal_pwr_ex.o
                0x0000000008003ce8                HAL_PWREx_ConfigSupply
 .text.HAL_PWREx_EnableUSBVoltageDetector
                0x0000000008003d5c       0x20 ./Drivers/STM32H7xx_HAL_Driver/Src/stm32h7xx_hal_pwr_ex.o
                0x0000000008003d5c                HAL_PWREx_EnableUSBVoltageDetector
 .text.HAL_RCC_OscConfig
                0x0000000008003d7c      0x75c ./Drivers/STM32H7xx_HAL_Driver/Src/stm32h7xx_hal_rcc.o
                0x0000000008003d7c                HAL_RCC_OscConfig
 .text.HAL_RCC_ClockConfig
                0x00000000080044d8      0x36c ./Drivers/STM32H7xx_HAL_Driver/Src/stm32h7xx_hal_rcc.o
                0x00000000080044d8                HAL_RCC_ClockConfig
 .text.HAL_RCC_GetSysClockFreq
                0x0000000008004844      0x2f4 ./Drivers/STM32H7xx_HAL_Driver/Src/stm32h7xx_hal_rcc.o
                0x0000000008004844                HAL_RCC_GetSysClockFreq
 .text.HAL_RCC_GetHCLKFreq
                0x0000000008004b38       0x60 ./Drivers/STM32H7xx_HAL_Driver/Src/stm32h7xx_hal_rcc.o
                0x0000000008004b38                HAL_RCC_GetHCLKFreq
 .text.HAL_RCCEx_PeriphCLKConfig
                0x0000000008004b98      0xdf4 ./Drivers/STM32H7xx_HAL_Driver/Src/stm32h7xx_hal_rcc_ex.o
                0x0000000008004b98                HAL_RCCEx_PeriphCLKConfig
 .text.RCCEx_PLL2_Config
                0x000000000800598c      0x164 ./Drivers/STM32H7xx_HAL_Driver/Src/stm32h7xx_hal_rcc_ex.o
 .text.RCCEx_PLL3_Config
                0x0000000008005af0      0x164 ./Drivers/STM32H7xx_HAL_Driver/Src/stm32h7xx_hal_rcc_ex.o
 .text.HAL_SPI_Init
                0x0000000008005c54      0x20c ./Drivers/STM32H7xx_HAL_Driver/Src/stm32h7xx_hal_spi.o
                0x0000000008005c54                HAL_SPI_Init
 .text.HAL_SPI_Transmit
                0x0000000008005e60      0x3e4 ./Drivers/STM32H7xx_HAL_Driver/Src/stm32h7xx_hal_spi.o
                0x0000000008005e60                HAL_SPI_Transmit
 .text.SPI_CloseTransfer
                0x0000000008006244      0x140 ./Drivers/STM32H7xx_HAL_Driver/Src/stm32h7xx_hal_spi.o
 .text.SPI_WaitOnFlagUntilTimeout
                0x0000000008006384       0x5c ./Drivers/STM32H7xx_HAL_Driver/Src/stm32h7xx_hal_spi.o
 .text.SPI_GetPacketSize
                0x00000000080063e0       0x36 ./Drivers/STM32H7xx_HAL_Driver/Src/stm32h7xx_hal_spi.o
 .text.HAL_TIM_Base_Init
                0x0000000008006416       0xae ./Drivers/STM32H7xx_HAL_Driver/Src/stm32h7xx_hal_tim.o
                0x0000000008006416                HAL_TIM_Base_Init
 .text.HAL_TIM_Base_Start_IT
                0x00000000080064c4      0x10c ./Drivers/STM32H7xx_HAL_Driver/Src/stm32h7xx_hal_tim.o
                0x00000000080064c4                HAL_TIM_Base_Start_IT
 .text.HAL_TIM_Base_Stop_IT
                0x00000000080065d0       0x5e ./Drivers/STM32H7xx_HAL_Driver/Src/stm32h7xx_hal_tim.o
                0x00000000080065d0                HAL_TIM_Base_Stop_IT
 .text.HAL_TIM_IRQHandler
                0x000000000800662e      0x23e ./Drivers/STM32H7xx_HAL_Driver/Src/stm32h7xx_hal_tim.o
                0x000000000800662e                HAL_TIM_IRQHandler
 .text.HAL_TIM_ConfigClockSource
                0x000000000800686c      0x1f0 ./Drivers/STM32H7xx_HAL_Driver/Src/stm32h7xx_hal_tim.o
                0x000000000800686c                HAL_TIM_ConfigClockSource
 .text.HAL_TIM_OC_DelayElapsedCallback
                0x0000000008006a5c       0x14 ./Drivers/STM32H7xx_HAL_Driver/Src/stm32h7xx_hal_tim.o
                0x0000000008006a5c                HAL_TIM_OC_DelayElapsedCallback
 .text.HAL_TIM_IC_CaptureCallback
                0x0000000008006a70       0x14 ./Drivers/STM32H7xx_HAL_Driver/Src/stm32h7xx_hal_tim.o
                0x0000000008006a70                HAL_TIM_IC_CaptureCallback
 .text.HAL_TIM_PWM_PulseFinishedCallback
                0x0000000008006a84       0x14 ./Drivers/STM32H7xx_HAL_Driver/Src/stm32h7xx_hal_tim.o
                0x0000000008006a84                HAL_TIM_PWM_PulseFinishedCallback
 .text.HAL_TIM_TriggerCallback
                0x0000000008006a98       0x14 ./Drivers/STM32H7xx_HAL_Driver/Src/stm32h7xx_hal_tim.o
                0x0000000008006a98                HAL_TIM_TriggerCallback
 .text.TIM_Base_SetConfig
                0x0000000008006aac      0x14c ./Drivers/STM32H7xx_HAL_Driver/Src/stm32h7xx_hal_tim.o
                0x0000000008006aac                TIM_Base_SetConfig
 .text.TIM_TI1_ConfigInputStage
                0x0000000008006bf8       0x5e ./Drivers/STM32H7xx_HAL_Driver/Src/stm32h7xx_hal_tim.o
 .text.TIM_TI2_ConfigInputStage
                0x0000000008006c56       0x60 ./Drivers/STM32H7xx_HAL_Driver/Src/stm32h7xx_hal_tim.o
 *fill*         0x0000000008006cb6        0x2 
 .text.TIM_ITRx_SetConfig
                0x0000000008006cb8       0x3c ./Drivers/STM32H7xx_HAL_Driver/Src/stm32h7xx_hal_tim.o
 .text.TIM_ETR_SetConfig
                0x0000000008006cf4       0x40 ./Drivers/STM32H7xx_HAL_Driver/Src/stm32h7xx_hal_tim.o
                0x0000000008006cf4                TIM_ETR_SetConfig
 .text.HAL_TIMEx_MasterConfigSynchronization
                0x0000000008006d34      0x138 ./Drivers/STM32H7xx_HAL_Driver/Src/stm32h7xx_hal_tim_ex.o
                0x0000000008006d34                HAL_TIMEx_MasterConfigSynchronization
 .text.HAL_TIMEx_CommutCallback
                0x0000000008006e6c       0x14 ./Drivers/STM32H7xx_HAL_Driver/Src/stm32h7xx_hal_tim_ex.o
                0x0000000008006e6c                HAL_TIMEx_CommutCallback
 .text.HAL_TIMEx_BreakCallback
                0x0000000008006e80       0x14 ./Drivers/STM32H7xx_HAL_Driver/Src/stm32h7xx_hal_tim_ex.o
                0x0000000008006e80                HAL_TIMEx_BreakCallback
 .text.HAL_TIMEx_Break2Callback
                0x0000000008006e94       0x14 ./Drivers/STM32H7xx_HAL_Driver/Src/stm32h7xx_hal_tim_ex.o
                0x0000000008006e94                HAL_TIMEx_Break2Callback
 .text.USB_CoreInit
                0x0000000008006ea8       0xdc ./Drivers/STM32H7xx_HAL_Driver/Src/stm32h7xx_ll_usb.o
                0x0000000008006ea8                USB_CoreInit
 .text.USB_SetTurnaroundTime
                0x0000000008006f84      0x144 ./Drivers/STM32H7xx_HAL_Driver/Src/stm32h7xx_ll_usb.o
                0x0000000008006f84                USB_SetTurnaroundTime
 .text.USB_EnableGlobalInt
                0x00000000080070c8       0x22 ./Drivers/STM32H7xx_HAL_Driver/Src/stm32h7xx_ll_usb.o
                0x00000000080070c8                USB_EnableGlobalInt
 .text.USB_DisableGlobalInt
                0x00000000080070ea       0x22 ./Drivers/STM32H7xx_HAL_Driver/Src/stm32h7xx_ll_usb.o
                0x00000000080070ea                USB_DisableGlobalInt
 .text.USB_SetCurrentMode
                0x000000000800710c       0x98 ./Drivers/STM32H7xx_HAL_Driver/Src/stm32h7xx_ll_usb.o
                0x000000000800710c                USB_SetCurrentMode
 .text.USB_DevInit
                0x00000000080071a4      0x2bc ./Drivers/STM32H7xx_HAL_Driver/Src/stm32h7xx_ll_usb.o
                0x00000000080071a4                USB_DevInit
 .text.USB_FlushTxFifo
                0x0000000008007460       0x68 ./Drivers/STM32H7xx_HAL_Driver/Src/stm32h7xx_ll_usb.o
                0x0000000008007460                USB_FlushTxFifo
 .text.USB_FlushRxFifo
                0x00000000080074c8       0x60 ./Drivers/STM32H7xx_HAL_Driver/Src/stm32h7xx_ll_usb.o
                0x00000000080074c8                USB_FlushRxFifo
 .text.USB_SetDevSpeed
                0x0000000008007528       0x32 ./Drivers/STM32H7xx_HAL_Driver/Src/stm32h7xx_ll_usb.o
                0x0000000008007528                USB_SetDevSpeed
 .text.USB_GetDevSpeed
                0x000000000800755a       0x4a ./Drivers/STM32H7xx_HAL_Driver/Src/stm32h7xx_ll_usb.o
                0x000000000800755a                USB_GetDevSpeed
 .text.USB_ActivateEndpoint
                0x00000000080075a4      0x110 ./Drivers/STM32H7xx_HAL_Driver/Src/stm32h7xx_ll_usb.o
                0x00000000080075a4                USB_ActivateEndpoint
 .text.USB_DeactivateEndpoint
                0x00000000080076b4      0x1b8 ./Drivers/STM32H7xx_HAL_Driver/Src/stm32h7xx_ll_usb.o
                0x00000000080076b4                USB_DeactivateEndpoint
 .text.USB_EPStartXfer
                0x000000000800786c      0x4a0 ./Drivers/STM32H7xx_HAL_Driver/Src/stm32h7xx_ll_usb.o
                0x000000000800786c                USB_EPStartXfer
 .text.USB_EP0StartXfer
                0x0000000008007d0c      0x2b8 ./Drivers/STM32H7xx_HAL_Driver/Src/stm32h7xx_ll_usb.o
                0x0000000008007d0c                USB_EP0StartXfer
 .text.USB_EPStopXfer
                0x0000000008007fc4      0x154 ./Drivers/STM32H7xx_HAL_Driver/Src/stm32h7xx_ll_usb.o
                0x0000000008007fc4                USB_EPStopXfer
 .text.USB_WritePacket
                0x0000000008008118       0x7c ./Drivers/STM32H7xx_HAL_Driver/Src/stm32h7xx_ll_usb.o
                0x0000000008008118                USB_WritePacket
 .text.USB_ReadPacket
                0x0000000008008194       0xb0 ./Drivers/STM32H7xx_HAL_Driver/Src/stm32h7xx_ll_usb.o
                0x0000000008008194                USB_ReadPacket
 .text.USB_EPSetStall
                0x0000000008008244       0xdc ./Drivers/STM32H7xx_HAL_Driver/Src/stm32h7xx_ll_usb.o
                0x0000000008008244                USB_EPSetStall
 .text.USB_EPClearStall
                0x0000000008008320       0xcc ./Drivers/STM32H7xx_HAL_Driver/Src/stm32h7xx_ll_usb.o
                0x0000000008008320                USB_EPClearStall
 .text.USB_SetDevAddress
                0x00000000080083ec       0x4c ./Drivers/STM32H7xx_HAL_Driver/Src/stm32h7xx_ll_usb.o
                0x00000000080083ec                USB_SetDevAddress
 .text.USB_DevConnect
                0x0000000008008438       0x42 ./Drivers/STM32H7xx_HAL_Driver/Src/stm32h7xx_ll_usb.o
                0x0000000008008438                USB_DevConnect
 .text.USB_DevDisconnect
                0x000000000800847a       0x42 ./Drivers/STM32H7xx_HAL_Driver/Src/stm32h7xx_ll_usb.o
                0x000000000800847a                USB_DevDisconnect
 .text.USB_ReadInterrupts
                0x00000000080084bc       0x26 ./Drivers/STM32H7xx_HAL_Driver/Src/stm32h7xx_ll_usb.o
                0x00000000080084bc                USB_ReadInterrupts
 .text.USB_ReadDevAllOutEpInterrupt
                0x00000000080084e2       0x34 ./Drivers/STM32H7xx_HAL_Driver/Src/stm32h7xx_ll_usb.o
                0x00000000080084e2                USB_ReadDevAllOutEpInterrupt
 .text.USB_ReadDevAllInEpInterrupt
                0x0000000008008516       0x34 ./Drivers/STM32H7xx_HAL_Driver/Src/stm32h7xx_ll_usb.o
                0x0000000008008516                USB_ReadDevAllInEpInterrupt
 .text.USB_ReadDevOutEPInterrupt
                0x000000000800854a       0x3c ./Drivers/STM32H7xx_HAL_Driver/Src/stm32h7xx_ll_usb.o
                0x000000000800854a                USB_ReadDevOutEPInterrupt
 .text.USB_ReadDevInEPInterrupt
                0x0000000008008586       0x5c ./Drivers/STM32H7xx_HAL_Driver/Src/stm32h7xx_ll_usb.o
                0x0000000008008586                USB_ReadDevInEPInterrupt
 .text.USB_GetMode
                0x00000000080085e2       0x1c ./Drivers/STM32H7xx_HAL_Driver/Src/stm32h7xx_ll_usb.o
                0x00000000080085e2                USB_GetMode
 *fill*         0x00000000080085fe        0x2 
 .text.USB_ActivateSetup
                0x0000000008008600       0x48 ./Drivers/STM32H7xx_HAL_Driver/Src/stm32h7xx_ll_usb.o
                0x0000000008008600                USB_ActivateSetup
 .text.USB_EP0_OutStart
                0x0000000008008648       0xbc ./Drivers/STM32H7xx_HAL_Driver/Src/stm32h7xx_ll_usb.o
                0x0000000008008648                USB_EP0_OutStart
 .text.USB_CoreReset
                0x0000000008008704       0x68 ./Drivers/STM32H7xx_HAL_Driver/Src/stm32h7xx_ll_usb.o
 .text.USBD_CDC_Init
                0x000000000800876c      0x1f0 ./Middlewares/ST/STM32_USB_Device_Library/Class/CDC/Src/usbd_cdc.o
 .text.USBD_CDC_DeInit
                0x000000000800895c      0x104 ./Middlewares/ST/STM32_USB_Device_Library/Class/CDC/Src/usbd_cdc.o
 .text.USBD_CDC_Setup
                0x0000000008008a60      0x1b8 ./Middlewares/ST/STM32_USB_Device_Library/Class/CDC/Src/usbd_cdc.o
 .text.USBD_CDC_DataIn
                0x0000000008008c18       0xfe ./Middlewares/ST/STM32_USB_Device_Library/Class/CDC/Src/usbd_cdc.o
 .text.USBD_CDC_DataOut
                0x0000000008008d16       0x70 ./Middlewares/ST/STM32_USB_Device_Library/Class/CDC/Src/usbd_cdc.o
 .text.USBD_CDC_EP0_RxReady
                0x0000000008008d86       0x76 ./Middlewares/ST/STM32_USB_Device_Library/Class/CDC/Src/usbd_cdc.o
 .text.USBD_CDC_GetFSCfgDesc
                0x0000000008008dfc       0x70 ./Middlewares/ST/STM32_USB_Device_Library/Class/CDC/Src/usbd_cdc.o
 .text.USBD_CDC_GetHSCfgDesc
                0x0000000008008e6c       0x70 ./Middlewares/ST/STM32_USB_Device_Library/Class/CDC/Src/usbd_cdc.o
 .text.USBD_CDC_GetOtherSpeedCfgDesc
                0x0000000008008edc       0x70 ./Middlewares/ST/STM32_USB_Device_Library/Class/CDC/Src/usbd_cdc.o
 .text.USBD_CDC_GetDeviceQualifierDescriptor
                0x0000000008008f4c       0x20 ./Middlewares/ST/STM32_USB_Device_Library/Class/CDC/Src/usbd_cdc.o
                0x0000000008008f4c                USBD_CDC_GetDeviceQualifierDescriptor
 .text.USBD_CDC_RegisterInterface
                0x0000000008008f6c       0x34 ./Middlewares/ST/STM32_USB_Device_Library/Class/CDC/Src/usbd_cdc.o
                0x0000000008008f6c                USBD_CDC_RegisterInterface
 .text.USBD_CDC_SetTxBuffer
                0x0000000008008fa0       0x44 ./Middlewares/ST/STM32_USB_Device_Library/Class/CDC/Src/usbd_cdc.o
                0x0000000008008fa0                USBD_CDC_SetTxBuffer
 .text.USBD_CDC_SetRxBuffer
                0x0000000008008fe4       0x3a ./Middlewares/ST/STM32_USB_Device_Library/Class/CDC/Src/usbd_cdc.o
                0x0000000008008fe4                USBD_CDC_SetRxBuffer
 *fill*         0x000000000800901e        0x2 
 .text.USBD_CDC_TransmitPacket
                0x0000000008009020       0x8c ./Middlewares/ST/STM32_USB_Device_Library/Class/CDC/Src/usbd_cdc.o
                0x0000000008009020                USBD_CDC_TransmitPacket
 .text.USBD_CDC_ReceivePacket
                0x00000000080090ac       0x6c ./Middlewares/ST/STM32_USB_Device_Library/Class/CDC/Src/usbd_cdc.o
                0x00000000080090ac                USBD_CDC_ReceivePacket
 .text.USBD_Init
                0x0000000008009118       0x60 ./Middlewares/ST/STM32_USB_Device_Library/Core/Src/usbd_core.o
                0x0000000008009118                USBD_Init
 .text.USBD_RegisterClass
                0x0000000008009178       0x6c ./Middlewares/ST/STM32_USB_Device_Library/Core/Src/usbd_core.o
                0x0000000008009178                USBD_RegisterClass
 .text.USBD_Start
                0x00000000080091e4       0x18 ./Middlewares/ST/STM32_USB_Device_Library/Core/Src/usbd_core.o
                0x00000000080091e4                USBD_Start
 .text.USBD_RunTestMode
                0x00000000080091fc       0x16 ./Middlewares/ST/STM32_USB_Device_Library/Core/Src/usbd_core.o
                0x00000000080091fc                USBD_RunTestMode
 .text.USBD_SetClassConfig
                0x0000000008009212       0x38 ./Middlewares/ST/STM32_USB_Device_Library/Core/Src/usbd_core.o
                0x0000000008009212                USBD_SetClassConfig
 .text.USBD_ClrClassConfig
                0x000000000800924a       0x34 ./Middlewares/ST/STM32_USB_Device_Library/Core/Src/usbd_core.o
                0x000000000800924a                USBD_ClrClassConfig
 .text.USBD_LL_SetupStage
                0x000000000800927e       0xaa ./Middlewares/ST/STM32_USB_Device_Library/Core/Src/usbd_core.o
                0x000000000800927e                USBD_LL_SetupStage
 .text.USBD_LL_DataOutStage
                0x0000000008009328      0x166 ./Middlewares/ST/STM32_USB_Device_Library/Core/Src/usbd_core.o
                0x0000000008009328                USBD_LL_DataOutStage
 .text.USBD_LL_DataInStage
                0x000000000800948e      0x164 ./Middlewares/ST/STM32_USB_Device_Library/Core/Src/usbd_core.o
                0x000000000800948e                USBD_LL_DataInStage
 .text.USBD_LL_Reset
                0x00000000080095f2       0xa4 ./Middlewares/ST/STM32_USB_Device_Library/Core/Src/usbd_core.o
                0x00000000080095f2                USBD_LL_Reset
 .text.USBD_LL_SetSpeed
                0x0000000008009696       0x20 ./Middlewares/ST/STM32_USB_Device_Library/Core/Src/usbd_core.o
                0x0000000008009696                USBD_LL_SetSpeed
 .text.USBD_LL_Suspend
                0x00000000080096b6       0x2c ./Middlewares/ST/STM32_USB_Device_Library/Core/Src/usbd_core.o
                0x00000000080096b6                USBD_LL_Suspend
 .text.USBD_LL_Resume
                0x00000000080096e2       0x30 ./Middlewares/ST/STM32_USB_Device_Library/Core/Src/usbd_core.o
                0x00000000080096e2                USBD_LL_Resume
 .text.USBD_LL_SOF
                0x0000000008009712       0x40 ./Middlewares/ST/STM32_USB_Device_Library/Core/Src/usbd_core.o
                0x0000000008009712                USBD_LL_SOF
 .text.USBD_LL_IsoINIncomplete
                0x0000000008009752       0x64 ./Middlewares/ST/STM32_USB_Device_Library/Core/Src/usbd_core.o
                0x0000000008009752                USBD_LL_IsoINIncomplete
 .text.USBD_LL_IsoOUTIncomplete
                0x00000000080097b6       0x64 ./Middlewares/ST/STM32_USB_Device_Library/Core/Src/usbd_core.o
                0x00000000080097b6                USBD_LL_IsoOUTIncomplete
 .text.USBD_LL_DevConnected
                0x000000000800981a       0x16 ./Middlewares/ST/STM32_USB_Device_Library/Core/Src/usbd_core.o
                0x000000000800981a                USBD_LL_DevConnected
 .text.USBD_LL_DevDisconnected
                0x0000000008009830       0x46 ./Middlewares/ST/STM32_USB_Device_Library/Core/Src/usbd_core.o
                0x0000000008009830                USBD_LL_DevDisconnected
 .text.USBD_CoreFindIF
                0x0000000008009876       0x1a ./Middlewares/ST/STM32_USB_Device_Library/Core/Src/usbd_core.o
                0x0000000008009876                USBD_CoreFindIF
 .text.USBD_CoreFindEP
                0x0000000008009890       0x1a ./Middlewares/ST/STM32_USB_Device_Library/Core/Src/usbd_core.o
                0x0000000008009890                USBD_CoreFindEP
 .text.USBD_GetEpDesc
                0x00000000080098aa       0x74 ./Middlewares/ST/STM32_USB_Device_Library/Core/Src/usbd_core.o
                0x00000000080098aa                USBD_GetEpDesc
 .text.USBD_GetNextDesc
                0x000000000800991e       0x3a ./Middlewares/ST/STM32_USB_Device_Library/Core/Src/usbd_core.o
                0x000000000800991e                USBD_GetNextDesc
 .text.SWAPBYTE
                0x0000000008009958       0x3c ./Middlewares/ST/STM32_USB_Device_Library/Core/Src/usbd_ctlreq.o
 .text.USBD_StdDevReq
                0x0000000008009994       0xe4 ./Middlewares/ST/STM32_USB_Device_Library/Core/Src/usbd_ctlreq.o
                0x0000000008009994                USBD_StdDevReq
 .text.USBD_StdItfReq
                0x0000000008009a78       0xd8 ./Middlewares/ST/STM32_USB_Device_Library/Core/Src/usbd_ctlreq.o
                0x0000000008009a78                USBD_StdItfReq
 .text.USBD_StdEPReq
                0x0000000008009b50      0x33a ./Middlewares/ST/STM32_USB_Device_Library/Core/Src/usbd_ctlreq.o
                0x0000000008009b50                USBD_StdEPReq
 *fill*         0x0000000008009e8a        0x2 
 .text.USBD_GetDescriptor
                0x0000000008009e8c      0x2d4 ./Middlewares/ST/STM32_USB_Device_Library/Core/Src/usbd_ctlreq.o
 .text.USBD_SetAddress
                0x000000000800a160       0x88 ./Middlewares/ST/STM32_USB_Device_Library/Core/Src/usbd_ctlreq.o
 .text.USBD_SetConfig
                0x000000000800a1e8      0x154 ./Middlewares/ST/STM32_USB_Device_Library/Core/Src/usbd_ctlreq.o
 .text.USBD_GetConfig
                0x000000000800a33c       0x6c ./Middlewares/ST/STM32_USB_Device_Library/Core/Src/usbd_ctlreq.o
 .text.USBD_GetStatus
                0x000000000800a3a8       0x68 ./Middlewares/ST/STM32_USB_Device_Library/Core/Src/usbd_ctlreq.o
 .text.USBD_SetFeature
                0x000000000800a410       0x52 ./Middlewares/ST/STM32_USB_Device_Library/Core/Src/usbd_ctlreq.o
 .text.USBD_ClrFeature
                0x000000000800a462       0x44 ./Middlewares/ST/STM32_USB_Device_Library/Core/Src/usbd_ctlreq.o
 .text.USBD_ParseSetupRequest
                0x000000000800a4a6       0x74 ./Middlewares/ST/STM32_USB_Device_Library/Core/Src/usbd_ctlreq.o
                0x000000000800a4a6                USBD_ParseSetupRequest
 .text.USBD_CtlError
                0x000000000800a51a       0x22 ./Middlewares/ST/STM32_USB_Device_Library/Core/Src/usbd_ctlreq.o
                0x000000000800a51a                USBD_CtlError
 .text.USBD_GetString
                0x000000000800a53c       0x8c ./Middlewares/ST/STM32_USB_Device_Library/Core/Src/usbd_ctlreq.o
                0x000000000800a53c                USBD_GetString
 .text.USBD_GetLen
                0x000000000800a5c8       0x34 ./Middlewares/ST/STM32_USB_Device_Library/Core/Src/usbd_ctlreq.o
 .text.USBD_CtlSendData
                0x000000000800a5fc       0x36 ./Middlewares/ST/STM32_USB_Device_Library/Core/Src/usbd_ioreq.o
                0x000000000800a5fc                USBD_CtlSendData
 .text.USBD_CtlContinueSendData
                0x000000000800a632       0x22 ./Middlewares/ST/STM32_USB_Device_Library/Core/Src/usbd_ioreq.o
                0x000000000800a632                USBD_CtlContinueSendData
 .text.USBD_CtlPrepareRx
                0x000000000800a654       0x3a ./Middlewares/ST/STM32_USB_Device_Library/Core/Src/usbd_ioreq.o
                0x000000000800a654                USBD_CtlPrepareRx
 .text.USBD_CtlContinueRx
                0x000000000800a68e       0x22 ./Middlewares/ST/STM32_USB_Device_Library/Core/Src/usbd_ioreq.o
                0x000000000800a68e                USBD_CtlContinueRx
 .text.USBD_CtlSendStatus
                0x000000000800a6b0       0x26 ./Middlewares/ST/STM32_USB_Device_Library/Core/Src/usbd_ioreq.o
                0x000000000800a6b0                USBD_CtlSendStatus
 .text.USBD_CtlReceiveStatus
                0x000000000800a6d6       0x26 ./Middlewares/ST/STM32_USB_Device_Library/Core/Src/usbd_ioreq.o
                0x000000000800a6d6                USBD_CtlReceiveStatus
 .text.MX_USB_DEVICE_Init
                0x000000000800a6fc       0x64 ./USB_DEVICE/App/usb_device.o
                0x000000000800a6fc                MX_USB_DEVICE_Init
 .text.CDC_Init_HS
                0x000000000800a760       0x28 ./USB_DEVICE/App/usbd_cdc_if.o
 .text.CDC_DeInit_HS
                0x000000000800a788       0x10 ./USB_DEVICE/App/usbd_cdc_if.o
 .text.CDC_Control_HS
                0x000000000800a798       0xbc ./USB_DEVICE/App/usbd_cdc_if.o
 .text.CDC_Receive_HS
                0x000000000800a854       0x54 ./USB_DEVICE/App/usbd_cdc_if.o
 .text.CDC_Transmit_HS
                0x000000000800a8a8       0x4c ./USB_DEVICE/App/usbd_cdc_if.o
                0x000000000800a8a8                CDC_Transmit_HS
 .text.CDC_TransmitCplt_HS
                0x000000000800a8f4       0x22 ./USB_DEVICE/App/usbd_cdc_if.o
 *fill*         0x000000000800a916        0x2 
 .text.USBD_HS_DeviceDescriptor
                0x000000000800a918       0x24 ./USB_DEVICE/App/usbd_desc.o
                0x000000000800a918                USBD_HS_DeviceDescriptor
 .text.USBD_HS_LangIDStrDescriptor
                0x000000000800a93c       0x24 ./USB_DEVICE/App/usbd_desc.o
                0x000000000800a93c                USBD_HS_LangIDStrDescriptor
 .text.USBD_HS_ProductStrDescriptor
                0x000000000800a960       0x3c ./USB_DEVICE/App/usbd_desc.o
                0x000000000800a960                USBD_HS_ProductStrDescriptor
 .text.USBD_HS_ManufacturerStrDescriptor
                0x000000000800a99c       0x28 ./USB_DEVICE/App/usbd_desc.o
                0x000000000800a99c                USBD_HS_ManufacturerStrDescriptor
 .text.USBD_HS_SerialStrDescriptor
                0x000000000800a9c4       0x24 ./USB_DEVICE/App/usbd_desc.o
                0x000000000800a9c4                USBD_HS_SerialStrDescriptor
 .text.USBD_HS_ConfigStrDescriptor
                0x000000000800a9e8       0x3c ./USB_DEVICE/App/usbd_desc.o
                0x000000000800a9e8                USBD_HS_ConfigStrDescriptor
 .text.USBD_HS_InterfaceStrDescriptor
                0x000000000800aa24       0x3c ./USB_DEVICE/App/usbd_desc.o
                0x000000000800aa24                USBD_HS_InterfaceStrDescriptor
 .text.Get_SerialNum
                0x000000000800aa60       0x58 ./USB_DEVICE/App/usbd_desc.o
 .text.IntToUnicode
                0x000000000800aab8       0x7e ./USB_DEVICE/App/usbd_desc.o
 *fill*         0x000000000800ab36        0x2 
 .text.HAL_PCD_MspInit
                0x000000000800ab38       0xe4 ./USB_DEVICE/Target/usbd_conf.o
                0x000000000800ab38                HAL_PCD_MspInit
 .text.HAL_PCD_SetupStageCallback
                0x000000000800ac1c       0x24 ./USB_DEVICE/Target/usbd_conf.o
                0x000000000800ac1c                HAL_PCD_SetupStageCallback
 .text.HAL_PCD_DataOutStageCallback
                0x000000000800ac40       0x36 ./USB_DEVICE/Target/usbd_conf.o
                0x000000000800ac40                HAL_PCD_DataOutStageCallback
 .text.HAL_PCD_DataInStageCallback
                0x000000000800ac76       0x34 ./USB_DEVICE/Target/usbd_conf.o
                0x000000000800ac76                HAL_PCD_DataInStageCallback
 .text.HAL_PCD_SOFCallback
                0x000000000800acaa       0x1c ./USB_DEVICE/Target/usbd_conf.o
                0x000000000800acaa                HAL_PCD_SOFCallback
 .text.HAL_PCD_ResetCallback
                0x000000000800acc6       0x50 ./USB_DEVICE/Target/usbd_conf.o
                0x000000000800acc6                HAL_PCD_ResetCallback
 *fill*         0x000000000800ad16        0x2 
 .text.HAL_PCD_SuspendCallback
                0x000000000800ad18       0x4c ./USB_DEVICE/Target/usbd_conf.o
                0x000000000800ad18                HAL_PCD_SuspendCallback
 .text.HAL_PCD_ResumeCallback
                0x000000000800ad64       0x1c ./USB_DEVICE/Target/usbd_conf.o
                0x000000000800ad64                HAL_PCD_ResumeCallback
 .text.HAL_PCD_ISOOUTIncompleteCallback
                0x000000000800ad80       0x24 ./USB_DEVICE/Target/usbd_conf.o
                0x000000000800ad80                HAL_PCD_ISOOUTIncompleteCallback
 .text.HAL_PCD_ISOINIncompleteCallback
                0x000000000800ada4       0x24 ./USB_DEVICE/Target/usbd_conf.o
                0x000000000800ada4                HAL_PCD_ISOINIncompleteCallback
 .text.HAL_PCD_ConnectCallback
                0x000000000800adc8       0x1c ./USB_DEVICE/Target/usbd_conf.o
                0x000000000800adc8                HAL_PCD_ConnectCallback
 .text.HAL_PCD_DisconnectCallback
                0x000000000800ade4       0x1c ./USB_DEVICE/Target/usbd_conf.o
                0x000000000800ade4                HAL_PCD_DisconnectCallback
 .text.USBD_LL_Init
                0x000000000800ae00       0xa4 ./USB_DEVICE/Target/usbd_conf.o
                0x000000000800ae00                USBD_LL_Init
 .text.USBD_LL_Start
                0x000000000800aea4       0x36 ./USB_DEVICE/Target/usbd_conf.o
                0x000000000800aea4                USBD_LL_Start
 .text.USBD_LL_OpenEP
                0x000000000800aeda       0x4c ./USB_DEVICE/Target/usbd_conf.o
                0x000000000800aeda                USBD_LL_OpenEP
 .text.USBD_LL_CloseEP
                0x000000000800af26       0x3e ./USB_DEVICE/Target/usbd_conf.o
                0x000000000800af26                USBD_LL_CloseEP
 .text.USBD_LL_StallEP
                0x000000000800af64       0x3e ./USB_DEVICE/Target/usbd_conf.o
                0x000000000800af64                USBD_LL_StallEP
 .text.USBD_LL_ClearStallEP
                0x000000000800afa2       0x3e ./USB_DEVICE/Target/usbd_conf.o
                0x000000000800afa2                USBD_LL_ClearStallEP
 .text.USBD_LL_IsStallEP
                0x000000000800afe0       0x58 ./USB_DEVICE/Target/usbd_conf.o
                0x000000000800afe0                USBD_LL_IsStallEP
 .text.USBD_LL_SetUSBAddress
                0x000000000800b038       0x3e ./USB_DEVICE/Target/usbd_conf.o
                0x000000000800b038                USBD_LL_SetUSBAddress
 .text.USBD_LL_Transmit
                0x000000000800b076       0x42 ./USB_DEVICE/Target/usbd_conf.o
                0x000000000800b076                USBD_LL_Transmit
 .text.USBD_LL_PrepareReceive
                0x000000000800b0b8       0x42 ./USB_DEVICE/Target/usbd_conf.o
                0x000000000800b0b8                USBD_LL_PrepareReceive
 .text.USBD_LL_GetRxDataSize
                0x000000000800b0fa       0x26 ./USB_DEVICE/Target/usbd_conf.o
                0x000000000800b0fa                USBD_LL_GetRxDataSize
 .text.USBD_static_malloc
                0x000000000800b120       0x1c ./USB_DEVICE/Target/usbd_conf.o
                0x000000000800b120                USBD_static_malloc
 .text.USBD_static_free
                0x000000000800b13c       0x14 ./USB_DEVICE/Target/usbd_conf.o
                0x000000000800b13c                USBD_static_free
 .text.USBD_Get_USB_Status
                0x000000000800b150       0x58 ./USB_DEVICE/Target/usbd_conf.o
                0x000000000800b150                USBD_Get_USB_Status
 .text.atoi     0x000000000800b1a8        0x8 /Applications/STM32CubeIDE.app/Contents/Eclipse/plugins/com.st.stm32cube.ide.mcu.externaltools.gnu-tools-for-stm32.10.3-2021.10.macos64_1.0.0.202111181127/tools/bin/../lib/gcc/arm-none-eabi/10.3.1/../../../../arm-none-eabi/lib/thumb/v7e-m+dp/hard/libc_nano.a(lib_a-atoi.o)
                0x000000000800b1a8                atoi
 .text.__errno  0x000000000800b1b0        0xc /Applications/STM32CubeIDE.app/Contents/Eclipse/plugins/com.st.stm32cube.ide.mcu.externaltools.gnu-tools-for-stm32.10.3-2021.10.macos64_1.0.0.202111181127/tools/bin/../lib/gcc/arm-none-eabi/10.3.1/../../../../arm-none-eabi/lib/thumb/v7e-m+dp/hard/libc_nano.a(lib_a-errno.o)
                0x000000000800b1b0                __errno
 .text.__libc_init_array
                0x000000000800b1bc       0x48 /Applications/STM32CubeIDE.app/Contents/Eclipse/plugins/com.st.stm32cube.ide.mcu.externaltools.gnu-tools-for-stm32.10.3-2021.10.macos64_1.0.0.202111181127/tools/bin/../lib/gcc/arm-none-eabi/10.3.1/../../../../arm-none-eabi/lib/thumb/v7e-m+dp/hard/libc_nano.a(lib_a-init.o)
                0x000000000800b1bc                __libc_init_array
 .text.memcpy   0x000000000800b204       0x1c /Applications/STM32CubeIDE.app/Contents/Eclipse/plugins/com.st.stm32cube.ide.mcu.externaltools.gnu-tools-for-stm32.10.3-2021.10.macos64_1.0.0.202111181127/tools/bin/../lib/gcc/arm-none-eabi/10.3.1/../../../../arm-none-eabi/lib/thumb/v7e-m+dp/hard/libc_nano.a(lib_a-memcpy-stub.o)
                0x000000000800b204                memcpy
 .text.memset   0x000000000800b220       0x10 /Applications/STM32CubeIDE.app/Contents/Eclipse/plugins/com.st.stm32cube.ide.mcu.externaltools.gnu-tools-for-stm32.10.3-2021.10.macos64_1.0.0.202111181127/tools/bin/../lib/gcc/arm-none-eabi/10.3.1/../../../../arm-none-eabi/lib/thumb/v7e-m+dp/hard/libc_nano.a(lib_a-memset.o)
                0x000000000800b220                memset
 .text.sprintf  0x000000000800b230       0x40 /Applications/STM32CubeIDE.app/Contents/Eclipse/plugins/com.st.stm32cube.ide.mcu.externaltools.gnu-tools-for-stm32.10.3-2021.10.macos64_1.0.0.202111181127/tools/bin/../lib/gcc/arm-none-eabi/10.3.1/../../../../arm-none-eabi/lib/thumb/v7e-m+dp/hard/libc_nano.a(lib_a-sprintf.o)
                0x000000000800b230                sprintf
                0x000000000800b230                siprintf
 .text.strtok   0x000000000800b270       0x68 /Applications/STM32CubeIDE.app/Contents/Eclipse/plugins/com.st.stm32cube.ide.mcu.externaltools.gnu-tools-for-stm32.10.3-2021.10.macos64_1.0.0.202111181127/tools/bin/../lib/gcc/arm-none-eabi/10.3.1/../../../../arm-none-eabi/lib/thumb/v7e-m+dp/hard/libc_nano.a(lib_a-strtok.o)
                0x000000000800b270                strtok
 .text.__strtok_r
                0x000000000800b2d8       0x50 /Applications/STM32CubeIDE.app/Contents/Eclipse/plugins/com.st.stm32cube.ide.mcu.externaltools.gnu-tools-for-stm32.10.3-2021.10.macos64_1.0.0.202111181127/tools/bin/../lib/gcc/arm-none-eabi/10.3.1/../../../../arm-none-eabi/lib/thumb/v7e-m+dp/hard/libc_nano.a(lib_a-strtok_r.o)
                0x000000000800b2d8                __strtok_r
 .text._strtol_l.constprop.0
                0x000000000800b328      0x104 /Applications/STM32CubeIDE.app/Contents/Eclipse/plugins/com.st.stm32cube.ide.mcu.externaltools.gnu-tools-for-stm32.10.3-2021.10.macos64_1.0.0.202111181127/tools/bin/../lib/gcc/arm-none-eabi/10.3.1/../../../../arm-none-eabi/lib/thumb/v7e-m+dp/hard/libc_nano.a(lib_a-strtol.o)
 .text.strtol   0x000000000800b42c       0x14 /Applications/STM32CubeIDE.app/Contents/Eclipse/plugins/com.st.stm32cube.ide.mcu.externaltools.gnu-tools-for-stm32.10.3-2021.10.macos64_1.0.0.202111181127/tools/bin/../lib/gcc/arm-none-eabi/10.3.1/../../../../arm-none-eabi/lib/thumb/v7e-m+dp/hard/libc_nano.a(lib_a-strtol.o)
                0x000000000800b42c                strtol
 .text.__assert_func
                0x000000000800b440       0x3c /Applications/STM32CubeIDE.app/Contents/Eclipse/plugins/com.st.stm32cube.ide.mcu.externaltools.gnu-tools-for-stm32.10.3-2021.10.macos64_1.0.0.202111181127/tools/bin/../lib/gcc/arm-none-eabi/10.3.1/../../../../arm-none-eabi/lib/thumb/v7e-m+dp/hard/libc_nano.a(lib_a-assert.o)
                0x000000000800b440                __assert_func
 .text.fprintf  0x000000000800b47c       0x24 /Applications/STM32CubeIDE.app/Contents/Eclipse/plugins/com.st.stm32cube.ide.mcu.externaltools.gnu-tools-for-stm32.10.3-2021.10.macos64_1.0.0.202111181127/tools/bin/../lib/gcc/arm-none-eabi/10.3.1/../../../../arm-none-eabi/lib/thumb/v7e-m+dp/hard/libc_nano.a(lib_a-fprintf.o)
                0x000000000800b47c                fprintf
                0x000000000800b47c                fiprintf
 .text.malloc   0x000000000800b4a0       0x10 /Applications/STM32CubeIDE.app/Contents/Eclipse/plugins/com.st.stm32cube.ide.mcu.externaltools.gnu-tools-for-stm32.10.3-2021.10.macos64_1.0.0.202111181127/tools/bin/../lib/gcc/arm-none-eabi/10.3.1/../../../../arm-none-eabi/lib/thumb/v7e-m+dp/hard/libc_nano.a(lib_a-malloc.o)
                0x000000000800b4a0                malloc
 .text._free_r  0x000000000800b4b0       0x98 /Applications/STM32CubeIDE.app/Contents/Eclipse/plugins/com.st.stm32cube.ide.mcu.externaltools.gnu-tools-for-stm32.10.3-2021.10.macos64_1.0.0.202111181127/tools/bin/../lib/gcc/arm-none-eabi/10.3.1/../../../../arm-none-eabi/lib/thumb/v7e-m+dp/hard/libc_nano.a(lib_a-nano-freer.o)
                0x000000000800b4b0                _free_r
 .text.sbrk_aligned
                0x000000000800b548       0x40 /Applications/STM32CubeIDE.app/Contents/Eclipse/plugins/com.st.stm32cube.ide.mcu.externaltools.gnu-tools-for-stm32.10.3-2021.10.macos64_1.0.0.202111181127/tools/bin/../lib/gcc/arm-none-eabi/10.3.1/../../../../arm-none-eabi/lib/thumb/v7e-m+dp/hard/libc_nano.a(lib_a-nano-mallocr.o)
 .text._malloc_r
                0x000000000800b588       0xe8 /Applications/STM32CubeIDE.app/Contents/Eclipse/plugins/com.st.stm32cube.ide.mcu.externaltools.gnu-tools-for-stm32.10.3-2021.10.macos64_1.0.0.202111181127/tools/bin/../lib/gcc/arm-none-eabi/10.3.1/../../../../arm-none-eabi/lib/thumb/v7e-m+dp/hard/libc_nano.a(lib_a-nano-mallocr.o)
                0x000000000800b588                _malloc_r
 .text.__ssputs_r
                0x000000000800b670       0xb6 /Applications/STM32CubeIDE.app/Contents/Eclipse/plugins/com.st.stm32cube.ide.mcu.externaltools.gnu-tools-for-stm32.10.3-2021.10.macos64_1.0.0.202111181127/tools/bin/../lib/gcc/arm-none-eabi/10.3.1/../../../../arm-none-eabi/lib/thumb/v7e-m+dp/hard/libc_nano.a(lib_a-nano-svfprintf.o)
                0x000000000800b670                __ssputs_r
 *fill*         0x000000000800b726        0x2 
 .text._svfprintf_r
                0x000000000800b728      0x200 /Applications/STM32CubeIDE.app/Contents/Eclipse/plugins/com.st.stm32cube.ide.mcu.externaltools.gnu-tools-for-stm32.10.3-2021.10.macos64_1.0.0.202111181127/tools/bin/../lib/gcc/arm-none-eabi/10.3.1/../../../../arm-none-eabi/lib/thumb/v7e-m+dp/hard/libc_nano.a(lib_a-nano-svfprintf.o)
                0x000000000800b728                _svfprintf_r
                0x000000000800b728                _svfiprintf_r
 .text.__sfputc_r
                0x000000000800b928       0x2e /Applications/STM32CubeIDE.app/Contents/Eclipse/plugins/com.st.stm32cube.ide.mcu.externaltools.gnu-tools-for-stm32.10.3-2021.10.macos64_1.0.0.202111181127/tools/bin/../lib/gcc/arm-none-eabi/10.3.1/../../../../arm-none-eabi/lib/thumb/v7e-m+dp/hard/libc_nano.a(lib_a-nano-vfprintf.o)
 .text.__sfputs_r
                0x000000000800b956       0x24 /Applications/STM32CubeIDE.app/Contents/Eclipse/plugins/com.st.stm32cube.ide.mcu.externaltools.gnu-tools-for-stm32.10.3-2021.10.macos64_1.0.0.202111181127/tools/bin/../lib/gcc/arm-none-eabi/10.3.1/../../../../arm-none-eabi/lib/thumb/v7e-m+dp/hard/libc_nano.a(lib_a-nano-vfprintf.o)
                0x000000000800b956                __sfputs_r
 *fill*         0x000000000800b97a        0x2 
 .text._vfprintf_r
                0x000000000800b97c      0x260 /Applications/STM32CubeIDE.app/Contents/Eclipse/plugins/com.st.stm32cube.ide.mcu.externaltools.gnu-tools-for-stm32.10.3-2021.10.macos64_1.0.0.202111181127/tools/bin/../lib/gcc/arm-none-eabi/10.3.1/../../../../arm-none-eabi/lib/thumb/v7e-m+dp/hard/libc_nano.a(lib_a-nano-vfprintf.o)
                0x000000000800b97c                _vfiprintf_r
                0x000000000800b97c                _vfprintf_r
 .text._printf_common
                0x000000000800bbdc       0xda /Applications/STM32CubeIDE.app/Contents/Eclipse/plugins/com.st.stm32cube.ide.mcu.externaltools.gnu-tools-for-stm32.10.3-2021.10.macos64_1.0.0.202111181127/tools/bin/../lib/gcc/arm-none-eabi/10.3.1/../../../../arm-none-eabi/lib/thumb/v7e-m+dp/hard/libc_nano.a(lib_a-nano-vfprintf_i.o)
                0x000000000800bbdc                _printf_common
 *fill*         0x000000000800bcb6        0x2 
 .text._printf_i
                0x000000000800bcb8      0x24c /Applications/STM32CubeIDE.app/Contents/Eclipse/plugins/com.st.stm32cube.ide.mcu.externaltools.gnu-tools-for-stm32.10.3-2021.10.macos64_1.0.0.202111181127/tools/bin/../lib/gcc/arm-none-eabi/10.3.1/../../../../arm-none-eabi/lib/thumb/v7e-m+dp/hard/libc_nano.a(lib_a-nano-vfprintf_i.o)
                0x000000000800bcb8                _printf_i
 .text._sbrk_r  0x000000000800bf04       0x20 /Applications/STM32CubeIDE.app/Contents/Eclipse/plugins/com.st.stm32cube.ide.mcu.externaltools.gnu-tools-for-stm32.10.3-2021.10.macos64_1.0.0.202111181127/tools/bin/../lib/gcc/arm-none-eabi/10.3.1/../../../../arm-none-eabi/lib/thumb/v7e-m+dp/hard/libc_nano.a(lib_a-sbrkr.o)
                0x000000000800bf04                _sbrk_r
 .text.__swbuf_r
                0x000000000800bf24       0xa4 /Applications/STM32CubeIDE.app/Contents/Eclipse/plugins/com.st.stm32cube.ide.mcu.externaltools.gnu-tools-for-stm32.10.3-2021.10.macos64_1.0.0.202111181127/tools/bin/../lib/gcc/arm-none-eabi/10.3.1/../../../../arm-none-eabi/lib/thumb/v7e-m+dp/hard/libc_nano.a(lib_a-wbuf.o)
                0x000000000800bf24                __swbuf_r
 .text.__swsetup_r
                0x000000000800bfc8       0xdc /Applications/STM32CubeIDE.app/Contents/Eclipse/plugins/com.st.stm32cube.ide.mcu.externaltools.gnu-tools-for-stm32.10.3-2021.10.macos64_1.0.0.202111181127/tools/bin/../lib/gcc/arm-none-eabi/10.3.1/../../../../arm-none-eabi/lib/thumb/v7e-m+dp/hard/libc_nano.a(lib_a-wsetup.o)
                0x000000000800bfc8                __swsetup_r
 .text.abort    0x000000000800c0a4        0xe /Applications/STM32CubeIDE.app/Contents/Eclipse/plugins/com.st.stm32cube.ide.mcu.externaltools.gnu-tools-for-stm32.10.3-2021.10.macos64_1.0.0.202111181127/tools/bin/../lib/gcc/arm-none-eabi/10.3.1/../../../../arm-none-eabi/lib/thumb/v7e-m+dp/hard/libc_nano.a(lib_a-abort.o)
                0x000000000800c0a4                abort
 *fill*         0x000000000800c0b2        0x2 
 .text.__sflush_r
                0x000000000800c0b4      0x10c /Applications/STM32CubeIDE.app/Contents/Eclipse/plugins/com.st.stm32cube.ide.mcu.externaltools.gnu-tools-for-stm32.10.3-2021.10.macos64_1.0.0.202111181127/tools/bin/../lib/gcc/arm-none-eabi/10.3.1/../../../../arm-none-eabi/lib/thumb/v7e-m+dp/hard/libc_nano.a(lib_a-fflush.o)
                0x000000000800c0b4                __sflush_r
 .text._fflush_r
                0x000000000800c1c0       0x78 /Applications/STM32CubeIDE.app/Contents/Eclipse/plugins/com.st.stm32cube.ide.mcu.externaltools.gnu-tools-for-stm32.10.3-2021.10.macos64_1.0.0.202111181127/tools/bin/../lib/gcc/arm-none-eabi/10.3.1/../../../../arm-none-eabi/lib/thumb/v7e-m+dp/hard/libc_nano.a(lib_a-fflush.o)
                0x000000000800c1c0                _fflush_r
 .text.std      0x000000000800c238       0x48 /Applications/STM32CubeIDE.app/Contents/Eclipse/plugins/com.st.stm32cube.ide.mcu.externaltools.gnu-tools-for-stm32.10.3-2021.10.macos64_1.0.0.202111181127/tools/bin/../lib/gcc/arm-none-eabi/10.3.1/../../../../arm-none-eabi/lib/thumb/v7e-m+dp/hard/libc_nano.a(lib_a-findfp.o)
 .text._cleanup_r
                0x000000000800c280        0xc /Applications/STM32CubeIDE.app/Contents/Eclipse/plugins/com.st.stm32cube.ide.mcu.externaltools.gnu-tools-for-stm32.10.3-2021.10.macos64_1.0.0.202111181127/tools/bin/../lib/gcc/arm-none-eabi/10.3.1/../../../../arm-none-eabi/lib/thumb/v7e-m+dp/hard/libc_nano.a(lib_a-findfp.o)
                0x000000000800c280                _cleanup_r
 .text.__sfmoreglue
                0x000000000800c28c       0x2c /Applications/STM32CubeIDE.app/Contents/Eclipse/plugins/com.st.stm32cube.ide.mcu.externaltools.gnu-tools-for-stm32.10.3-2021.10.macos64_1.0.0.202111181127/tools/bin/../lib/gcc/arm-none-eabi/10.3.1/../../../../arm-none-eabi/lib/thumb/v7e-m+dp/hard/libc_nano.a(lib_a-findfp.o)
                0x000000000800c28c                __sfmoreglue
 .text.__sfp_lock_acquire
                0x000000000800c2b8        0xc /Applications/STM32CubeIDE.app/Contents/Eclipse/plugins/com.st.stm32cube.ide.mcu.externaltools.gnu-tools-for-stm32.10.3-2021.10.macos64_1.0.0.202111181127/tools/bin/../lib/gcc/arm-none-eabi/10.3.1/../../../../arm-none-eabi/lib/thumb/v7e-m+dp/hard/libc_nano.a(lib_a-findfp.o)
                0x000000000800c2b8                __sfp_lock_acquire
 .text.__sfp_lock_release
                0x000000000800c2c4        0xc /Applications/STM32CubeIDE.app/Contents/Eclipse/plugins/com.st.stm32cube.ide.mcu.externaltools.gnu-tools-for-stm32.10.3-2021.10.macos64_1.0.0.202111181127/tools/bin/../lib/gcc/arm-none-eabi/10.3.1/../../../../arm-none-eabi/lib/thumb/v7e-m+dp/hard/libc_nano.a(lib_a-findfp.o)
                0x000000000800c2c4                __sfp_lock_release
 .text.__sinit_lock_acquire
                0x000000000800c2d0        0xc /Applications/STM32CubeIDE.app/Contents/Eclipse/plugins/com.st.stm32cube.ide.mcu.externaltools.gnu-tools-for-stm32.10.3-2021.10.macos64_1.0.0.202111181127/tools/bin/../lib/gcc/arm-none-eabi/10.3.1/../../../../arm-none-eabi/lib/thumb/v7e-m+dp/hard/libc_nano.a(lib_a-findfp.o)
                0x000000000800c2d0                __sinit_lock_acquire
 .text.__sinit_lock_release
                0x000000000800c2dc        0xc /Applications/STM32CubeIDE.app/Contents/Eclipse/plugins/com.st.stm32cube.ide.mcu.externaltools.gnu-tools-for-stm32.10.3-2021.10.macos64_1.0.0.202111181127/tools/bin/../lib/gcc/arm-none-eabi/10.3.1/../../../../arm-none-eabi/lib/thumb/v7e-m+dp/hard/libc_nano.a(lib_a-findfp.o)
                0x000000000800c2dc                __sinit_lock_release
 .text.__sinit  0x000000000800c2e8       0x70 /Applications/STM32CubeIDE.app/Contents/Eclipse/plugins/com.st.stm32cube.ide.mcu.externaltools.gnu-tools-for-stm32.10.3-2021.10.macos64_1.0.0.202111181127/tools/bin/../lib/gcc/arm-none-eabi/10.3.1/../../../../arm-none-eabi/lib/thumb/v7e-m+dp/hard/libc_nano.a(lib_a-findfp.o)
                0x000000000800c2e8                __sinit
 .text.__sfp    0x000000000800c358       0x8c /Applications/STM32CubeIDE.app/Contents/Eclipse/plugins/com.st.stm32cube.ide.mcu.externaltools.gnu-tools-for-stm32.10.3-2021.10.macos64_1.0.0.202111181127/tools/bin/../lib/gcc/arm-none-eabi/10.3.1/../../../../arm-none-eabi/lib/thumb/v7e-m+dp/hard/libc_nano.a(lib_a-findfp.o)
                0x000000000800c358                __sfp
 .text._fwalk_reent
                0x000000000800c3e4       0x3e /Applications/STM32CubeIDE.app/Contents/Eclipse/plugins/com.st.stm32cube.ide.mcu.externaltools.gnu-tools-for-stm32.10.3-2021.10.macos64_1.0.0.202111181127/tools/bin/../lib/gcc/arm-none-eabi/10.3.1/../../../../arm-none-eabi/lib/thumb/v7e-m+dp/hard/libc_nano.a(lib_a-fwalk.o)
                0x000000000800c3e4                _fwalk_reent
 .text.__retarget_lock_init_recursive
                0x000000000800c422        0x2 /Applications/STM32CubeIDE.app/Contents/Eclipse/plugins/com.st.stm32cube.ide.mcu.externaltools.gnu-tools-for-stm32.10.3-2021.10.macos64_1.0.0.202111181127/tools/bin/../lib/gcc/arm-none-eabi/10.3.1/../../../../arm-none-eabi/lib/thumb/v7e-m+dp/hard/libc_nano.a(lib_a-lock.o)
                0x000000000800c422                __retarget_lock_init_recursive
 .text.__retarget_lock_acquire_recursive
                0x000000000800c424        0x2 /Applications/STM32CubeIDE.app/Contents/Eclipse/plugins/com.st.stm32cube.ide.mcu.externaltools.gnu-tools-for-stm32.10.3-2021.10.macos64_1.0.0.202111181127/tools/bin/../lib/gcc/arm-none-eabi/10.3.1/../../../../arm-none-eabi/lib/thumb/v7e-m+dp/hard/libc_nano.a(lib_a-lock.o)
                0x000000000800c424                __retarget_lock_acquire_recursive
 .text.__retarget_lock_release_recursive
                0x000000000800c426        0x2 /Applications/STM32CubeIDE.app/Contents/Eclipse/plugins/com.st.stm32cube.ide.mcu.externaltools.gnu-tools-for-stm32.10.3-2021.10.macos64_1.0.0.202111181127/tools/bin/../lib/gcc/arm-none-eabi/10.3.1/../../../../arm-none-eabi/lib/thumb/v7e-m+dp/hard/libc_nano.a(lib_a-lock.o)
                0x000000000800c426                __retarget_lock_release_recursive
 .text.__swhatbuf_r
                0x000000000800c428       0x4a /Applications/STM32CubeIDE.app/Contents/Eclipse/plugins/com.st.stm32cube.ide.mcu.externaltools.gnu-tools-for-stm32.10.3-2021.10.macos64_1.0.0.202111181127/tools/bin/../lib/gcc/arm-none-eabi/10.3.1/../../../../arm-none-eabi/lib/thumb/v7e-m+dp/hard/libc_nano.a(lib_a-makebuf.o)
                0x000000000800c428                __swhatbuf_r
 *fill*         0x000000000800c472        0x2 
 .text.__smakebuf_r
                0x000000000800c474       0x80 /Applications/STM32CubeIDE.app/Contents/Eclipse/plugins/com.st.stm32cube.ide.mcu.externaltools.gnu-tools-for-stm32.10.3-2021.10.macos64_1.0.0.202111181127/tools/bin/../lib/gcc/arm-none-eabi/10.3.1/../../../../arm-none-eabi/lib/thumb/v7e-m+dp/hard/libc_nano.a(lib_a-makebuf.o)
                0x000000000800c474                __smakebuf_r
 .text.memmove  0x000000000800c4f4       0x34 /Applications/STM32CubeIDE.app/Contents/Eclipse/plugins/com.st.stm32cube.ide.mcu.externaltools.gnu-tools-for-stm32.10.3-2021.10.macos64_1.0.0.202111181127/tools/bin/../lib/gcc/arm-none-eabi/10.3.1/../../../../arm-none-eabi/lib/thumb/v7e-m+dp/hard/libc_nano.a(lib_a-memmove.o)
                0x000000000800c4f4                memmove
 .text.__malloc_lock
                0x000000000800c528        0xc /Applications/STM32CubeIDE.app/Contents/Eclipse/plugins/com.st.stm32cube.ide.mcu.externaltools.gnu-tools-for-stm32.10.3-2021.10.macos64_1.0.0.202111181127/tools/bin/../lib/gcc/arm-none-eabi/10.3.1/../../../../arm-none-eabi/lib/thumb/v7e-m+dp/hard/libc_nano.a(lib_a-mlock.o)
                0x000000000800c528                __malloc_lock
 .text.__malloc_unlock
                0x000000000800c534        0xc /Applications/STM32CubeIDE.app/Contents/Eclipse/plugins/com.st.stm32cube.ide.mcu.externaltools.gnu-tools-for-stm32.10.3-2021.10.macos64_1.0.0.202111181127/tools/bin/../lib/gcc/arm-none-eabi/10.3.1/../../../../arm-none-eabi/lib/thumb/v7e-m+dp/hard/libc_nano.a(lib_a-mlock.o)
                0x000000000800c534                __malloc_unlock
 .text._realloc_r
                0x000000000800c540       0x5e /Applications/STM32CubeIDE.app/Contents/Eclipse/plugins/com.st.stm32cube.ide.mcu.externaltools.gnu-tools-for-stm32.10.3-2021.10.macos64_1.0.0.202111181127/tools/bin/../lib/gcc/arm-none-eabi/10.3.1/../../../../arm-none-eabi/lib/thumb/v7e-m+dp/hard/libc_nano.a(lib_a-nano-reallocr.o)
                0x000000000800c540                _realloc_r
 .text._raise_r
                0x000000000800c59e       0x50 /Applications/STM32CubeIDE.app/Contents/Eclipse/plugins/com.st.stm32cube.ide.mcu.externaltools.gnu-tools-for-stm32.10.3-2021.10.macos64_1.0.0.202111181127/tools/bin/../lib/gcc/arm-none-eabi/10.3.1/../../../../arm-none-eabi/lib/thumb/v7e-m+dp/hard/libc_nano.a(lib_a-signal.o)
                0x000000000800c59e                _raise_r
 *fill*         0x000000000800c5ee        0x2 
 .text.raise    0x000000000800c5f0       0x10 /Applications/STM32CubeIDE.app/Contents/Eclipse/plugins/com.st.stm32cube.ide.mcu.externaltools.gnu-tools-for-stm32.10.3-2021.10.macos64_1.0.0.202111181127/tools/bin/../lib/gcc/arm-none-eabi/10.3.1/../../../../arm-none-eabi/lib/thumb/v7e-m+dp/hard/libc_nano.a(lib_a-signal.o)
                0x000000000800c5f0                raise
 .text._kill_r  0x000000000800c600       0x24 /Applications/STM32CubeIDE.app/Contents/Eclipse/plugins/com.st.stm32cube.ide.mcu.externaltools.gnu-tools-for-stm32.10.3-2021.10.macos64_1.0.0.202111181127/tools/bin/../lib/gcc/arm-none-eabi/10.3.1/../../../../arm-none-eabi/lib/thumb/v7e-m+dp/hard/libc_nano.a(lib_a-signalr.o)
                0x000000000800c600                _kill_r
 .text._getpid_r
                0x000000000800c624        0x4 /Applications/STM32CubeIDE.app/Contents/Eclipse/plugins/com.st.stm32cube.ide.mcu.externaltools.gnu-tools-for-stm32.10.3-2021.10.macos64_1.0.0.202111181127/tools/bin/../lib/gcc/arm-none-eabi/10.3.1/../../../../arm-none-eabi/lib/thumb/v7e-m+dp/hard/libc_nano.a(lib_a-signalr.o)
                0x000000000800c624                _getpid_r
 .text.__sread  0x000000000800c628       0x22 /Applications/STM32CubeIDE.app/Contents/Eclipse/plugins/com.st.stm32cube.ide.mcu.externaltools.gnu-tools-for-stm32.10.3-2021.10.macos64_1.0.0.202111181127/tools/bin/../lib/gcc/arm-none-eabi/10.3.1/../../../../arm-none-eabi/lib/thumb/v7e-m+dp/hard/libc_nano.a(lib_a-stdio.o)
                0x000000000800c628                __sread
 .text.__swrite
                0x000000000800c64a       0x38 /Applications/STM32CubeIDE.app/Contents/Eclipse/plugins/com.st.stm32cube.ide.mcu.externaltools.gnu-tools-for-stm32.10.3-2021.10.macos64_1.0.0.202111181127/tools/bin/../lib/gcc/arm-none-eabi/10.3.1/../../../../arm-none-eabi/lib/thumb/v7e-m+dp/hard/libc_nano.a(lib_a-stdio.o)
                0x000000000800c64a                __swrite
 .text.__sseek  0x000000000800c682       0x24 /Applications/STM32CubeIDE.app/Contents/Eclipse/plugins/com.st.stm32cube.ide.mcu.externaltools.gnu-tools-for-stm32.10.3-2021.10.macos64_1.0.0.202111181127/tools/bin/../lib/gcc/arm-none-eabi/10.3.1/../../../../arm-none-eabi/lib/thumb/v7e-m+dp/hard/libc_nano.a(lib_a-stdio.o)
                0x000000000800c682                __sseek
 .text.__sclose
                0x000000000800c6a6        0x8 /Applications/STM32CubeIDE.app/Contents/Eclipse/plugins/com.st.stm32cube.ide.mcu.externaltools.gnu-tools-for-stm32.10.3-2021.10.macos64_1.0.0.202111181127/tools/bin/../lib/gcc/arm-none-eabi/10.3.1/../../../../arm-none-eabi/lib/thumb/v7e-m+dp/hard/libc_nano.a(lib_a-stdio.o)
                0x000000000800c6a6                __sclose
 *fill*         0x000000000800c6ae        0x2 
 .text._write_r
                0x000000000800c6b0       0x24 /Applications/STM32CubeIDE.app/Contents/Eclipse/plugins/com.st.stm32cube.ide.mcu.externaltools.gnu-tools-for-stm32.10.3-2021.10.macos64_1.0.0.202111181127/tools/bin/../lib/gcc/arm-none-eabi/10.3.1/../../../../arm-none-eabi/lib/thumb/v7e-m+dp/hard/libc_nano.a(lib_a-writer.o)
                0x000000000800c6b0                _write_r
 .text._close_r
                0x000000000800c6d4       0x20 /Applications/STM32CubeIDE.app/Contents/Eclipse/plugins/com.st.stm32cube.ide.mcu.externaltools.gnu-tools-for-stm32.10.3-2021.10.macos64_1.0.0.202111181127/tools/bin/../lib/gcc/arm-none-eabi/10.3.1/../../../../arm-none-eabi/lib/thumb/v7e-m+dp/hard/libc_nano.a(lib_a-closer.o)
                0x000000000800c6d4                _close_r
 .text._fstat_r
                0x000000000800c6f4       0x24 /Applications/STM32CubeIDE.app/Contents/Eclipse/plugins/com.st.stm32cube.ide.mcu.externaltools.gnu-tools-for-stm32.10.3-2021.10.macos64_1.0.0.202111181127/tools/bin/../lib/gcc/arm-none-eabi/10.3.1/../../../../arm-none-eabi/lib/thumb/v7e-m+dp/hard/libc_nano.a(lib_a-fstatr.o)
                0x000000000800c6f4                _fstat_r
 .text._isatty_r
                0x000000000800c718       0x20 /Applications/STM32CubeIDE.app/Contents/Eclipse/plugins/com.st.stm32cube.ide.mcu.externaltools.gnu-tools-for-stm32.10.3-2021.10.macos64_1.0.0.202111181127/tools/bin/../lib/gcc/arm-none-eabi/10.3.1/../../../../arm-none-eabi/lib/thumb/v7e-m+dp/hard/libc_nano.a(lib_a-isattyr.o)
                0x000000000800c718                _isatty_r
 .text._lseek_r
                0x000000000800c738       0x24 /Applications/STM32CubeIDE.app/Contents/Eclipse/plugins/com.st.stm32cube.ide.mcu.externaltools.gnu-tools-for-stm32.10.3-2021.10.macos64_1.0.0.202111181127/tools/bin/../lib/gcc/arm-none-eabi/10.3.1/../../../../arm-none-eabi/lib/thumb/v7e-m+dp/hard/libc_nano.a(lib_a-lseekr.o)
                0x000000000800c738                _lseek_r
 .text._malloc_usable_size_r
                0x000000000800c75c       0x10 /Applications/STM32CubeIDE.app/Contents/Eclipse/plugins/com.st.stm32cube.ide.mcu.externaltools.gnu-tools-for-stm32.10.3-2021.10.macos64_1.0.0.202111181127/tools/bin/../lib/gcc/arm-none-eabi/10.3.1/../../../../arm-none-eabi/lib/thumb/v7e-m+dp/hard/libc_nano.a(lib_a-nano-msizer.o)
                0x000000000800c75c                _malloc_usable_size_r
 .text._read_r  0x000000000800c76c       0x24 /Applications/STM32CubeIDE.app/Contents/Eclipse/plugins/com.st.stm32cube.ide.mcu.externaltools.gnu-tools-for-stm32.10.3-2021.10.macos64_1.0.0.202111181127/tools/bin/../lib/gcc/arm-none-eabi/10.3.1/../../../../arm-none-eabi/lib/thumb/v7e-m+dp/hard/libc_nano.a(lib_a-readr.o)
                0x000000000800c76c                _read_r
 *(.glue_7)
 .glue_7        0x000000000800c790        0x0 linker stubs
 *(.glue_7t)
 .glue_7t       0x000000000800c790        0x0 linker stubs
 *(.eh_frame)
 .eh_frame      0x000000000800c790        0x0 /Applications/STM32CubeIDE.app/Contents/Eclipse/plugins/com.st.stm32cube.ide.mcu.externaltools.gnu-tools-for-stm32.10.3-2021.10.macos64_1.0.0.202111181127/tools/bin/../lib/gcc/arm-none-eabi/10.3.1/thumb/v7e-m+dp/hard/crtbegin.o
 *(.init)
 .init          0x000000000800c790        0x4 /Applications/STM32CubeIDE.app/Contents/Eclipse/plugins/com.st.stm32cube.ide.mcu.externaltools.gnu-tools-for-stm32.10.3-2021.10.macos64_1.0.0.202111181127/tools/bin/../lib/gcc/arm-none-eabi/10.3.1/thumb/v7e-m+dp/hard/crti.o
                0x000000000800c790                _init
 .init          0x000000000800c794        0x8 /Applications/STM32CubeIDE.app/Contents/Eclipse/plugins/com.st.stm32cube.ide.mcu.externaltools.gnu-tools-for-stm32.10.3-2021.10.macos64_1.0.0.202111181127/tools/bin/../lib/gcc/arm-none-eabi/10.3.1/thumb/v7e-m+dp/hard/crtn.o
 *(.fini)
 .fini          0x000000000800c79c        0x4 /Applications/STM32CubeIDE.app/Contents/Eclipse/plugins/com.st.stm32cube.ide.mcu.externaltools.gnu-tools-for-stm32.10.3-2021.10.macos64_1.0.0.202111181127/tools/bin/../lib/gcc/arm-none-eabi/10.3.1/thumb/v7e-m+dp/hard/crti.o
                0x000000000800c79c                _fini
 .fini          0x000000000800c7a0        0x8 /Applications/STM32CubeIDE.app/Contents/Eclipse/plugins/com.st.stm32cube.ide.mcu.externaltools.gnu-tools-for-stm32.10.3-2021.10.macos64_1.0.0.202111181127/tools/bin/../lib/gcc/arm-none-eabi/10.3.1/thumb/v7e-m+dp/hard/crtn.o
                0x000000000800c7a8                . = ALIGN (0x4)
                0x000000000800c7a8                _etext = .

.vfp11_veneer   0x000000000800c7a8        0x0
 .vfp11_veneer  0x000000000800c7a8        0x0 linker stubs

.v4_bx          0x000000000800c7a8        0x0
 .v4_bx         0x000000000800c7a8        0x0 linker stubs

.iplt           0x000000000800c7a8        0x0
 .iplt          0x000000000800c7a8        0x0 /Applications/STM32CubeIDE.app/Contents/Eclipse/plugins/com.st.stm32cube.ide.mcu.externaltools.gnu-tools-for-stm32.10.3-2021.10.macos64_1.0.0.202111181127/tools/bin/../lib/gcc/arm-none-eabi/10.3.1/thumb/v7e-m+dp/hard/crtbegin.o

.rodata         0x000000000800c7a8      0x2b8
                0x000000000800c7a8                . = ALIGN (0x4)
 *(.rodata)
 .rodata        0x000000000800c7a8       0x10 ./Core/Src/main.o
 .rodata        0x000000000800c7b8       0x46 ./USB_DEVICE/App/usbd_desc.o
 *(.rodata*)
 *fill*         0x000000000800c7fe        0x2 
 .rodata.reg_AD9826_config
                0x000000000800c800        0x4 ./Core/Src/main.o
                0x000000000800c800                reg_AD9826_config
 .rodata.reg_AD9826_MUXconfig
                0x000000000800c804        0x4 ./Core/Src/main.o
                0x000000000800c804                reg_AD9826_MUXconfig
 .rodata.D1CorePrescTable
                0x000000000800c808       0x10 ./Core/Src/system_stm32h7xx.o
                0x000000000800c808                D1CorePrescTable
 .rodata._global_impure_ptr
                0x000000000800c818        0x4 /Applications/STM32CubeIDE.app/Contents/Eclipse/plugins/com.st.stm32cube.ide.mcu.externaltools.gnu-tools-for-stm32.10.3-2021.10.macos64_1.0.0.202111181127/tools/bin/../lib/gcc/arm-none-eabi/10.3.1/../../../../arm-none-eabi/lib/thumb/v7e-m+dp/hard/libc_nano.a(lib_a-impure.o)
                0x000000000800c818                _global_impure_ptr
 .rodata.strtok.str1.1
                0x000000000800c81c       0x74 /Applications/STM32CubeIDE.app/Contents/Eclipse/plugins/com.st.stm32cube.ide.mcu.externaltools.gnu-tools-for-stm32.10.3-2021.10.macos64_1.0.0.202111181127/tools/bin/../lib/gcc/arm-none-eabi/10.3.1/../../../../arm-none-eabi/lib/thumb/v7e-m+dp/hard/libc_nano.a(lib_a-strtok.o)
 .rodata.__assert_func.str1.1
                0x000000000800c890       0x3c /Applications/STM32CubeIDE.app/Contents/Eclipse/plugins/com.st.stm32cube.ide.mcu.externaltools.gnu-tools-for-stm32.10.3-2021.10.macos64_1.0.0.202111181127/tools/bin/../lib/gcc/arm-none-eabi/10.3.1/../../../../arm-none-eabi/lib/thumb/v7e-m+dp/hard/libc_nano.a(lib_a-assert.o)
                                         0x3d (size before relaxing)
 .rodata._ctype_
                0x000000000800c8cc      0x101 /Applications/STM32CubeIDE.app/Contents/Eclipse/plugins/com.st.stm32cube.ide.mcu.externaltools.gnu-tools-for-stm32.10.3-2021.10.macos64_1.0.0.202111181127/tools/bin/../lib/gcc/arm-none-eabi/10.3.1/../../../../arm-none-eabi/lib/thumb/v7e-m+dp/hard/libc_nano.a(lib_a-ctype_.o)
                0x000000000800c8cc                _ctype_
 .rodata._svfprintf_r.str1.1
                0x000000000800c9cd       0x11 /Applications/STM32CubeIDE.app/Contents/Eclipse/plugins/com.st.stm32cube.ide.mcu.externaltools.gnu-tools-for-stm32.10.3-2021.10.macos64_1.0.0.202111181127/tools/bin/../lib/gcc/arm-none-eabi/10.3.1/../../../../arm-none-eabi/lib/thumb/v7e-m+dp/hard/libc_nano.a(lib_a-nano-svfprintf.o)
 .rodata._vfprintf_r.str1.1
                0x000000000800c9de       0x11 /Applications/STM32CubeIDE.app/Contents/Eclipse/plugins/com.st.stm32cube.ide.mcu.externaltools.gnu-tools-for-stm32.10.3-2021.10.macos64_1.0.0.202111181127/tools/bin/../lib/gcc/arm-none-eabi/10.3.1/../../../../arm-none-eabi/lib/thumb/v7e-m+dp/hard/libc_nano.a(lib_a-nano-vfprintf.o)
 .rodata._printf_i.str1.1
                0x000000000800c9de       0x22 /Applications/STM32CubeIDE.app/Contents/Eclipse/plugins/com.st.stm32cube.ide.mcu.externaltools.gnu-tools-for-stm32.10.3-2021.10.macos64_1.0.0.202111181127/tools/bin/../lib/gcc/arm-none-eabi/10.3.1/../../../../arm-none-eabi/lib/thumb/v7e-m+dp/hard/libc_nano.a(lib_a-nano-vfprintf_i.o)
 .rodata.__sf_fake_stderr
                0x000000000800ca00       0x20 /Applications/STM32CubeIDE.app/Contents/Eclipse/plugins/com.st.stm32cube.ide.mcu.externaltools.gnu-tools-for-stm32.10.3-2021.10.macos64_1.0.0.202111181127/tools/bin/../lib/gcc/arm-none-eabi/10.3.1/../../../../arm-none-eabi/lib/thumb/v7e-m+dp/hard/libc_nano.a(lib_a-findfp.o)
                0x000000000800ca00                __sf_fake_stderr
 .rodata.__sf_fake_stdin
                0x000000000800ca20       0x20 /Applications/STM32CubeIDE.app/Contents/Eclipse/plugins/com.st.stm32cube.ide.mcu.externaltools.gnu-tools-for-stm32.10.3-2021.10.macos64_1.0.0.202111181127/tools/bin/../lib/gcc/arm-none-eabi/10.3.1/../../../../arm-none-eabi/lib/thumb/v7e-m+dp/hard/libc_nano.a(lib_a-findfp.o)
                0x000000000800ca20                __sf_fake_stdin
 .rodata.__sf_fake_stdout
                0x000000000800ca40       0x20 /Applications/STM32CubeIDE.app/Contents/Eclipse/plugins/com.st.stm32cube.ide.mcu.externaltools.gnu-tools-for-stm32.10.3-2021.10.macos64_1.0.0.202111181127/tools/bin/../lib/gcc/arm-none-eabi/10.3.1/../../../../arm-none-eabi/lib/thumb/v7e-m+dp/hard/libc_nano.a(lib_a-findfp.o)
                0x000000000800ca40                __sf_fake_stdout
                0x000000000800ca60                . = ALIGN (0x4)

.rel.dyn        0x000000000800ca60        0x0
 .rel.iplt      0x000000000800ca60        0x0 /Applications/STM32CubeIDE.app/Contents/Eclipse/plugins/com.st.stm32cube.ide.mcu.externaltools.gnu-tools-for-stm32.10.3-2021.10.macos64_1.0.0.202111181127/tools/bin/../lib/gcc/arm-none-eabi/10.3.1/thumb/v7e-m+dp/hard/crtbegin.o

.ARM.extab
 *(.ARM.extab* .gnu.linkonce.armextab.*)

.ARM            0x000000000800ca60        0x0
                0x000000000800ca60                __exidx_start = .
 *(.ARM.exidx*)
                0x000000000800ca60                __exidx_end = .

.preinit_array  0x000000000800ca60        0x0
                0x000000000800ca60                PROVIDE (__preinit_array_start = .)
 *(.preinit_array*)
                0x000000000800ca60                PROVIDE (__preinit_array_end = .)

.init_array     0x000000000800ca60        0x4
                0x000000000800ca60                PROVIDE (__init_array_start = .)
 *(SORT_BY_NAME(.init_array.*))
 *(.init_array*)
 .init_array    0x000000000800ca60        0x4 /Applications/STM32CubeIDE.app/Contents/Eclipse/plugins/com.st.stm32cube.ide.mcu.externaltools.gnu-tools-for-stm32.10.3-2021.10.macos64_1.0.0.202111181127/tools/bin/../lib/gcc/arm-none-eabi/10.3.1/thumb/v7e-m+dp/hard/crtbegin.o
                0x000000000800ca64                PROVIDE (__init_array_end = .)

.fini_array     0x000000000800ca64        0x4
                [!provide]                        PROVIDE (__fini_array_start = .)
 *(SORT_BY_NAME(.fini_array.*))
 *(.fini_array*)
 .fini_array    0x000000000800ca64        0x4 /Applications/STM32CubeIDE.app/Contents/Eclipse/plugins/com.st.stm32cube.ide.mcu.externaltools.gnu-tools-for-stm32.10.3-2021.10.macos64_1.0.0.202111181127/tools/bin/../lib/gcc/arm-none-eabi/10.3.1/thumb/v7e-m+dp/hard/crtbegin.o
                [!provide]                        PROVIDE (__fini_array_end = .)
                0x000000000800ca68                _sidata = LOADADDR (.data)

.data           0x0000000024000000      0x1fc load address 0x000000000800ca68
                0x0000000024000000                . = ALIGN (0x4)
                0x0000000024000000                _sdata = .
 *(.data)
 *(.data*)
 .data.codeVer  0x0000000024000000        0x4 ./Core/Src/main.o
                0x0000000024000000                codeVer
 .data.codeVerTest
                0x0000000024000004        0x4 ./Core/Src/main.o
                0x0000000024000004                codeVerTest
 .data.toggleLEDonBoard
                0x0000000024000008        0x4 ./Core/Src/main.o
                0x0000000024000008                toggleLEDonBoard
 .data.reg_AD9826_redPGA