../Core/Src/main.c:248:5:main	10392	static,ignoring_inline_asm
../Core/Src/main.c:708:6:SystemClock_Config	120	static
../Core/Src/main.c:768:13:MX_SPI1_Init	8	static
../Core/Src/main.c:816:13:MX_TIM2_Init	40	static
../Core/Src/main.c:861:13:MX_TIM3_Init	40	static
../Core/Src/main.c:906:13:MX_TIM4_Init	40	static
../Core/Src/main.c:951:13:MX_GPIO_Init	64	static
../Core/Src/main.c:1181:6:HAL_GPIO_EXTI_Callback	16	static
../Core/Src/main.c:1201:6:HAL_TIM_PeriodElapsedCallback	16	static
../Core/Src/main.c:1421:6:Error_Handler	4	static,ignoring_inline_asm
