Archive member included to satisfy reference by file (symbol)

/Applications/STM32CubeIDE.app/Contents/Eclipse/plugins/com.st.stm32cube.ide.mcu.externaltools.gnu-tools-for-stm32.10.3-2021.10.macos64_1.0.0.202111181127/tools/bin/../lib/gcc/arm-none-eabi/10.3.1/../../../../arm-none-eabi/lib/thumb/v7e-m+dp/hard/libc_nano.a(lib_a-atoi.o)
                              ./Core/Src/main.o (atoi)
/Applications/STM32CubeIDE.app/Contents/Eclipse/plugins/com.st.stm32cube.ide.mcu.externaltools.gnu-tools-for-stm32.10.3-2021.10.macos64_1.0.0.202111181127/tools/bin/../lib/gcc/arm-none-eabi/10.3.1/../../../../arm-none-eabi/lib/thumb/v7e-m+dp/hard/libc_nano.a(lib_a-errno.o)
                              ./Core/Src/syscalls.o (__errno)
/Applications/STM32CubeIDE.app/Contents/Eclipse/plugins/com.st.stm32cube.ide.mcu.externaltools.gnu-tools-for-stm32.10.3-2021.10.macos64_1.0.0.202111181127/tools/bin/../lib/gcc/arm-none-eabi/10.3.1/../../../../arm-none-eabi/lib/thumb/v7e-m+dp/hard/libc_nano.a(lib_a-exit.o)
                              /Applications/STM32CubeIDE.app/Contents/Eclipse/plugins/com.st.stm32cube.ide.mcu.externaltools.gnu-tools-for-stm32.10.3-2021.10.macos64_1.0.0.202111181127/tools/bin/../lib/gcc/arm-none-eabi/10.3.1/../../../../arm-none-eabi/lib/thumb/v7e-m+dp/hard/crt0.o (exit)
/Applications/STM32CubeIDE.app/Contents/Eclipse/plugins/com.st.stm32cube.ide.mcu.externaltools.gnu-tools-for-stm32.10.3-2021.10.macos64_1.0.0.202111181127/tools/bin/../lib/gcc/arm-none-eabi/10.3.1/../../../../arm-none-eabi/lib/thumb/v7e-m+dp/hard/libc_nano.a(lib_a-impure.o)
                              /Applications/STM32CubeIDE.app/Contents/Eclipse/plugins/com.st.stm32cube.ide.mcu.externaltools.gnu-tools-for-stm32.10.3-2021.10.macos64_1.0.0.202111181127/tools/bin/../lib/gcc/arm-none-eabi/10.3.1/../../../../arm-none-eabi/lib/thumb/v7e-m+dp/hard/libc_nano.a(lib_a-exit.o) (_global_impure_ptr)
/Applications/STM32CubeIDE.app/Contents/Eclipse/plugins/com.st.stm32cube.ide.mcu.externaltools.gnu-tools-for-stm32.10.3-2021.10.macos64_1.0.0.202111181127/tools/bin/../lib/gcc/arm-none-eabi/10.3.1/../../../../arm-none-eabi/lib/thumb/v7e-m+dp/hard/libc_nano.a(lib_a-init.o)
                              /Applications/STM32CubeIDE.app/Contents/Eclipse/plugins/com.st.stm32cube.ide.mcu.externaltools.gnu-tools-for-stm32.10.3-2021.10.macos64_1.0.0.202111181127/tools/bin/../lib/gcc/arm-none-eabi/10.3.1/../../../../arm-none-eabi/lib/thumb/v7e-m+dp/hard/crt0.o (__libc_init_array)
/Applications/STM32CubeIDE.app/Contents/Eclipse/plugins/com.st.stm32cube.ide.mcu.externaltools.gnu-tools-for-stm32.10.3-2021.10.macos64_1.0.0.202111181127/tools/bin/../lib/gcc/arm-none-eabi/10.3.1/../../../../arm-none-eabi/lib/thumb/v7e-m+dp/hard/libc_nano.a(lib_a-memcpy-stub.o)
                              ./USB_DEVICE/App/usbd_cdc_if.o (memcpy)
/Applications/STM32CubeIDE.app/Contents/Eclipse/plugins/com.st.stm32cube.ide.mcu.externaltools.gnu-tools-for-stm32.10.3-2021.10.macos64_1.0.0.202111181127/tools/bin/../lib/gcc/arm-none-eabi/10.3.1/../../../../arm-none-eabi/lib/thumb/v7e-m+dp/hard/libc_nano.a(lib_a-memset.o)
                              /Applications/STM32CubeIDE.app/Contents/Eclipse/plugins/com.st.stm32cube.ide.mcu.externaltools.gnu-tools-for-stm32.10.3-2021.10.macos64_1.0.0.202111181127/tools/bin/../lib/gcc/arm-none-eabi/10.3.1/../../../../arm-none-eabi/lib/thumb/v7e-m+dp/hard/crt0.o (memset)
/Applications/STM32CubeIDE.app/Contents/Eclipse/plugins/com.st.stm32cube.ide.mcu.externaltools.gnu-tools-for-stm32.10.3-2021.10.macos64_1.0.0.202111181127/tools/bin/../lib/gcc/arm-none-eabi/10.3.1/../../../../arm-none-eabi/lib/thumb/v7e-m+dp/hard/libc_nano.a(lib_a-strcmp.o)
                              ./Core/Src/main.o (strcmp)
/Applications/STM32CubeIDE.app/Contents/Eclipse/plugins/com.st.stm32cube.ide.mcu.externaltools.gnu-tools-for-stm32.10.3-2021.10.macos64_1.0.0.202111181127/tools/bin/../lib/gcc/arm-none-eabi/10.3.1/../../../../arm-none-eabi/lib/thumb/v7e-m+dp/hard/libc_nano.a(lib_a-strtok.o)
                              ./Core/Src/main.o (strtok)
/Applications/STM32CubeIDE.app/Contents/Eclipse/plugins/com.st.stm32cube.ide.mcu.externaltools.gnu-tools-for-stm32.10.3-2021.10.macos64_1.0.0.202111181127/tools/bin/../lib/gcc/arm-none-eabi/10.3.1/../../../../arm-none-eabi/lib/thumb/v7e-m+dp/hard/libc_nano.a(lib_a-strtok_r.o)
                              /Applications/STM32CubeIDE.app/Contents/Eclipse/plugins/com.st.stm32cube.ide.mcu.externaltools.gnu-tools-for-stm32.10.3-2021.10.macos64_1.0.0.202111181127/tools/bin/../lib/gcc/arm-none-eabi/10.3.1/../../../../arm-none-eabi/lib/thumb/v7e-m+dp/hard/libc_nano.a(lib_a-strtok.o) (__strtok_r)
/Applications/STM32CubeIDE.app/Contents/Eclipse/plugins/com.st.stm32cube.ide.mcu.externaltools.gnu-tools-for-stm32.10.3-2021.10.macos64_1.0.0.202111181127/tools/bin/../lib/gcc/arm-none-eabi/10.3.1/../../../../arm-none-eabi/lib/thumb/v7e-m+dp/hard/libc_nano.a(lib_a-strtol.o)
[...]
Memory Configuration

Name             Origin             Length             Attributes
ITCMRAM          0x0000000000000000 0x0000000000010000 xrw
DTCMRAM          0x0000000020000000 0x0000000000020000 xrw
FLASH            0x0000000008000000 0x0000000000100000 xr
RAM_D1           0x0000000024000000 0x0000000000050000 xrw
RAM_D2           0x0000000030000000 0x0000000000008000 xrw
RAM_D3           0x0000000038000000 0x0000000000004000 xrw
*default*        0x0000000000000000 0xffffffffffffffff

Linker script and memory map

LOAD /Applications/STM32CubeIDE.app/Contents/Eclipse/plugins/com.st.stm32cube.ide.mcu.externaltools.gnu-tools-for-stm32.10.3-2021.10.macos64_1.0.0.202111181127/tools/bin/../lib/gcc/arm-none-eabi/10.3.1/thumb/v7e-m+dp/hard/crti.o
LOAD /Applications/STM32CubeIDE.app/Contents/Eclipse/plugins/com.st.stm32cube.ide.mcu.externaltools.gnu-tools-for-stm32.10.3-2021.10.macos64_1.0.0.202111181127/tools/bin/../lib/gcc/arm-none-eabi/10.3.1/thumb/v7e-m+dp/hard/crtbegin.o
LOAD /Applications/STM32CubeIDE.app/Contents/Eclipse/plugins/com.st.stm32cube.ide.mcu.externaltools.gnu-tools-for-stm32.10.3-2021.10.macos64_1.0.0.202111181127/tools/bin/../lib/gcc/arm-none-eabi/10.3.1/../../../../arm-none-eabi/lib/thumb/v7e-m+dp/hard/crt0.o
LOAD ./Core/Src/main.o
LOAD ./Core/Src/stm32h7xx_hal_msp.o
LOAD ./Core/Src/stm32h7xx_it.o
LOAD ./Core/Src/syscalls.o
LOAD ./Core/Src/sysmem.o
LOAD ./Core/Src/system_stm32h7xx.o
LOAD ./Core/Startup/startup_stm32h723zgtx.o
LOAD ./Drivers/STM32H7xx_HAL_Driver/Src/stm32h7xx_hal.o
LOAD ./Drivers/STM32H7xx_HAL_Driver/Src/stm32h7xx_hal_cortex.o
LOAD ./Drivers/STM32H7xx_HAL_Driver/Src/stm32h7xx_hal_dma.o
LOAD ./Drivers/STM32H7xx_HAL_Driver/Src/stm32h7xx_hal_dma_ex.o
LOAD ./Drivers/STM32H7xx_HAL_Driver/Src/stm32h7xx_hal_exti.o
LOAD ./Drivers/STM32H7xx_HAL_Driver/Src/stm32h7xx_hal_flash.o
LOAD ./Drivers/STM32H7xx_HAL_Driver/Src/stm32h7xx_hal_flash_ex.o
LOAD ./Drivers/STM32H7xx_HAL_Driver/Src/stm32h7xx_hal_gpio.o
LOAD ./Drivers/STM32H7xx_HAL_Driver/Src/stm32h7xx_hal_hsem.o
LOAD ./Drivers/STM32H7xx_HAL_Driver/Src/stm32h7xx_hal_i2c.o
LOAD ./Drivers/STM32H7xx_HAL_Driver/Src/stm32h7xx_hal_i2c_ex.o
LOAD ./Drivers/STM32H7xx_HAL_Driver/Src/stm32h7xx_hal_mdma.o
LOAD ./Drivers/STM32H7xx_HAL_Driver/Src/stm32h7xx_hal_pcd.o
LOAD ./Drivers/STM32H7xx_HAL_Driver/Src/stm32h7xx_hal_pcd_ex.o
LOAD ./Drivers/STM32H7xx_HAL_Driver/Src/stm32h7xx_hal_pwr.o
LOAD ./Drivers/STM32H7xx_HAL_Driver/Src/stm32h7xx_hal_pwr_ex.o
LOAD ./Drivers/STM32H7xx_HAL_Driver/Src/stm32h7xx_hal_rcc.o
LOAD ./Drivers/STM32H7xx_HAL_Driver/Src/stm32h7xx_hal_rcc_ex.o
LOAD ./Drivers/STM32H7xx_HAL_Driver/Src/stm32h7xx_hal_spi.o
LOAD ./Drivers/STM32H7xx_HAL_Driver/Src/stm32h7xx_hal_spi_ex.o
LOAD ./Drivers/STM32H7xx_HAL_Driver/Src/stm32h7xx_hal_tim.o
LOAD ./Drivers/STM32H7xx_HAL_Driver/Src/stm32h7xx_hal_tim_ex.o
LOAD ./Drivers/STM32H7xx_HAL_Driver/Src/stm32h7xx_ll_usb.o
LOAD ./Middlewares/ST/STM32_USB_Device_Library/Class/CDC/Src/usbd_cdc.o
LOAD ./Middlewares/ST/STM32_USB_Device_Library/Core/Src/usbd_core.o
LOAD ./Middlewares/ST/STM32_USB_Device_Library/Core/Src/usbd_ctlreq.o
LOAD ./Middlewares/ST/STM32_USB_Device_Library/Core/Src/usbd_ioreq.o
LOAD ./USB_DEVICE/App/usb_device.o
LOAD ./USB_DEVICE/App/usbd_cdc_if.o
LOAD ./USB_DEVICE/App/usbd_desc.o
LOAD ./USB_DEVICE/Target/usbd_conf.o
START GROUP
LOAD /Applications/STM32CubeIDE.app/Contents/Eclipse/plugins/com.st.stm32cube.ide.mcu.externaltools.gnu-tools-for-stm32.10.3-2021.10.macos64_1.0.0.202111181127/tools/bin/../lib/gcc/arm-none-eabi/10.3.1/../../../../arm-none-eabi/lib/thumb/v7e-m+dp/hard/libc_nano.a
LOAD /Applications/STM32CubeIDE.app/Contents/Eclipse/plugins/com.st.stm32cube.ide.mcu.externaltools.gnu-tools-for-stm32.10.3-2021.10.macos64_1.0.0.202111181127/tools/bin/../lib/gcc/arm-none-eabi/10.3.1/../../../../arm-none-eabi/lib/thumb/v7e-m+dp/hard/libm.a
END GROUP
START GROUP
LOAD /Applications/STM32CubeIDE.app/Contents/Eclipse/plugins/com.st.stm32cube.ide.mcu.externaltools.gnu-tools-for-stm32.10.3-2021.10.macos64_1.0.0.202111181127/tools/bin/../lib/gcc/arm-none-eabi/10.3.1/thumb/v7e-m+dp/hard/libgcc.a
LOAD /Applications/STM32CubeIDE.app/Contents/Eclipse/plugins/com.st.stm32cube.ide.mcu.externaltools.gnu-tools-for-stm32.10.3-2021.10.macos64_1.0.0.202111181127/tools/bin/../lib/gcc/arm-none-eabi/10.3.1/../../../../arm-none-eabi/lib/thumb/v7e-m+dp/hard/libc_nano.a
END GROUP
START GROUP
LOAD /Applications/STM32CubeIDE.app/Contents/Eclipse/plugins/com.st.stm32cube.ide.mcu.externaltools.gnu-tools-for-stm32.10.3-2021.10.macos64_1.0.0.202111181127/tools/bin/../lib/gcc/arm-none-eabi/10.3.1/thumb/v7e-m+dp/hard/libgcc.a
LOAD /Applications/STM32CubeIDE.app/Contents/Eclipse/plugins/com.st.stm32cube.ide.mcu.externaltools.gnu-tools-for-stm32.10.3-2021.10.macos64_1.0.0.202111181127/tools/bin/../lib/gcc/arm-none-eabi/10.3.1/../../../../arm-none-eabi/lib/thumb/v7e-m+dp/hard/libc_nano.a
LOAD /Applications/STM32CubeIDE.app/Contents/Eclipse/plugins/com.st.stm32cube.ide.mcu.externaltools.gnu-tools-for-stm32.10.3-2021.10.macos64_1.0.0.202111181127/tools/bin/../lib/gcc/arm-none-eabi/10.3.1/../../../../arm-none-eabi/lib/thumb/v7e-m+dp/hard/libnosys.a
END GROUP
START GROUP
LOAD /Applications/STM32CubeIDE.app/Contents/Eclipse/plugins/com.st.stm32cube.ide.mcu.externaltools.gnu-tools-for-stm32.10.3-2021.10.macos64_1.0.0.202111181127/tools/bin/../lib/gcc/arm-none-eabi/10.3.1/thumb/v7e-m+dp/hard/libgcc.a
LOAD /Applications/STM32CubeIDE.app/Contents/Eclipse/plugins/com.st.stm32cube.ide.mcu.externaltools.gnu-tools-for-stm32.10.3-2021.10.macos64_1.0.0.202111181127/tools/bin/../lib/gcc/arm-none-eabi/10.3.1/../../../../arm-none-eabi/lib/thumb/v7e-m+dp/hard/libc_nano.a
LOAD /Applications/STM32CubeIDE.app/Contents/Eclipse/plugins/com.st.stm32cube.ide.mcu.externaltools.gnu-tools-for-stm32.10.3-2021.10.macos64_1.0.0.202111181127/tools/bin/../lib/gcc/arm-none-eabi/10.3.1/../../../../arm-none-eabi/lib/thumb/v7e-m+dp/hard/libnosys.a
END GROUP
LOAD /Applications/STM32CubeIDE.app/Contents/Eclipse/plugins/com.st.stm32cube.ide.mcu.externaltools.gnu-tools-for-stm32.10.3-2021.10.macos64_1.0.0.202111181127/tools/bin/../lib/gcc/arm-none-eabi/10.3.1/thumb/v7e-m+dp/hard/crtend.o
LOAD /Applications/STM32CubeIDE.app/Contents/Eclipse/plugins/com.st.stm32cube.ide.mcu.externaltools.gnu-tools-for-stm32.10.3-2021.10.macos64_1.0.0.202111181127/tools/bin/../lib/gcc/arm-none-eabi/10.3.1/thumb/v7e-m+dp/hard/crtn.o
                0x0000000024050000                _estack = (ORIGIN (RAM_D1) + LENGTH (RAM_D1))
                0x0000000000000200                _Min_Heap_Size = 0x200
                0x0000000000000400                _Min_Stack_Size = 0x400

.isr_vector     0x0000000008000000      0x2cc
                0x0000000008000000                . = ALIGN (0x4)
 *(.isr_vector)
 .isr_vector    0x0000000008000000      0x2cc ./Core/Startup/startup_stm32h723zgtx.o
                0x0000000008000000                g_pfnVectors
                0x00000000080002cc                . = ALIGN (0x4)

.text           0x00000000080002d0     0xbb0c
                0x00000000080002d0                . = ALIGN (0x4)
 *(.text)
 .text          0x00000000080002d0       0x40 /Applications/STM32CubeIDE.app/Contents/Eclipse/plugins/com.st.stm32cube.ide.mcu.externaltools.gnu-tools-for-stm32.10.3-2021.10.macos64_1.0.0.202111181127/tools/bin/../lib/gcc/arm-none-eabi/10.3.1/thumb/v7e-m+dp/hard/crtbegin.o
 .text          0x0000000008000310       0x14 /Applications/STM32CubeIDE.app/Contents/Eclipse/plugins/com.st.stm32cube.ide.mcu.externaltools.gnu-tools-for-stm32.10.3-2021.10.macos64_1.0.0.202111181127/tools/bin/../lib/gcc/arm-none-eabi/10.3.1/../../../../arm-none-eabi/lib/thumb/v7e-m+dp/hard/libc_nano.a(lib_a-strcmp.o)
                0x0000000008000310                strcmp
 *fill*         0x0000000008000324        0xc 
 .text          0x0000000008000330       0xa0 /Applications/STM32CubeIDE.app/Contents/Eclipse/plugins/com.st.stm32cube.ide.mcu.externaltools.gnu-tools-for-stm32.10.3-2021.10.macos64_1.0.0.202111181127/tools/bin/../lib/gcc/arm-none-eabi/10.3.1/../../../../arm-none-eabi/lib/thumb/v7e-m+dp/hard/libc_nano.a(lib_a-memchr.o)
                0x0000000008000330                memchr
 *(.text*)
 .text.main     0x00000000080003d0      0x720 ./Core/Src/main.o
                0x00000000080003d0                main
 .text.SystemClock_Config
                0x0000000008000af0       0xe0 ./Core/Src/main.o
                0x0000000008000af0                SystemClock_Config
 .text.MX_SPI1_Init
                0x0000000008000bd0       0xb0 ./Core/Src/main.o
 .text.MX_TIM2_Init
                0x0000000008000c80       0x9c ./Core/Src/main.o
 .text.MX_GPIO_Init
                0x0000000008000d1c      0x440 ./Core/Src/main.o
 .text.HAL_GPIO_EXTI_Callback
                0x000000000800115c       0x64 ./Core/Src/main.o
                0x000000000800115c                HAL_GPIO_EXTI_Callback
 .text.HAL_TIM_PeriodElapsedCallback
                0x00000000080011c0      0x2e8 ./Core/Src/main.o
                0x00000000080011c0                HAL_TIM_PeriodElapsedCallback
 .text.Error_Handler
                0x00000000080014a8        0xa ./Core/Src/main.o
                0x00000000080014a8                Error_Handler
 *fill*         0x00000000080014b2        0x2 
 .text.HAL_MspInit
                0x00000000080014b4       0x34 ./Core/Src/stm32h7xx_hal_msp.o
                0x00000000080014b4                HAL_MspInit
 .text.HAL_SPI_MspInit
                0x00000000080014e8      0x114 ./Core/Src/stm32h7xx_hal_msp.o
                0x00000000080014e8                HAL_SPI_MspInit
 .text.HAL_TIM_Base_MspInit
                0x00000000080015fc       0x4c ./Core/Src/stm32h7xx_hal_msp.o
                0x00000000080015fc                HAL_TIM_Base_MspInit
 .text.NMI_Handler
                0x0000000008001648        0x6 ./Core/Src/stm32h7xx_it.o
                0x0000000008001648                NMI_Handler
 .text.HardFault_Handler
                0x000000000800164e        0x6 ./Core/Src/stm32h7xx_it.o
                0x000000000800164e                HardFault_Handler
 .text.MemManage_Handler
                0x0000000008001654        0x6 ./Core/Src/stm32h7xx_it.o
                0x0000000008001654                MemManage_Handler
 .text.BusFault_Handler
                0x000000000800165a        0x6 ./Core/Src/stm32h7xx_it.o
                0x000000000800165a                BusFault_Handler
 .text.UsageFault_Handler
                0x0000000008001660        0x6 ./Core/Src/stm32h7xx_it.o
                0x0000000008001660                UsageFault_Handler
 .text.SVC_Handler
                0x0000000008001666        0xe ./Core/Src/stm32h7xx_it.o
                0x0000000008001666                SVC_Handler
 .text.DebugMon_Handler
                0x0000000008001674        0xe ./Core/Src/stm32h7xx_it.o
                0x0000000008001674                DebugMon_Handler
 .text.PendSV_Handler
                0x0000000008001682        0xe ./Core/Src/stm32h7xx_it.o
                0x0000000008001682                PendSV_Handler
 .text.SysTick_Handler
                0x0000000008001690        0xc ./Core/Src/stm32h7xx_it.o
                0x0000000008001690                SysTick_Handler
 .text.EXTI9_5_IRQHandler
                0x000000000800169c       0x16 ./Core/Src/stm32h7xx_it.o
                0x000000000800169c                EXTI9_5_IRQHandler
 *fill*         0x00000000080016b2        0x2 
 .text.TIM2_IRQHandler
                0x00000000080016b4       0x14 ./Core/Src/stm32h7xx_it.o
                0x00000000080016b4                TIM2_IRQHandler
 .text.OTG_HS_IRQHandler
                0x00000000080016c8       0x14 ./Core/Src/stm32h7xx_it.o
                0x00000000080016c8                OTG_HS_IRQHandler
 .text._getpid  0x00000000080016dc       0x10 ./Core/Src/syscalls.o
                0x00000000080016dc                _getpid
 .text._kill    0x00000000080016ec       0x20 ./Core/Src/syscalls.o
                0x00000000080016ec                _kill
 .text._exit    0x000000000800170c       0x14 ./Core/Src/syscalls.o
                0x000000000800170c                _exit
 .text._read    0x0000000008001720       0x3a ./Core/Src/syscalls.o
                0x0000000008001720                _read
 .text._write   0x000000000800175a       0x38 ./Core/Src/syscalls.o
                0x000000000800175a                _write
 .text._close   0x0000000008001792       0x18 ./Core/Src/syscalls.o
                0x0000000008001792                _close
 .text._fstat   0x00000000080017aa       0x20 ./Core/Src/syscalls.o
                0x00000000080017aa                _fstat
 .text._isatty  0x00000000080017ca       0x16 ./Core/Src/syscalls.o
                0x00000000080017ca                _isatty
 .text._lseek   0x00000000080017e0       0x1a ./Core/Src/syscalls.o
                0x00000000080017e0                _lseek
 *fill*         0x00000000080017fa        0x2 
 .text._sbrk    0x00000000080017fc       0x6c ./Core/Src/sysmem.o
                0x00000000080017fc                _sbrk
 .text.SystemInit
                0x0000000008001868      0x110 ./Core/Src/system_stm32h7xx.o
                0x0000000008001868                SystemInit
 .text.Reset_Handler
                0x0000000008001978       0x50 ./Core/Startup/startup_stm32h723zgtx.o
                0x0000000008001978                Reset_Handler
 .text.Default_Handler
                0x00000000080019c8        0x2 ./Core/Startup/startup_stm32h723zgtx.o
                0x00000000080019c8                DMA1_Stream3_IRQHandler
                0x00000000080019c8                EXTI2_IRQHandler
                0x00000000080019c8                TIM8_CC_IRQHandler
                0x00000000080019c8                UART8_IRQHandler
                0x00000000080019c8                SPI4_IRQHandler
                0x00000000080019c8                FDCAN3_IT0_IRQHandler
                0x00000000080019c8                TIM1_CC_IRQHandler
                0x00000000080019c8                BDMA_Channel6_IRQHandler
                0x00000000080019c8                DMA2_Stream5_IRQHandler
                0x00000000080019c8                DMA1_Stream5_IRQHandler
                0x00000000080019c8                CORDIC_IRQHandler
                0x00000000080019c8                BDMA_Channel1_IRQHandler
                0x00000000080019c8                TAMP_STAMP_IRQHandler
                0x00000000080019c8                EXTI3_IRQHandler
                0x00000000080019c8                LPTIM4_IRQHandler
                0x00000000080019c8                TIM8_TRG_COM_TIM14_IRQHandler
                0x00000000080019c8                LPTIM2_IRQHandler
                0x00000000080019c8                DFSDM1_FLT1_IRQHandler
                0x00000000080019c8                DMAMUX2_OVR_IRQHandler
                0x00000000080019c8                TIM8_UP_TIM13_IRQHandler
                0x00000000080019c8                I2C3_ER_IRQHandler
                0x00000000080019c8                DFSDM1_FLT2_IRQHandler
                0x00000000080019c8                I2C5_EV_IRQHandler
                0x00000000080019c8                USART10_IRQHandler
                0x00000000080019c8                MDMA_IRQHandler
                0x00000000080019c8                LPTIM3_IRQHandler
                0x00000000080019c8                HSEM1_IRQHandler
                0x00000000080019c8                EXTI0_IRQHandler
                0x00000000080019c8                I2C2_EV_IRQHandler
                0x00000000080019c8                DMA1_Stream2_IRQHandler
                0x00000000080019c8                FPU_IRQHandler
                0x00000000080019c8                OTG_HS_WKUP_IRQHandler
                0x00000000080019c8                FDCAN1_IT1_IRQHandler
                0x00000000080019c8                LTDC_ER_IRQHandler
                0x00000000080019c8                DMA2_Stream2_IRQHandler
                0x00000000080019c8                SPI1_IRQHandler
                0x00000000080019c8                OCTOSPI1_IRQHandler
                0x00000000080019c8                TIM6_DAC_IRQHandler
                0x00000000080019c8                DMA2_Stream3_IRQHandler
                0x00000000080019c8                OCTOSPI2_IRQHandler
                0x00000000080019c8                DFSDM1_FLT3_IRQHandler
                0x00000000080019c8                TIM23_IRQHandler
                0x00000000080019c8                USART6_IRQHandler
                0x00000000080019c8                TIM17_IRQHandler
                0x00000000080019c8                USART3_IRQHandler
                0x00000000080019c8                BDMA_Channel7_IRQHandler
                0x00000000080019c8                LPTIM5_IRQHandler
                0x00000000080019c8                UART5_IRQHandler
                0x00000000080019c8                ADC3_IRQHandler
                0x00000000080019c8                DMA2_Stream0_IRQHandler
                0x00000000080019c8                TIM4_IRQHandler
                0x00000000080019c8                BDMA_Channel2_IRQHandler
                0x00000000080019c8                I2C1_EV_IRQHandler
                0x00000000080019c8                DMA1_Stream6_IRQHandler
                0x00000000080019c8                DMAMUX1_OVR_IRQHandler
                0x00000000080019c8                DMA1_Stream1_IRQHandler
                0x00000000080019c8                TIM16_IRQHandler
                0x00000000080019c8                UART4_IRQHandler
                0x00000000080019c8                BDMA_Channel5_IRQHandler
                0x00000000080019c8                TIM3_IRQHandler
                0x00000000080019c8                RCC_IRQHandler
                0x00000000080019c8                UART9_IRQHandler
                0x00000000080019c8                TIM8_BRK_TIM12_IRQHandler
                0x00000000080019c8                TIM1_TRG_COM_IRQHandler
                0x00000000080019c8                Default_Handler
                0x00000000080019c8                ECC_IRQHandler
                0x00000000080019c8                FMAC_IRQHandler
                0x00000000080019c8                CEC_IRQHandler
                0x00000000080019c8                EXTI15_10_IRQHandler
                0x00000000080019c8                BDMA_Channel0_IRQHandler
                0x00000000080019c8                ADC_IRQHandler
                0x00000000080019c8                I2C5_ER_IRQHandler
                0x00000000080019c8                DMA1_Stream7_IRQHandler
                0x00000000080019c8                SPI5_IRQHandler
                0x00000000080019c8                TIM7_IRQHandler
                0x00000000080019c8                FDCAN3_IT1_IRQHandler
                0x00000000080019c8                SDMMC1_IRQHandler
                0x00000000080019c8                TIM5_IRQHandler
                0x00000000080019c8                DMA2_Stream7_IRQHandler
                0x00000000080019c8                TIM15_IRQHandler
                0x00000000080019c8                PVD_AVD_IRQHandler
                0x00000000080019c8                I2C3_EV_IRQHandler
                0x00000000080019c8                RTC_WKUP_IRQHandler
                0x00000000080019c8                LTDC_IRQHandler
                0x00000000080019c8                ETH_WKUP_IRQHandler
                0x00000000080019c8                SPDIF_RX_IRQHandler
                0x00000000080019c8                SPI2_IRQHandler
                0x00000000080019c8                OTG_HS_EP1_IN_IRQHandler
                0x00000000080019c8                DMA1_Stream0_IRQHandler
                0x00000000080019c8                TIM24_IRQHandler
                0x00000000080019c8                CRS_IRQHandler
                0x00000000080019c8                EXTI4_IRQHandler
                0x00000000080019c8                RNG_IRQHandler
                0x00000000080019c8                FDCAN2_IT1_IRQHandler
                0x00000000080019c8                ETH_IRQHandler
                0x00000000080019c8                TIM1_UP_IRQHandler
                0x00000000080019c8                BDMA_Channel4_IRQHandler
                0x00000000080019c8                OTG_HS_EP1_OUT_IRQHandler
                0x00000000080019c8                WWDG_IRQHandler
                0x00000000080019c8                SPI6_IRQHandler
                0x00000000080019c8                MDIOS_IRQHandler
                0x00000000080019c8                I2C4_EV_IRQHandler
                0x00000000080019c8                FDCAN2_IT0_IRQHandler
                0x00000000080019c8                LPUART1_IRQHandler
                0x00000000080019c8                FDCAN1_IT0_IRQHandler
                0x00000000080019c8                DMA2D_IRQHandler
                0x00000000080019c8                TIM1_BRK_IRQHandler
                0x00000000080019c8                EXTI1_IRQHandler
                0x00000000080019c8                SDMMC2_IRQHandler
                0x00000000080019c8                BDMA_Channel3_IRQHandler
                0x00000000080019c8                DTS_IRQHandler
                0x00000000080019c8                UART7_IRQHandler
                0x00000000080019c8                MDIOS_WKUP_IRQHandler
                0x00000000080019c8                USART2_IRQHandler
                0x00000000080019c8                DFSDM1_FLT0_IRQHandler
                0x00000000080019c8                SAI4_IRQHandler
                0x00000000080019c8                I2C2_ER_IRQHandler
                0x00000000080019c8                DMA2_Stream1_IRQHandler
                0x00000000080019c8                FLASH_IRQHandler
                0x00000000080019c8                DMA2_Stream4_IRQHandler
                0x00000000080019c8                USART1_IRQHandler
                0x00000000080019c8                SPI3_IRQHandler
                0x00000000080019c8                WAKEUP_PIN_IRQHandler
                0x00000000080019c8                DMA1_Stream4_IRQHandler
                0x00000000080019c8                I2C1_ER_IRQHandler
                0x00000000080019c8                FMC_IRQHandler
                0x00000000080019c8                FDCAN_CAL_IRQHandler
                0x00000000080019c8                SWPMI1_IRQHandler
                0x00000000080019c8                COMP1_IRQHandler
                0x00000000080019c8                LPTIM1_IRQHandler
                0x00000000080019c8                DCMI_PSSI_IRQHandler
                0x00000000080019c8                I2C4_ER_IRQHandler
                0x00000000080019c8                DMA2_Stream6_IRQHandler
                0x00000000080019c8                SAI1_IRQHandler
                0x00000000080019c8                RTC_Alarm_IRQHandler
 *fill*         0x00000000080019ca        0x2 
 .text.HAL_Init
                0x00000000080019cc       0x78 ./Drivers/STM32H7xx_HAL_Driver/Src/stm32h7xx_hal.o
                0x00000000080019cc                HAL_Init
 .text.HAL_InitTick
                0x0000000008001a44       0x6c ./Drivers/STM32H7xx_HAL_Driver/Src/stm32h7xx_hal.o
                0x0000000008001a44                HAL_InitTick
 .text.HAL_IncTick
                0x0000000008001ab0       0x28 ./Drivers/STM32H7xx_HAL_Driver/Src/stm32h7xx_hal.o
                0x0000000008001ab0                HAL_IncTick
 .text.HAL_GetTick
                0x0000000008001ad8       0x18 ./Drivers/STM32H7xx_HAL_Driver/Src/stm32h7xx_hal.o
                0x0000000008001ad8                HAL_GetTick
 .text.HAL_Delay
                0x0000000008001af0       0x48 ./Drivers/STM32H7xx_HAL_Driver/Src/stm32h7xx_hal.o
                0x0000000008001af0                HAL_Delay
 .text.__NVIC_SetPriorityGrouping
                0x0000000008001b38       0x48 ./Drivers/STM32H7xx_HAL_Driver/Src/stm32h7xx_hal_cortex.o
 .text.__NVIC_GetPriorityGrouping
                0x0000000008001b80       0x1c ./Drivers/STM32H7xx_HAL_Driver/Src/stm32h7xx_hal_cortex.o
 .text.__NVIC_EnableIRQ
                0x0000000008001b9c       0x3c ./Drivers/STM32H7xx_HAL_Driver/Src/stm32h7xx_hal_cortex.o
 .text.__NVIC_SetPriority
                0x0000000008001bd8       0x54 ./Drivers/STM32H7xx_HAL_Driver/Src/stm32h7xx_hal_cortex.o
 .text.NVIC_EncodePriority
                0x0000000008001c2c       0x66 ./Drivers/STM32H7xx_HAL_Driver/Src/stm32h7xx_hal_cortex.o
 *fill*         0x0000000008001c92        0x2 
 .text.SysTick_Config
                0x0000000008001c94       0x44 ./Drivers/STM32H7xx_HAL_Driver/Src/stm32h7xx_hal_cortex.o
 .text.HAL_NVIC_SetPriorityGrouping
                0x0000000008001cd8       0x16 ./Drivers/STM32H7xx_HAL_Driver/Src/stm32h7xx_hal_cortex.o
                0x0000000008001cd8                HAL_NVIC_SetPriorityGrouping
 .text.HAL_NVIC_SetPriority
                0x0000000008001cee       0x34 ./Drivers/STM32H7xx_HAL_Driver/Src/stm32h7xx_hal_cortex.o
                0x0000000008001cee                HAL_NVIC_SetPriority
 .text.HAL_NVIC_EnableIRQ
                0x0000000008001d22       0x1c ./Drivers/STM32H7xx_HAL_Driver/Src/stm32h7xx_hal_cortex.o
                0x0000000008001d22                HAL_NVIC_EnableIRQ
 .text.HAL_SYSTICK_Config
                0x0000000008001d3e       0x18 ./Drivers/STM32H7xx_HAL_Driver/Src/stm32h7xx_hal_cortex.o
                0x0000000008001d3e                HAL_SYSTICK_Config
 *fill*         0x0000000008001d56        0x2 
 .text.HAL_GPIO_Init
                0x0000000008001d58      0x350 ./Drivers/STM32H7xx_HAL_Driver/Src/stm32h7xx_hal_gpio.o
                0x0000000008001d58                HAL_GPIO_Init
 .text.HAL_GPIO_WritePin
                0x00000000080020a8       0x32 ./Drivers/STM32H7xx_HAL_Driver/Src/stm32h7xx_hal_gpio.o
                0x00000000080020a8                HAL_GPIO_WritePin
 .text.HAL_GPIO_EXTI_IRQHandler
                0x00000000080020da       0x34 ./Drivers/STM32H7xx_HAL_Driver/Src/stm32h7xx_hal_gpio.o
                0x00000000080020da                HAL_GPIO_EXTI_IRQHandler
 .text.HAL_PCD_Init
                0x000000000800210e      0x248 ./Drivers/STM32H7xx_HAL_Driver/Src/stm32h7xx_hal_pcd.o
                0x000000000800210e                HAL_PCD_Init
 .text.HAL_PCD_Start
                0x0000000008002356       0x66 ./Drivers/STM32H7xx_HAL_Driver/Src/stm32h7xx_hal_pcd.o
                0x0000000008002356                HAL_PCD_Start
 .text.HAL_PCD_IRQHandler
                0x00000000080023bc      0x998 ./Drivers/STM32H7xx_HAL_Driver/Src/stm32h7xx_hal_pcd.o
                0x00000000080023bc                HAL_PCD_IRQHandler
 .text.HAL_PCD_SetAddress
                0x0000000008002d54       0x4a ./Drivers/STM32H7xx_HAL_Driver/Src/stm32h7xx_hal_pcd.o
                0x0000000008002d54                HAL_PCD_SetAddress
 .text.HAL_PCD_EP_Open
                0x0000000008002d9e       0xd0 ./Drivers/STM32H7xx_HAL_Driver/Src/stm32h7xx_hal_pcd.o
                0x0000000008002d9e                HAL_PCD_EP_Open
 .text.HAL_PCD_EP_Close
                0x0000000008002e6e       0x94 ./Drivers/STM32H7xx_HAL_Driver/Src/stm32h7xx_hal_pcd.o
                0x0000000008002e6e                HAL_PCD_EP_Close
 .text.HAL_PCD_EP_Receive
                0x0000000008002f02       0x96 ./Drivers/STM32H7xx_HAL_Driver/Src/stm32h7xx_hal_pcd.o
                0x0000000008002f02                HAL_PCD_EP_Receive
 .text.HAL_PCD_EP_GetRxCount
                0x0000000008002f98       0x30 ./Drivers/STM32H7xx_HAL_Driver/Src/stm32h7xx_hal_pcd.o
                0x0000000008002f98                HAL_PCD_EP_GetRxCount
 .text.HAL_PCD_EP_Transmit
                0x0000000008002fc8       0x94 ./Drivers/STM32H7xx_HAL_Driver/Src/stm32h7xx_hal_pcd.o
                0x0000000008002fc8                HAL_PCD_EP_Transmit
 .text.HAL_PCD_EP_SetStall
                0x000000000800305c       0xc8 ./Drivers/STM32H7xx_HAL_Driver/Src/stm32h7xx_hal_pcd.o
                0x000000000800305c                HAL_PCD_EP_SetStall
 .text.HAL_PCD_EP_ClrStall
                0x0000000008003124       0xac ./Drivers/STM32H7xx_HAL_Driver/Src/stm32h7xx_hal_pcd.o
                0x0000000008003124                HAL_PCD_EP_ClrStall
 .text.HAL_PCD_EP_Abort
                0x00000000080031d0       0x62 ./Drivers/STM32H7xx_HAL_Driver/Src/stm32h7xx_hal_pcd.o
                0x00000000080031d0                HAL_PCD_EP_Abort
 .text.PCD_WriteEmptyTxFifo
                0x0000000008003232      0x11a ./Drivers/STM32H7xx_HAL_Driver/Src/stm32h7xx_hal_pcd.o
 .text.PCD_EP_OutXfrComplete_int
                0x000000000800334c      0x1d0 ./Drivers/STM32H7xx_HAL_Driver/Src/stm32h7xx_hal_pcd.o
 .text.PCD_EP_OutSetupPacket_int
                0x000000000800351c       0x8c ./Drivers/STM32H7xx_HAL_Driver/Src/stm32h7xx_hal_pcd.o
 .text.HAL_PCDEx_SetTxFiFo
                0x00000000080035a8       0x8e ./Drivers/STM32H7xx_HAL_Driver/Src/stm32h7xx_hal_pcd_ex.o
                0x00000000080035a8                HAL_PCDEx_SetTxFiFo
 .text.HAL_PCDEx_SetRxFiFo
                0x0000000008003636       0x22 ./Drivers/STM32H7xx_HAL_Driver/Src/stm32h7xx_hal_pcd_ex.o
                0x0000000008003636                HAL_PCDEx_SetRxFiFo
 .text.HAL_PCDEx_ActivateLPM
                0x0000000008003658       0x48 ./Drivers/STM32H7xx_HAL_Driver/Src/stm32h7xx_hal_pcd_ex.o
                0x0000000008003658                HAL_PCDEx_ActivateLPM
 .text.HAL_PCDEx_LPM_Callback
                0x00000000080036a0       0x18 ./Drivers/STM32H7xx_HAL_Driver/Src/stm32h7xx_hal_pcd_ex.o
                0x00000000080036a0                HAL_PCDEx_LPM_Callback
 .text.HAL_PWREx_ConfigSupply
                0x00000000080036b8       0x74 ./Drivers/STM32H7xx_HAL_Driver/Src/stm32h7xx_hal_pwr_ex.o
                0x00000000080036b8                HAL_PWREx_ConfigSupply
 .text.HAL_PWREx_EnableUSBVoltageDetector
                0x000000000800372c       0x20 ./Drivers/STM32H7xx_HAL_Driver/Src/stm32h7xx_hal_pwr_ex.o
                0x000000000800372c                HAL_PWREx_EnableUSBVoltageDetector
 .text.HAL_RCC_OscConfig
                0x000000000800374c      0x75c ./Drivers/STM32H7xx_HAL_Driver/Src/stm32h7xx_hal_rcc.o
                0x000000000800374c                HAL_RCC_OscConfig
 .text.HAL_RCC_ClockConfig
                0x0000000008003ea8      0x36c ./Drivers/STM32H7xx_HAL_Driver/Src/stm32h7xx_hal_rcc.o
                0x0000000008003ea8                HAL_RCC_ClockConfig
 .text.HAL_RCC_GetSysClockFreq
                0x0000000008004214      0x2f4 ./Drivers/STM32H7xx_HAL_Driver/Src/stm32h7xx_hal_rcc.o
                0x0000000008004214                HAL_RCC_GetSysClockFreq
 .text.HAL_RCC_GetHCLKFreq
                0x0000000008004508       0x60 ./Drivers/STM32H7xx_HAL_Driver/Src/stm32h7xx_hal_rcc.o
                0x0000000008004508                HAL_RCC_GetHCLKFreq
 .text.HAL_RCCEx_PeriphCLKConfig
                0x0000000008004568      0xdf4 ./Drivers/STM32H7xx_HAL_Driver/Src/stm32h7xx_hal_rcc_ex.o
                0x0000000008004568                HAL_RCCEx_PeriphCLKConfig
 .text.RCCEx_PLL2_Config
                0x000000000800535c      0x164 ./Drivers/STM32H7xx_HAL_Driver/Src/stm32h7xx_hal_rcc_ex.o
 .text.RCCEx_PLL3_Config
                0x00000000080054c0      0x164 ./Drivers/STM32H7xx_HAL_Driver/Src/stm32h7xx_hal_rcc_ex.o
 .text.HAL_SPI_Init
                0x0000000008005624      0x20c ./Drivers/STM32H7xx_HAL_Driver/Src/stm32h7xx_hal_spi.o
                0x0000000008005624                HAL_SPI_Init
 .text.HAL_SPI_Transmit
                0x0000000008005830      0x3e4 ./Drivers/STM32H7xx_HAL_Driver/Src/stm32h7xx_hal_spi.o
                0x0000000008005830                HAL_SPI_Transmit
 .text.SPI_CloseTransfer
                0x0000000008005c14      0x140 ./Drivers/STM32H7xx_HAL_Driver/Src/stm32h7xx_hal_spi.o
 .text.SPI_WaitOnFlagUntilTimeout
                0x0000000008005d54       0x5c ./Drivers/STM32H7xx_HAL_Driver/Src/stm32h7xx_hal_spi.o
 .text.SPI_GetPacketSize
                0x0000000008005db0       0x36 ./Drivers/STM32H7xx_HAL_Driver/Src/stm32h7xx_hal_spi.o
 .text.HAL_TIM_Base_Init
                0x0000000008005de6       0xae ./Drivers/STM32H7xx_HAL_Driver/Src/stm32h7xx_hal_tim.o
                0x0000000008005de6                HAL_TIM_Base_Init
 .text.HAL_TIM_Base_Start_IT
                0x0000000008005e94      0x10c ./Drivers/STM32H7xx_HAL_Driver/Src/stm32h7xx_hal_tim.o
                0x0000000008005e94                HAL_TIM_Base_Start_IT
 .text.HAL_TIM_Base_Stop_IT
                0x0000000008005fa0       0x5e ./Drivers/STM32H7xx_HAL_Driver/Src/stm32h7xx_hal_tim.o
                0x0000000008005fa0                HAL_TIM_Base_Stop_IT
 .text.HAL_TIM_IRQHandler
                0x0000000008005ffe      0x23e ./Drivers/STM32H7xx_HAL_Driver/Src/stm32h7xx_hal_tim.o
                0x0000000008005ffe                HAL_TIM_IRQHandler
 .text.HAL_TIM_ConfigClockSource
                0x000000000800623c      0x1f0 ./Drivers/STM32H7xx_HAL_Driver/Src/stm32h7xx_hal_tim.o
                0x000000000800623c                HAL_TIM_ConfigClockSource
 .text.HAL_TIM_OC_DelayElapsedCallback
                0x000000000800642c       0x14 ./Drivers/STM32H7xx_HAL_Driver/Src/stm32h7xx_hal_tim.o
                0x000000000800642c                HAL_TIM_OC_DelayElapsedCallback
 .text.HAL_TIM_IC_CaptureCallback
                0x0000000008006440       0x14 ./Drivers/STM32H7xx_HAL_Driver/Src/stm32h7xx_hal_tim.o
                0x0000000008006440                HAL_TIM_IC_CaptureCallback
 .text.HAL_TIM_PWM_PulseFinishedCallback
                0x0000000008006454       0x14 ./Drivers/STM32H7xx_HAL_Driver/Src/stm32h7xx_hal_tim.o
                0x0000000008006454                HAL_TIM_PWM_PulseFinishedCallback
 .text.HAL_TIM_TriggerCallback
                0x0000000008006468       0x14 ./Drivers/STM32H7xx_HAL_Driver/Src/stm32h7xx_hal_tim.o
                0x0000000008006468                HAL_TIM_TriggerCallback
 .text.TIM_Base_SetConfig
                0x000000000800647c      0x14c ./Drivers/STM32H7xx_HAL_Driver/Src/stm32h7xx_hal_tim.o
                0x000000000800647c                TIM_Base_SetConfig
 .text.TIM_TI1_ConfigInputStage
                0x00000000080065c8       0x5e ./Drivers/STM32H7xx_HAL_Driver/Src/stm32h7xx_hal_tim.o
 .text.TIM_TI2_ConfigInputStage
                0x0000000008006626       0x60 ./Drivers/STM32H7xx_HAL_Driver/Src/stm32h7xx_hal_tim.o
 *fill*         0x0000000008006686        0x2 
 .text.TIM_ITRx_SetConfig
                0x0000000008006688       0x3c ./Drivers/STM32H7xx_HAL_Driver/Src/stm32h7xx_hal_tim.o
 .text.TIM_ETR_SetConfig
                0x00000000080066c4       0x40 ./Drivers/STM32H7xx_HAL_Driver/Src/stm32h7xx_hal_tim.o
                0x00000000080066c4                TIM_ETR_SetConfig
 .text.HAL_TIMEx_MasterConfigSynchronization
                0x0000000008006704      0x138 ./Drivers/STM32H7xx_HAL_Driver/Src/stm32h7xx_hal_tim_ex.o
                0x0000000008006704                HAL_TIMEx_MasterConfigSynchronization
 .text.HAL_TIMEx_CommutCallback
                0x000000000800683c       0x14 ./Drivers/STM32H7xx_HAL_Driver/Src/stm32h7xx_hal_tim_ex.o
                0x000000000800683c                HAL_TIMEx_CommutCallback
 .text.HAL_TIMEx_BreakCallback
                0x0000000008006850       0x14 ./Drivers/STM32H7xx_HAL_Driver/Src/stm32h7xx_hal_tim_ex.o
                0x0000000008006850                HAL_TIMEx_BreakCallback
 .text.HAL_TIMEx_Break2Callback
                0x0000000008006864       0x14 ./Drivers/STM32H7xx_HAL_Driver/Src/stm32h7xx_hal_tim_ex.o
                0x0000000008006864                HAL_TIMEx_Break2Callback
 .text.USB_CoreInit
                0x0000000008006878       0xdc ./Drivers/STM32H7xx_HAL_Driver/Src/stm32h7xx_ll_usb.o
                0x0000000008006878                USB_CoreInit
 .text.USB_SetTurnaroundTime
                0x0000000008006954      0x144 ./Drivers/STM32H7xx_HAL_Driver/Src/stm32h7xx_ll_usb.o
                0x0000000008006954                USB_SetTurnaroundTime
 .text.USB_EnableGlobalInt
                0x0000000008006a98       0x22 ./Drivers/STM32H7xx_HAL_Driver/Src/stm32h7xx_ll_usb.o
                0x0000000008006a98                USB_EnableGlobalInt
 .text.USB_DisableGlobalInt
                0x0000000008006aba       0x22 ./Drivers/STM32H7xx_HAL_Driver/Src/stm32h7xx_ll_usb.o
                0x0000000008006aba                USB_DisableGlobalInt
 .text.USB_SetCurrentMode
                0x0000000008006adc       0x98 ./Drivers/STM32H7xx_HAL_Driver/Src/stm32h7xx_ll_usb.o
                0x0000000008006adc                USB_SetCurrentMode
 .text.USB_DevInit
                0x0000000008006b74      0x2bc ./Drivers/STM32H7xx_HAL_Driver/Src/stm32h7xx_ll_usb.o
                0x0000000008006b74                USB_DevInit
 .text.USB_FlushTxFifo
                0x0000000008006e30       0x68 ./Drivers/STM32H7xx_HAL_Driver/Src/stm32h7xx_ll_usb.o
                0x0000000008006e30                USB_FlushTxFifo
 .text.USB_FlushRxFifo
                0x0000000008006e98       0x60 ./Drivers/STM32H7xx_HAL_Driver/Src/stm32h7xx_ll_usb.o
                0x0000000008006e98                USB_FlushRxFifo
 .text.USB_SetDevSpeed
                0x0000000008006ef8       0x32 ./Drivers/STM32H7xx_HAL_Driver/Src/stm32h7xx_ll_usb.o
                0x0000000008006ef8                USB_SetDevSpeed
 .text.USB_GetDevSpeed
                0x0000000008006f2a       0x4a ./Drivers/STM32H7xx_HAL_Driver/Src/stm32h7xx_ll_usb.o
                0x0000000008006f2a                USB_GetDevSpeed
 .text.USB_ActivateEndpoint
                0x0000000008006f74      0x110 ./Drivers/STM32H7xx_HAL_Driver/Src/stm32h7xx_ll_usb.o
                0x0000000008006f74                USB_ActivateEndpoint
 .text.USB_DeactivateEndpoint
                0x0000000008007084      0x1b8 ./Drivers/STM32H7xx_HAL_Driver/Src/stm32h7xx_ll_usb.o
                0x0000000008007084                USB_DeactivateEndpoint
 .text.USB_EPStartXfer
                0x000000000800723c      0x4a0 ./Drivers/STM32H7xx_HAL_Driver/Src/stm32h7xx_ll_usb.o
                0x000000000800723c                USB_EPStartXfer
 .text.USB_EP0StartXfer
                0x00000000080076dc      0x2b8 ./Drivers/STM32H7xx_HAL_Driver/Src/stm32h7xx_ll_usb.o
                0x00000000080076dc                USB_EP0StartXfer
 .text.USB_EPStopXfer
                0x0000000008007994      0x154 ./Drivers/STM32H7xx_HAL_Driver/Src/stm32h7xx_ll_usb.o
                0x0000000008007994                USB_EPStopXfer
 .text.USB_WritePacket
                0x0000000008007ae8       0x7c ./Drivers/STM32H7xx_HAL_Driver/Src/stm32h7xx_ll_usb.o
                0x0000000008007ae8                USB_WritePacket
 .text.USB_ReadPacket
                0x0000000008007b64       0xb0 ./Drivers/STM32H7xx_HAL_Driver/Src/stm32h7xx_ll_usb.o
                0x0000000008007b64                USB_ReadPacket
 .text.USB_EPSetStall
                0x0000000008007c14       0xdc ./Drivers/STM32H7xx_HAL_Driver/Src/stm32h7xx_ll_usb.o
                0x0000000008007c14                USB_EPSetStall
 .text.USB_EPClearStall
                0x0000000008007cf0       0xcc ./Drivers/STM32H7xx_HAL_Driver/Src/stm32h7xx_ll_usb.o
                0x0000000008007cf0                USB_EPClearStall
 .text.USB_SetDevAddress
                0x0000000008007dbc       0x4c ./Drivers/STM32H7xx_HAL_Driver/Src/stm32h7xx_ll_usb.o
                0x0000000008007dbc                USB_SetDevAddress
 .text.USB_DevConnect
                0x0000000008007e08       0x42 ./Drivers/STM32H7xx_HAL_Driver/Src/stm32h7xx_ll_usb.o
                0x0000000008007e08                USB_DevConnect
 .text.USB_DevDisconnect
                0x0000000008007e4a       0x42 ./Drivers/STM32H7xx_HAL_Driver/Src/stm32h7xx_ll_usb.o
                0x0000000008007e4a                USB_DevDisconnect
 .text.USB_ReadInterrupts
                0x0000000008007e8c       0x26 ./Drivers/STM32H7xx_HAL_Driver/Src/stm32h7xx_ll_usb.o
                0x0000000008007e8c                USB_ReadInterrupts
 .text.USB_ReadDevAllOutEpInterrupt
                0x0000000008007eb2       0x34 ./Drivers/STM32H7xx_HAL_Driver/Src/stm32h7xx_ll_usb.o
                0x0000000008007eb2                USB_ReadDevAllOutEpInterrupt
 .text.USB_ReadDevAllInEpInterrupt
                0x0000000008007ee6       0x34 ./Drivers/STM32H7xx_HAL_Driver/Src/stm32h7xx_ll_usb.o
                0x0000000008007ee6                USB_ReadDevAllInEpInterrupt
 .text.USB_ReadDevOutEPInterrupt
                0x0000000008007f1a       0x3c ./Drivers/STM32H7xx_HAL_Driver/Src/stm32h7xx_ll_usb.o
                0x0000000008007f1a                USB_ReadDevOutEPInterrupt
 .text.USB_ReadDevInEPInterrupt
                0x0000000008007f56       0x5c ./Drivers/STM32H7xx_HAL_Driver/Src/stm32h7xx_ll_usb.o
                0x0000000008007f56                USB_ReadDevInEPInterrupt
 .text.USB_GetMode
                0x0000000008007fb2       0x1c ./Drivers/STM32H7xx_HAL_Driver/Src/stm32h7xx_ll_usb.o
                0x0000000008007fb2                USB_GetMode
 *fill*         0x0000000008007fce        0x2 
 .text.USB_ActivateSetup
                0x0000000008007fd0       0x48 ./Drivers/STM32H7xx_HAL_Driver/Src/stm32h7xx_ll_usb.o
                0x0000000008007fd0                USB_ActivateSetup
 .text.USB_EP0_OutStart
                0x0000000008008018       0xbc ./Drivers/STM32H7xx_HAL_Driver/Src/stm32h7xx_ll_usb.o
                0x0000000008008018                USB_EP0_OutStart
 .text.USB_CoreReset
                0x00000000080080d4       0x68 ./Drivers/STM32H7xx_HAL_Driver/Src/stm32h7xx_ll_usb.o
 .text.USBD_CDC_Init
                0x000000000800813c      0x1f0 ./Middlewares/ST/STM32_USB_Device_Library/Class/CDC/Src/usbd_cdc.o
 .text.USBD_CDC_DeInit
                0x000000000800832c      0x104 ./Middlewares/ST/STM32_USB_Device_Library/Class/CDC/Src/usbd_cdc.o
 .text.USBD_CDC_Setup
                0x0000000008008430      0x1b8 ./Middlewares/ST/STM32_USB_Device_Library/Class/CDC/Src/usbd_cdc.o
 .text.USBD_CDC_DataIn
                0x00000000080085e8       0xfe ./Middlewares/ST/STM32_USB_Device_Library/Class/CDC/Src/usbd_cdc.o
 .text.USBD_CDC_DataOut
                0x00000000080086e6       0x70 ./Middlewares/ST/STM32_USB_Device_Library/Class/CDC/Src/usbd_cdc.o
 .text.USBD_CDC_EP0_RxReady
                0x0000000008008756       0x76 ./Middlewares/ST/STM32_USB_Device_Library/Class/CDC/Src/usbd_cdc.o
 .text.USBD_CDC_GetFSCfgDesc
                0x00000000080087cc       0x70 ./Middlewares/ST/STM32_USB_Device_Library/Class/CDC/Src/usbd_cdc.o
 .text.USBD_CDC_GetHSCfgDesc
                0x000000000800883c       0x70 ./Middlewares/ST/STM32_USB_Device_Library/Class/CDC/Src/usbd_cdc.o
 .text.USBD_CDC_GetOtherSpeedCfgDesc
                0x00000000080088ac       0x70 ./Middlewares/ST/STM32_USB_Device_Library/Class/CDC/Src/usbd_cdc.o
 .text.USBD_CDC_GetDeviceQualifierDescriptor
                0x000000000800891c       0x20 ./Middlewares/ST/STM32_USB_Device_Library/Class/CDC/Src/usbd_cdc.o
                0x000000000800891c                USBD_CDC_GetDeviceQualifierDescriptor
 .text.USBD_CDC_RegisterInterface
                0x000000000800893c       0x34 ./Middlewares/ST/STM32_USB_Device_Library/Class/CDC/Src/usbd_cdc.o
                0x000000000800893c                USBD_CDC_RegisterInterface
 .text.USBD_CDC_SetTxBuffer
                0x0000000008008970       0x44 ./Middlewares/ST/STM32_USB_Device_Library/Class/CDC/Src/usbd_cdc.o
                0x0000000008008970                USBD_CDC_SetTxBuffer
 .text.USBD_CDC_SetRxBuffer
                0x00000000080089b4       0x3a ./Middlewares/ST/STM32_USB_Device_Library/Class/CDC/Src/usbd_cdc.o
                0x00000000080089b4                USBD_CDC_SetRxBuffer
 *fill*         0x00000000080089ee        0x2 
 .text.USBD_CDC_TransmitPacket
                0x00000000080089f0       0x8c ./Middlewares/ST/STM32_USB_Device_Library/Class/CDC/Src/usbd_cdc.o
                0x00000000080089f0                USBD_CDC_TransmitPacket
 .text.USBD_CDC_ReceivePacket
                0x0000000008008a7c       0x6c ./Middlewares/ST/STM32_USB_Device_Library/Class/CDC/Src/usbd_cdc.o
                0x0000000008008a7c                USBD_CDC_ReceivePacket
 .text.USBD_Init
                0x0000000008008ae8       0x60 ./Middlewares/ST/STM32_USB_Device_Library/Core/Src/usbd_core.o
                0x0000000008008ae8                USBD_Init
 .text.USBD_RegisterClass
                0x0000000008008b48       0x6c ./Middlewares/ST/STM32_USB_Device_Library/Core/Src/usbd_core.o
                0x0000000008008b48                USBD_RegisterClass
 .text.USBD_Start
                0x0000000008008bb4       0x18 ./Middlewares/ST/STM32_USB_Device_Library/Core/Src/usbd_core.o
                0x0000000008008bb4                USBD_Start
 .text.USBD_RunTestMode
                0x0000000008008bcc       0x16 ./Middlewares/ST/STM32_USB_Device_Library/Core/Src/usbd_core.o
                0x0000000008008bcc                USBD_RunTestMode
 .text.USBD_SetClassConfig
                0x0000000008008be2       0x38 ./Middlewares/ST/STM32_USB_Device_Library/Core/Src/usbd_core.o
                0x0000000008008be2                USBD_SetClassConfig
 .text.USBD_ClrClassConfig
                0x0000000008008c1a       0x34 ./Middlewares/ST/STM32_USB_Device_Library/Core/Src/usbd_core.o
                0x0000000008008c1a                USBD_ClrClassConfig
 .text.USBD_LL_SetupStage
                0x0000000008008c4e       0xaa ./Middlewares/ST/STM32_USB_Device_Library/Core/Src/usbd_core.o
                0x0000000008008c4e                USBD_LL_SetupStage
 .text.USBD_LL_DataOutStage
                0x0000000008008cf8      0x166 ./Middlewares/ST/STM32_USB_Device_Library/Core/Src/usbd_core.o
                0x0000000008008cf8                USBD_LL_DataOutStage
 .text.USBD_LL_DataInStage
                0x0000000008008e5e      0x164 ./Middlewares/ST/STM32_USB_Device_Library/Core/Src/usbd_core.o
                0x0000000008008e5e                USBD_LL_DataInStage
 .text.USBD_LL_Reset
                0x0000000008008fc2       0xa4 ./Middlewares/ST/STM32_USB_Device_Library/Core/Src/usbd_core.o
                0x0000000008008fc2                USBD_LL_Reset
 .text.USBD_LL_SetSpeed
                0x0000000008009066       0x20 ./Middlewares/ST/STM32_USB_Device_Library/Core/Src/usbd_core.o
                0x0000000008009066                USBD_LL_SetSpeed
 .text.USBD_LL_Suspend
                0x0000000008009086       0x2c ./Middlewares/ST/STM32_USB_Device_Library/Core/Src/usbd_core.o
                0x0000000008009086                USBD_LL_Suspend
 .text.USBD_LL_Resume
                0x00000000080090b2       0x30 ./Middlewares/ST/STM32_USB_Device_Library/Core/Src/usbd_core.o
                0x00000000080090b2                USBD_LL_Resume
 .text.USBD_LL_SOF
                0x00000000080090e2       0x40 ./Middlewares/ST/STM32_USB_Device_Library/Core/Src/usbd_core.o
                0x00000000080090e2                USBD_LL_SOF
 .text.USBD_LL_IsoINIncomplete
                0x0000000008009122       0x64 ./Middlewares/ST/STM32_USB_Device_Library/Core/Src/usbd_core.o
                0x0000000008009122                USBD_LL_IsoINIncomplete
 .text.USBD_LL_IsoOUTIncomplete
                0x0000000008009186       0x64 ./Middlewares/ST/STM32_USB_Device_Library/Core/Src/usbd_core.o
                0x0000000008009186                USBD_LL_IsoOUTIncomplete
 .text.USBD_LL_DevConnected
                0x00000000080091ea       0x16 ./Middlewares/ST/STM32_USB_Device_Library/Core/Src/usbd_core.o
                0x00000000080091ea                USBD_LL_DevConnected
 .text.USBD_LL_DevDisconnected
                0x0000000008009200       0x46 ./Middlewares/ST/STM32_USB_Device_Library/Core/Src/usbd_core.o
                0x0000000008009200                USBD_LL_DevDisconnected
 .text.USBD_CoreFindIF
                0x0000000008009246       0x1a ./Middlewares/ST/STM32_USB_Device_Library/Core/Src/usbd_core.o
                0x0000000008009246                USBD_CoreFindIF
 .text.USBD_CoreFindEP
                0x0000000008009260       0x1a ./Middlewares/ST/STM32_USB_Device_Library/Core/Src/usbd_core.o
                0x0000000008009260                USBD_CoreFindEP
 .text.USBD_GetEpDesc
                0x000000000800927a       0x74 ./Middlewares/ST/STM32_USB_Device_Library/Core/Src/usbd_core.o
                0x000000000800927a                USBD_GetEpDesc
 .text.USBD_GetNextDesc
                0x00000000080092ee       0x3a ./Middlewares/ST/STM32_USB_Device_Library/Core/Src/usbd_core.o
                0x00000000080092ee                USBD_GetNextDesc
 .text.SWAPBYTE
                0x0000000008009328       0x3c ./Middlewares/ST/STM32_USB_Device_Library/Core/Src/usbd_ctlreq.o
 .text.USBD_StdDevReq
                0x0000000008009364       0xe4 ./Middlewares/ST/STM32_USB_Device_Library/Core/Src/usbd_ctlreq.o
                0x0000000008009364                USBD_StdDevReq
 .text.USBD_StdItfReq
                0x0000000008009448       0xd8 ./Middlewares/ST/STM32_USB_Device_Library/Core/Src/usbd_ctlreq.o
                0x0000000008009448                USBD_StdItfReq
 .text.USBD_StdEPReq
                0x0000000008009520      0x33a ./Middlewares/ST/STM32_USB_Device_Library/Core/Src/usbd_ctlreq.o
                0x0000000008009520                USBD_StdEPReq
 *fill*         0x000000000800985a        0x2 
 .text.USBD_GetDescriptor
                0x000000000800985c      0x2d4 ./Middlewares/ST/STM32_USB_Device_Library/Core/Src/usbd_ctlreq.o
 .text.USBD_SetAddress
                0x0000000008009b30       0x88 ./Middlewares/ST/STM32_USB_Device_Library/Core/Src/usbd_ctlreq.o
 .text.USBD_SetConfig
                0x0000000008009bb8      0x154 ./Middlewares/ST/STM32_USB_Device_Library/Core/Src/usbd_ctlreq.o
 .text.USBD_GetConfig
                0x0000000008009d0c       0x6c ./Middlewares/ST/STM32_USB_Device_Library/Core/Src/usbd_ctlreq.o
 .text.USBD_GetStatus
                0x0000000008009d78       0x68 ./Middlewares/ST/STM32_USB_Device_Library/Core/Src/usbd_ctlreq.o
 .text.USBD_SetFeature
                0x0000000008009de0       0x52 ./Middlewares/ST/STM32_USB_Device_Library/Core/Src/usbd_ctlreq.o
 .text.USBD_ClrFeature
                0x0000000008009e32       0x44 ./Middlewares/ST/STM32_USB_Device_Library/Core/Src/usbd_ctlreq.o
 .text.USBD_ParseSetupRequest
                0x0000000008009e76       0x74 ./Middlewares/ST/STM32_USB_Device_Library/Core/Src/usbd_ctlreq.o
                0x0000000008009e76                USBD_ParseSetupRequest
 .text.USBD_CtlError
                0x0000000008009eea       0x22 ./Middlewares/ST/STM32_USB_Device_Library/Core/Src/usbd_ctlreq.o
                0x0000000008009eea                USBD_CtlError
 .text.USBD_GetString
                0x0000000008009f0c       0x8c ./Middlewares/ST/STM32_USB_Device_Library/Core/Src/usbd_ctlreq.o
                0x0000000008009f0c                USBD_GetString
 .text.USBD_GetLen
                0x0000000008009f98       0x34 ./Middlewares/ST/STM32_USB_Device_Library/Core/Src/usbd_ctlreq.o
 .text.USBD_CtlSendData
                0x0000000008009fcc       0x36 ./Middlewares/ST/STM32_USB_Device_Library/Core/Src/usbd_ioreq.o
                0x0000000008009fcc                USBD_CtlSendData
 .text.USBD_CtlContinueSendData
                0x000000000800a002       0x22 ./Middlewares/ST/STM32_USB_Device_Library/Core/Src/usbd_ioreq.o
                0x000000000800a002                USBD_CtlContinueSendData
 .text.USBD_CtlPrepareRx
                0x000000000800a024       0x3a ./Middlewares/ST/STM32_USB_Device_Library/Core/Src/usbd_ioreq.o
                0x000000000800a024                USBD_CtlPrepareRx
 .text.USBD_CtlContinueRx
                0x000000000800a05e       0x22 ./Middlewares/ST/STM32_USB_Device_Library/Core/Src/usbd_ioreq.o
                0x000000000800a05e                USBD_CtlContinueRx
 .text.USBD_CtlSendStatus
                0x000000000800a080       0x26 ./Middlewares/ST/STM32_USB_Device_Library/Core/Src/usbd_ioreq.o
                0x000000000800a080                USBD_CtlSendStatus
 .text.USBD_CtlReceiveStatus
                0x000000000800a0a6       0x26 ./Middlewares/ST/STM32_USB_Device_Library/Core/Src/usbd_ioreq.o
                0x000000000800a0a6                USBD_CtlReceiveStatus
 .text.MX_USB_DEVICE_Init
                0x000000000800a0cc       0x64 ./USB_DEVICE/App/usb_device.o
                0x000000000800a0cc                MX_USB_DEVICE_Init
 .text.CDC_Init_HS
                0x000000000800a130       0x28 ./USB_DEVICE/App/usbd_cdc_if.o
 .text.CDC_DeInit_HS
                0x000000000800a158       0x10 ./USB_DEVICE/App/usbd_cdc_if.o
 .text.CDC_Control_HS
                0x000000000800a168       0xbc ./USB_DEVICE/App/usbd_cdc_if.o
 .text.CDC_Receive_HS
                0x000000000800a224       0x54 ./USB_DEVICE/App/usbd_cdc_if.o
 .text.CDC_Transmit_HS
                0x000000000800a278       0x4c ./USB_DEVICE/App/usbd_cdc_if.o
                0x000000000800a278                CDC_Transmit_HS
 .text.CDC_TransmitCplt_HS
                0x000000000800a2c4       0x22 ./USB_DEVICE/App/usbd_cdc_if.o
 *fill*         0x000000000800a2e6        0x2 
 .text.USBD_HS_DeviceDescriptor
                0x000000000800a2e8       0x24 ./USB_DEVICE/App/usbd_desc.o
                0x000000000800a2e8                USBD_HS_DeviceDescriptor
 .text.USBD_HS_LangIDStrDescriptor
                0x000000000800a30c       0x24 ./USB_DEVICE/App/usbd_desc.o
                0x000000000800a30c                USBD_HS_LangIDStrDescriptor
 .text.USBD_HS_ProductStrDescriptor
                0x000000000800a330       0x3c ./USB_DEVICE/App/usbd_desc.o
                0x000000000800a330                USBD_HS_ProductStrDescriptor
 .text.USBD_HS_ManufacturerStrDescriptor
                0x000000000800a36c       0x28 ./USB_DEVICE/App/usbd_desc.o
                0x000000000800a36c                USBD_HS_ManufacturerStrDescriptor
 .text.USBD_HS_SerialStrDescriptor
                0x000000000800a394       0x24 ./USB_DEVICE/App/usbd_desc.o
                0x000000000800a394                USBD_HS_SerialStrDescriptor
 .text.USBD_HS_ConfigStrDescriptor
                0x000000000800a3b8       0x3c ./USB_DEVICE/App/usbd_desc.o
                0x000000000800a3b8                USBD_HS_ConfigStrDescriptor
 .text.USBD_HS_InterfaceStrDescriptor
                0x000000000800a3f4       0x3c ./USB_DEVICE/App/usbd_desc.o
                0x000000000800a3f4                USBD_HS_InterfaceStrDescriptor
 .text.Get_SerialNum
                0x000000000800a430       0x58 ./USB_DEVICE/App/usbd_desc.o
 .text.IntToUnicode
                0x000000000800a488       0x7e ./USB_DEVICE/App/usbd_desc.o
 *fill*         0x000000000800a506        0x2 
 .text.HAL_PCD_MspInit
                0x000000000800a508       0xe4 ./USB_DEVICE/Target/usbd_conf.o
                0x000000000800a508                HAL_PCD_MspInit
 .text.HAL_PCD_SetupStageCallback
                0x000000000800a5ec       0x24 ./USB_DEVICE/Target/usbd_conf.o
                0x000000000800a5ec                HAL_PCD_SetupStageCallback
 .text.HAL_PCD_DataOutStageCallback
                0x000000000800a610       0x36 ./USB_DEVICE/Target/usbd_conf.o
                0x000000000800a610                HAL_PCD_DataOutStageCallback
 .text.HAL_PCD_DataInStageCallback
                0x000000000800a646       0x34 ./USB_DEVICE/Target/usbd_conf.o
                0x000000000800a646                HAL_PCD_DataInStageCallback
 .text.HAL_PCD_SOFCallback
                0x000000000800a67a       0x1c ./USB_DEVICE/Target/usbd_conf.o
                0x000000000800a67a                HAL_PCD_SOFCallback
 .text.HAL_PCD_ResetCallback
                0x000000000800a696       0x50 ./USB_DEVICE/Target/usbd_conf.o
                0x000000000800a696                HAL_PCD_ResetCallback
 *fill*         0x000000000800a6e6        0x2 
 .text.HAL_PCD_SuspendCallback
                0x000000000800a6e8       0x4c ./USB_DEVICE/Target/usbd_conf.o
                0x000000000800a6e8                HAL_PCD_SuspendCallback
 .text.HAL_PCD_ResumeCallback
                0x000000000800a734       0x1c ./USB_DEVICE/Target/usbd_conf.o
                0x000000000800a734                HAL_PCD_ResumeCallback
 .text.HAL_PCD_ISOOUTIncompleteCallback
                0x000000000800a750       0x24 ./USB_DEVICE/Target/usbd_conf.o
                0x000000000800a750                HAL_PCD_ISOOUTIncompleteCallback
 .text.HAL_PCD_ISOINIncompleteCallback
                0x000000000800a774       0x24 ./USB_DEVICE/Target/usbd_conf.o
                0x000000000800a774                HAL_PCD_ISOINIncompleteCallback
 .text.HAL_PCD_ConnectCallback
                0x000000000800a798       0x1c ./USB_DEVICE/Target/usbd_conf.o
                0x000000000800a798                HAL_PCD_ConnectCallback
 .text.HAL_PCD_DisconnectCallback
                0x000000000800a7b4       0x1c ./USB_DEVICE/Target/usbd_conf.o
                0x000000000800a7b4                HAL_PCD_DisconnectCallback
 .text.USBD_LL_Init
                0x000000000800a7d0       0xa4 ./USB_DEVICE/Target/usbd_conf.o
                0x000000000800a7d0                USBD_LL_Init
 .text.USBD_LL_Start
                0x000000000800a874       0x36 ./USB_DEVICE/Target/usbd_conf.o
                0x000000000800a874                USBD_LL_Start
 .text.USBD_LL_OpenEP
                0x000000000800a8aa       0x4c ./USB_DEVICE/Target/usbd_conf.o
                0x000000000800a8aa                USBD_LL_OpenEP
 .text.USBD_LL_CloseEP
                0x000000000800a8f6       0x3e ./USB_DEVICE/Target/usbd_conf.o
                0x000000000800a8f6                USBD_LL_CloseEP
 .text.USBD_LL_StallEP
                0x000000000800a934       0x3e ./USB_DEVICE/Target/usbd_conf.o
                0x000000000800a934                USBD_LL_StallEP
 .text.USBD_LL_ClearStallEP
                0x000000000800a972       0x3e ./USB_DEVICE/Target/usbd_conf.o
                0x000000000800a972                USBD_LL_ClearStallEP
 .text.USBD_LL_IsStallEP
                0x000000000800a9b0       0x58 ./USB_DEVICE/Target/usbd_conf.o
                0x000000000800a9b0                USBD_LL_IsStallEP
 .text.USBD_LL_SetUSBAddress
                0x000000000800aa08       0x3e ./USB_DEVICE/Target/usbd_conf.o
                0x000000000800aa08                USBD_LL_SetUSBAddress
 .text.USBD_LL_Transmit
                0x000000000800aa46       0x42 ./USB_DEVICE/Target/usbd_conf.o
                0x000000000800aa46                USBD_LL_Transmit
 .text.USBD_LL_PrepareReceive
                0x000000000800aa88       0x42 ./USB_DEVICE/Target/usbd_conf.o
                0x000000000800aa88                USBD_LL_PrepareReceive
 .text.USBD_LL_GetRxDataSize
                0x000000000800aaca       0x26 ./USB_DEVICE/Target/usbd_conf.o
                0x000000000800aaca                USBD_LL_GetRxDataSize
 .text.USBD_static_malloc
                0x000000000800aaf0       0x1c ./USB_DEVICE/Target/usbd_conf.o
                0x000000000800aaf0                USBD_static_malloc
 .text.USBD_static_free
                0x000000000800ab0c       0x14 ./USB_DEVICE/Target/usbd_conf.o
                0x000000000800ab0c                USBD_static_free
 .text.USBD_Get_USB_Status
                0x000000000800ab20       0x58 ./USB_DEVICE/Target/usbd_conf.o
                0x000000000800ab20                USBD_Get_USB_Status
 .text.atoi     0x000000000800ab78        0x8 /Applications/STM32CubeIDE.app/Contents/Eclipse/plugins/com.st.stm32cube.ide.mcu.externaltools.gnu-tools-for-stm32.10.3-2021.10.macos64_1.0.0.202111181127/tools/bin/../lib/gcc/arm-none-eabi/10.3.1/../../../../arm-none-eabi/lib/thumb/v7e-m+dp/hard/libc_nano.a(lib_a-atoi.o)
                0x000000000800ab78                atoi
 .text.__errno  0x000000000800ab80        0xc /Applications/STM32CubeIDE.app/Contents/Eclipse/plugins/com.st.stm32cube.ide.mcu.externaltools.gnu-tools-for-stm32.10.3-2021.10.macos64_1.0.0.202111181127/tools/bin/../lib/gcc/arm-none-eabi/10.3.1/../../../../arm-none-eabi/lib/thumb/v7e-m+dp/hard/libc_nano.a(lib_a-errno.o)
                0x000000000800ab80                __errno
 .text.__libc_init_array
                0x000000000800ab8c       0x48 /Applications/STM32CubeIDE.app/Contents/Eclipse/plugins/com.st.stm32cube.ide.mcu.externaltools.gnu-tools-for-stm32.10.3-2021.10.macos64_1.0.0.202111181127/tools/bin/../lib/gcc/arm-none-eabi/10.3.1/../../../../arm-none-eabi/lib/thumb/v7e-m+dp/hard/libc_nano.a(lib_a-init.o)
                0x000000000800ab8c                __libc_init_array
 .text.memcpy   0x000000000800abd4       0x1c /Applications/STM32CubeIDE.app/Contents/Eclipse/plugins/com.st.stm32cube.ide.mcu.externaltools.gnu-tools-for-stm32.10.3-2021.10.macos64_1.0.0.202111181127/tools/bin/../lib/gcc/arm-none-eabi/10.3.1/../../../../arm-none-eabi/lib/thumb/v7e-m+dp/hard/libc_nano.a(lib_a-memcpy-stub.o)
                0x000000000800abd4                memcpy
 .text.memset   0x000000000800abf0       0x10 /Applications/STM32CubeIDE.app/Contents/Eclipse/plugins/com.st.stm32cube.ide.mcu.externaltools.gnu-tools-for-stm32.10.3-2021.10.macos64_1.0.0.202111181127/tools/bin/../lib/gcc/arm-none-eabi/10.3.1/../../../../arm-none-eabi/lib/thumb/v7e-m+dp/hard/libc_nano.a(lib_a-memset.o)
                0x000000000800abf0                memset
 .text.strtok   0x000000000800ac00       0x68 /Applications/STM32CubeIDE.app/Contents/Eclipse/plugins/com.st.stm32cube.ide.mcu.externaltools.gnu-tools-for-stm32.10.3-2021.10.macos64_1.0.0.202111181127/tools/bin/../lib/gcc/arm-none-eabi/10.3.1/../../../../arm-none-eabi/lib/thumb/v7e-m+dp/hard/libc_nano.a(lib_a-strtok.o)
                0x000000000800ac00                strtok
 .text.__strtok_r
                0x000000000800ac68       0x50 /Applications/STM32CubeIDE.app/Contents/Eclipse/plugins/com.st.stm32cube.ide.mcu.externaltools.gnu-tools-for-stm32.10.3-2021.10.macos64_1.0.0.202111181127/tools/bin/../lib/gcc/arm-none-eabi/10.3.1/../../../../arm-none-eabi/lib/thumb/v7e-m+dp/hard/libc_nano.a(lib_a-strtok_r.o)
                0x000000000800ac68                __strtok_r
 .text._strtol_l.constprop.0
                0x000000000800acb8      0x104 /Applications/STM32CubeIDE.app/Contents/Eclipse/plugins/com.st.stm32cube.ide.mcu.externaltools.gnu-tools-for-stm32.10.3-2021.10.macos64_1.0.0.202111181127/tools/bin/../lib/gcc/arm-none-eabi/10.3.1/../../../../arm-none-eabi/lib/thumb/v7e-m+dp/hard/libc_nano.a(lib_a-strtol.o)
 .text.strtol   0x000000000800adbc       0x14 /Applications/STM32CubeIDE.app/Contents/Eclipse/plugins/com.st.stm32cube.ide.mcu.externaltools.gnu-tools-for-stm32.10.3-2021.10.macos64_1.0.0.202111181127/tools/bin/../lib/gcc/arm-none-eabi/10.3.1/../../../../arm-none-eabi/lib/thumb/v7e-m+dp/hard/libc_nano.a(lib_a-strtol.o)
                0x000000000800adbc                strtol
 .text.__assert_func
                0x000000000800add0       0x3c /Applications/STM32CubeIDE.app/Contents/Eclipse/plugins/com.st.stm32cube.ide.mcu.externaltools.gnu-tools-for-stm32.10.3-2021.10.macos64_1.0.0.202111181127/tools/bin/../lib/gcc/arm-none-eabi/10.3.1/../../../../arm-none-eabi/lib/thumb/v7e-m+dp/hard/libc_nano.a(lib_a-assert.o)
                0x000000000800add0                __assert_func
 .text.fprintf  0x000000000800ae0c       0x24 /Applications/STM32CubeIDE.app/Contents/Eclipse/plugins/com.st.stm32cube.ide.mcu.externaltools.gnu-tools-for-stm32.10.3-2021.10.macos64_1.0.0.202111181127/tools/bin/../lib/gcc/arm-none-eabi/10.3.1/../../../../arm-none-eabi/lib/thumb/v7e-m+dp/hard/libc_nano.a(lib_a-fprintf.o)
                0x000000000800ae0c                fprintf
                0x000000000800ae0c                fiprintf
 .text.malloc   0x000000000800ae30       0x10 /Applications/STM32CubeIDE.app/Contents/Eclipse/plugins/com.st.stm32cube.ide.mcu.externaltools.gnu-tools-for-stm32.10.3-2021.10.macos64_1.0.0.202111181127/tools/bin/../lib/gcc/arm-none-eabi/10.3.1/../../../../arm-none-eabi/lib/thumb/v7e-m+dp/hard/libc_nano.a(lib_a-malloc.o)
                0x000000000800ae30                malloc
 .text._free_r  0x000000000800ae40       0x98 /Applications/STM32CubeIDE.app/Contents/Eclipse/plugins/com.st.stm32cube.ide.mcu.externaltools.gnu-tools-for-stm32.10.3-2021.10.macos64_1.0.0.202111181127/tools/bin/../lib/gcc/arm-none-eabi/10.3.1/../../../../arm-none-eabi/lib/thumb/v7e-m+dp/hard/libc_nano.a(lib_a-nano-freer.o)
                0x000000000800ae40                _free_r
 .text.sbrk_aligned
                0x000000000800aed8       0x40 /Applications/STM32CubeIDE.app/Contents/Eclipse/plugins/com.st.stm32cube.ide.mcu.externaltools.gnu-tools-for-stm32.10.3-2021.10.macos64_1.0.0.202111181127/tools/bin/../lib/gcc/arm-none-eabi/10.3.1/../../../../arm-none-eabi/lib/thumb/v7e-m+dp/hard/libc_nano.a(lib_a-nano-mallocr.o)
 .text._malloc_r
                0x000000000800af18       0xe8 /Applications/STM32CubeIDE.app/Contents/Eclipse/plugins/com.st.stm32cube.ide.mcu.externaltools.gnu-tools-for-stm32.10.3-2021.10.macos64_1.0.0.202111181127/tools/bin/../lib/gcc/arm-none-eabi/10.3.1/../../../../arm-none-eabi/lib/thumb/v7e-m+dp/hard/libc_nano.a(lib_a-nano-mallocr.o)
                0x000000000800af18                _malloc_r
 .text.__sfputc_r
                0x000000000800b000       0x2e /Applications/STM32CubeIDE.app/Contents/Eclipse/plugins/com.st.stm32cube.ide.mcu.externaltools.gnu-tools-for-stm32.10.3-2021.10.macos64_1.0.0.202111181127/tools/bin/../lib/gcc/arm-none-eabi/10.3.1/../../../../arm-none-eabi/lib/thumb/v7e-m+dp/hard/libc_nano.a(lib_a-nano-vfprintf.o)
 .text.__sfputs_r
                0x000000000800b02e       0x24 /Applications/STM32CubeIDE.app/Contents/Eclipse/plugins/com.st.stm32cube.ide.mcu.externaltools.gnu-tools-for-stm32.10.3-2021.10.macos64_1.0.0.202111181127/tools/bin/../lib/gcc/arm-none-eabi/10.3.1/../../../../arm-none-eabi/lib/thumb/v7e-m+dp/hard/libc_nano.a(lib_a-nano-vfprintf.o)
                0x000000000800b02e                __sfputs_r
 *fill*         0x000000000800b052        0x2 
 .text._vfprintf_r
                0x000000000800b054      0x260 /Applications/STM32CubeIDE.app/Contents/Eclipse/plugins/com.st.stm32cube.ide.mcu.externaltools.gnu-tools-for-stm32.10.3-2021.10.macos64_1.0.0.202111181127/tools/bin/../lib/gcc/arm-none-eabi/10.3.1/../../../../arm-none-eabi/lib/thumb/v7e-m+dp/hard/libc_nano.a(lib_a-nano-vfprintf.o)
                0x000000000800b054                _vfiprintf_r
                0x000000000800b054                _vfprintf_r
 .text._printf_common
                0x000000000800b2b4       0xda /Applications/STM32CubeIDE.app/Contents/Eclipse/plugins/com.st.stm32cube.ide.mcu.externaltools.gnu-tools-for-stm32.10.3-2021.10.macos64_1.0.0.202111181127/tools/bin/../lib/gcc/arm-none-eabi/10.3.1/../../../../arm-none-eabi/lib/thumb/v7e-m+dp/hard/libc_nano.a(lib_a-nano-vfprintf_i.o)
                0x000000000800b2b4                _printf_common
 *fill*         0x000000000800b38e        0x2 
 .text._printf_i
                0x000000000800b390      0x24c /Applications/STM32CubeIDE.app/Contents/Eclipse/plugins/com.st.stm32cube.ide.mcu.externaltools.gnu-tools-for-stm32.10.3-2021.10.macos64_1.0.0.202111181127/tools/bin/../lib/gcc/arm-none-eabi/10.3.1/../../../../arm-none-eabi/lib/thumb/v7e-m+dp/hard/libc_nano.a(lib_a-nano-vfprintf_i.o)
                0x000000000800b390                _printf_i
 .text._sbrk_r  0x000000000800b5dc       0x20 /Applications/STM32CubeIDE.app/Contents/Eclipse/plugins/com.st.stm32cube.ide.mcu.externaltools.gnu-tools-for-stm32.10.3-2021.10.macos64_1.0.0.202111181127/tools/bin/../lib/gcc/arm-none-eabi/10.3.1/../../../../arm-none-eabi/lib/thumb/v7e-m+dp/hard/libc_nano.a(lib_a-sbrkr.o)
                0x000000000800b5dc                _sbrk_r
 .text.__swbuf_r
                0x000000000800b5fc       0xa4 /Applications/STM32CubeIDE.app/Contents/Eclipse/plugins/com.st.stm32cube.ide.mcu.externaltools.gnu-tools-for-stm32.10.3-2021.10.macos64_1.0.0.202111181127/tools/bin/../lib/gcc/arm-none-eabi/10.3.1/../../../../arm-none-eabi/lib/thumb/v7e-m+dp/hard/libc_nano.a(lib_a-wbuf.o)
                0x000000000800b5fc                __swbuf_r
 .text.__swsetup_r
                0x000000000800b6a0       0xdc /Applications/STM32CubeIDE.app/Contents/Eclipse/plugins/com.st.stm32cube.ide.mcu.externaltools.gnu-tools-for-stm32.10.3-2021.10.macos64_1.0.0.202111181127/tools/bin/../lib/gcc/arm-none-eabi/10.3.1/../../../../arm-none-eabi/lib/thumb/v7e-m+dp/hard/libc_nano.a(lib_a-wsetup.o)
                0x000000000800b6a0                __swsetup_r
 .text.abort    0x000000000800b77c        0xe /Applications/STM32CubeIDE.app/Contents/Eclipse/plugins/com.st.stm32cube.ide.mcu.externaltools.gnu-tools-for-stm32.10.3-2021.10.macos64_1.0.0.202111181127/tools/bin/../lib/gcc/arm-none-eabi/10.3.1/../../../../arm-none-eabi/lib/thumb/v7e-m+dp/hard/libc_nano.a(lib_a-abort.o)
                0x000000000800b77c                abort
 *fill*         0x000000000800b78a        0x2 
 .text.__sflush_r
                0x000000000800b78c      0x10c /Applications/STM32CubeIDE.app/Contents/Eclipse/plugins/com.st.stm32cube.ide.mcu.externaltools.gnu-tools-for-stm32.10.3-2021.10.macos64_1.0.0.202111181127/tools/bin/../lib/gcc/arm-none-eabi/10.3.1/../../../../arm-none-eabi/lib/thumb/v7e-m+dp/hard/libc_nano.a(lib_a-fflush.o)
                0x000000000800b78c                __sflush_r
 .text._fflush_r
                0x000000000800b898       0x78 /Applications/STM32CubeIDE.app/Contents/Eclipse/plugins/com.st.stm32cube.ide.mcu.externaltools.gnu-tools-for-stm32.10.3-2021.10.macos64_1.0.0.202111181127/tools/bin/../lib/gcc/arm-none-eabi/10.3.1/../../../../arm-none-eabi/lib/thumb/v7e-m+dp/hard/libc_nano.a(lib_a-fflush.o)
                0x000000000800b898                _fflush_r
 .text.std      0x000000000800b910       0x48 /Applications/STM32CubeIDE.app/Contents/Eclipse/plugins/com.st.stm32cube.ide.mcu.externaltools.gnu-tools-for-stm32.10.3-2021.10.macos64_1.0.0.202111181127/tools/bin/../lib/gcc/arm-none-eabi/10.3.1/../../../../arm-none-eabi/lib/thumb/v7e-m+dp/hard/libc_nano.a(lib_a-findfp.o)
 .text._cleanup_r
                0x000000000800b958        0xc /Applications/STM32CubeIDE.app/Contents/Eclipse/plugins/com.st.stm32cube.ide.mcu.externaltools.gnu-tools-for-stm32.10.3-2021.10.macos64_1.0.0.202111181127/tools/bin/../lib/gcc/arm-none-eabi/10.3.1/../../../../arm-none-eabi/lib/thumb/v7e-m+dp/hard/libc_nano.a(lib_a-findfp.o)
                0x000000000800b958                _cleanup_r
 .text.__sfmoreglue
                0x000000000800b964       0x2c /Applications/STM32CubeIDE.app/Contents/Eclipse/plugins/com.st.stm32cube.ide.mcu.externaltools.gnu-tools-for-stm32.10.3-2021.10.macos64_1.0.0.202111181127/tools/bin/../lib/gcc/arm-none-eabi/10.3.1/../../../../arm-none-eabi/lib/thumb/v7e-m+dp/hard/libc_nano.a(lib_a-findfp.o)
                0x000000000800b964                __sfmoreglue
 .text.__sfp_lock_acquire
                0x000000000800b990        0xc /Applications/STM32CubeIDE.app/Contents/Eclipse/plugins/com.st.stm32cube.ide.mcu.externaltools.gnu-tools-for-stm32.10.3-2021.10.macos64_1.0.0.202111181127/tools/bin/../lib/gcc/arm-none-eabi/10.3.1/../../../../arm-none-eabi/lib/thumb/v7e-m+dp/hard/libc_nano.a(lib_a-findfp.o)
                0x000000000800b990                __sfp_lock_acquire
 .text.__sfp_lock_release
                0x000000000800b99c        0xc /Applications/STM32CubeIDE.app/Contents/Eclipse/plugins/com.st.stm32cube.ide.mcu.externaltools.gnu-tools-for-stm32.10.3-2021.10.macos64_1.0.0.202111181127/tools/bin/../lib/gcc/arm-none-eabi/10.3.1/../../../../arm-none-eabi/lib/thumb/v7e-m+dp/hard/libc_nano.a(lib_a-findfp.o)
                0x000000000800b99c                __sfp_lock_release
 .text.__sinit_lock_acquire
                0x000000000800b9a8        0xc /Applications/STM32CubeIDE.app/Contents/Eclipse/plugins/com.st.stm32cube.ide.mcu.externaltools.gnu-tools-for-stm32.10.3-2021.10.macos64_1.0.0.202111181127/tools/bin/../lib/gcc/arm-none-eabi/10.3.1/../../../../arm-none-eabi/lib/thumb/v7e-m+dp/hard/libc_nano.a(lib_a-findfp.o)
                0x000000000800b9a8                __sinit_lock_acquire
 .text.__sinit_lock_release
                0x000000000800b9b4        0xc /Applications/STM32CubeIDE.app/Contents/Eclipse/plugins/com.st.stm32cube.ide.mcu.externaltools.gnu-tools-for-stm32.10.3-2021.10.macos64_1.0.0.202111181127/tools/bin/../lib/gcc/arm-none-eabi/10.3.1/../../../../arm-none-eabi/lib/thumb/v7e-m+dp/hard/libc_nano.a(lib_a-findfp.o)
                0x000000000800b9b4                __sinit_lock_release
 .text.__sinit  0x000000000800b9c0       0x70 /Applications/STM32CubeIDE.app/Contents/Eclipse/plugins/com.st.stm32cube.ide.mcu.externaltools.gnu-tools-for-stm32.10.3-2021.10.macos64_1.0.0.202111181127/tools/bin/../lib/gcc/arm-none-eabi/10.3.1/../../../../arm-none-eabi/lib/thumb/v7e-m+dp/hard/libc_nano.a(lib_a-findfp.o)
                0x000000000800b9c0                __sinit
 .text.__sfp    0x000000000800ba30       0x8c /Applications/STM32CubeIDE.app/Contents/Eclipse/plugins/com.st.stm32cube.ide.mcu.externaltools.gnu-tools-for-stm32.10.3-2021.10.macos64_1.0.0.202111181127/tools/bin/../lib/gcc/arm-none-eabi/10.3.1/../../../../arm-none-eabi/lib/thumb/v7e-m+dp/hard/libc_nano.a(lib_a-findfp.o)
                0x000000000800ba30                __sfp
 .text._fwalk_reent
                0x000000000800babc       0x3e /Applications/STM32CubeIDE.app/Contents/Eclipse/plugins/com.st.stm32cube.ide.mcu.externaltools.gnu-tools-for-stm32.10.3-2021.10.macos64_1.0.0.202111181127/tools/bin/../lib/gcc/arm-none-eabi/10.3.1/../../../../arm-none-eabi/lib/thumb/v7e-m+dp/hard/libc_nano.a(lib_a-fwalk.o)
                0x000000000800babc                _fwalk_reent
 .text.__retarget_lock_init_recursive
                0x000000000800bafa        0x2 /Applications/STM32CubeIDE.app/Contents/Eclipse/plugins/com.st.stm32cube.ide.mcu.externaltools.gnu-tools-for-stm32.10.3-2021.10.macos64_1.0.0.202111181127/tools/bin/../lib/gcc/arm-none-eabi/10.3.1/../../../../arm-none-eabi/lib/thumb/v7e-m+dp/hard/libc_nano.a(lib_a-lock.o)
                0x000000000800bafa                __retarget_lock_init_recursive
 .text.__retarget_lock_acquire_recursive
                0x000000000800bafc        0x2 /Applications/STM32CubeIDE.app/Contents/Eclipse/plugins/com.st.stm32cube.ide.mcu.externaltools.gnu-tools-for-stm32.10.3-2021.10.macos64_1.0.0.202111181127/tools/bin/../lib/gcc/arm-none-eabi/10.3.1/../../../../arm-none-eabi/lib/thumb/v7e-m+dp/hard/libc_nano.a(lib_a-lock.o)
                0x000000000800bafc                __retarget_lock_acquire_recursive
 .text.__retarget_lock_release_recursive
                0x000000000800bafe        0x2 /Applications/STM32CubeIDE.app/Contents/Eclipse/plugins/com.st.stm32cube.ide.mcu.externaltools.gnu-tools-for-stm32.10.3-2021.10.macos64_1.0.0.202111181127/tools/bin/../lib/gcc/arm-none-eabi/10.3.1/../../../../arm-none-eabi/lib/thumb/v7e-m+dp/hard/libc_nano.a(lib_a-lock.o)
                0x000000000800bafe                __retarget_lock_release_recursive
 .text.__swhatbuf_r
                0x000000000800bb00       0x4a /Applications/STM32CubeIDE.app/Contents/Eclipse/plugins/com.st.stm32cube.ide.mcu.externaltools.gnu-tools-for-stm32.10.3-2021.10.macos64_1.0.0.202111181127/tools/bin/../lib/gcc/arm-none-eabi/10.3.1/../../../../arm-none-eabi/lib/thumb/v7e-m+dp/hard/libc_nano.a(lib_a-makebuf.o)
                0x000000000800bb00                __swhatbuf_r
 *fill*         0x000000000800bb4a        0x2 
 .text.__smakebuf_r
                0x000000000800bb4c       0x80 /Applications/STM32CubeIDE.app/Contents/Eclipse/plugins/com.st.stm32cube.ide.mcu.externaltools.gnu-tools-for-stm32.10.3-2021.10.macos64_1.0.0.202111181127/tools/bin/../lib/gcc/arm-none-eabi/10.3.1/../../../../arm-none-eabi/lib/thumb/v7e-m+dp/hard/libc_nano.a(lib_a-makebuf.o)
                0x000000000800bb4c                __smakebuf_r
 .text.__malloc_lock
                0x000000000800bbcc        0xc /Applications/STM32CubeIDE.app/Contents/Eclipse/plugins/com.st.stm32cube.ide.mcu.externaltools.gnu-tools-for-stm32.10.3-2021.10.macos64_1.0.0.202111181127/tools/bin/../lib/gcc/arm-none-eabi/10.3.1/../../../../arm-none-eabi/lib/thumb/v7e-m+dp/hard/libc_nano.a(lib_a-mlock.o)
                0x000000000800bbcc                __malloc_lock
 .text.__malloc_unlock
                0x000000000800bbd8        0xc /Applications/STM32CubeIDE.app/Contents/Eclipse/plugins/com.st.stm32cube.ide.mcu.externaltools.gnu-tools-for-stm32.10.3-2021.10.macos64_1.0.0.202111181127/tools/bin/../lib/gcc/arm-none-eabi/10.3.1/../../../../arm-none-eabi/lib/thumb/v7e-m+dp/hard/libc_nano.a(lib_a-mlock.o)
                0x000000000800bbd8                __malloc_unlock
 .text._raise_r
                0x000000000800bbe4       0x50 /Applications/STM32CubeIDE.app/Contents/Eclipse/plugins/com.st.stm32cube.ide.mcu.externaltools.gnu-tools-for-stm32.10.3-2021.10.macos64_1.0.0.202111181127/tools/bin/../lib/gcc/arm-none-eabi/10.3.1/../../../../arm-none-eabi/lib/thumb/v7e-m+dp/hard/libc_nano.a(lib_a-signal.o)
                0x000000000800bbe4                _raise_r
 .text.raise    0x000000000800bc34       0x10 /Applications/STM32CubeIDE.app/Contents/Eclipse/plugins/com.st.stm32cube.ide.mcu.externaltools.gnu-tools-for-stm32.10.3-2021.10.macos64_1.0.0.202111181127/tools/bin/../lib/gcc/arm-none-eabi/10.3.1/../../../../arm-none-eabi/lib/thumb/v7e-m+dp/hard/libc_nano.a(lib_a-signal.o)
                0x000000000800bc34                raise
 .text._kill_r  0x000000000800bc44       0x24 /Applications/STM32CubeIDE.app/Contents/Eclipse/plugins/com.st.stm32cube.ide.mcu.externaltools.gnu-tools-for-stm32.10.3-2021.10.macos64_1.0.0.202111181127/tools/bin/../lib/gcc/arm-none-eabi/10.3.1/../../../../arm-none-eabi/lib/thumb/v7e-m+dp/hard/libc_nano.a(lib_a-signalr.o)
                0x000000000800bc44                _kill_r
 .text._getpid_r
                0x000000000800bc68        0x4 /Applications/STM32CubeIDE.app/Contents/Eclipse/plugins/com.st.stm32cube.ide.mcu.externaltools.gnu-tools-for-stm32.10.3-2021.10.macos64_1.0.0.202111181127/tools/bin/../lib/gcc/arm-none-eabi/10.3.1/../../../../arm-none-eabi/lib/thumb/v7e-m+dp/hard/libc_nano.a(lib_a-signalr.o)
                0x000000000800bc68                _getpid_r
 .text.__sread  0x000000000800bc6c       0x22 /Applications/STM32CubeIDE.app/Contents/Eclipse/plugins/com.st.stm32cube.ide.mcu.externaltools.gnu-tools-for-stm32.10.3-2021.10.macos64_1.0.0.202111181127/tools/bin/../lib/gcc/arm-none-eabi/10.3.1/../../../../arm-none-eabi/lib/thumb/v7e-m+dp/hard/libc_nano.a(lib_a-stdio.o)
                0x000000000800bc6c                __sread
 .text.__swrite
                0x000000000800bc8e       0x38 /Applications/STM32CubeIDE.app/Contents/Eclipse/plugins/com.st.stm32cube.ide.mcu.externaltools.gnu-tools-for-stm32.10.3-2021.10.macos64_1.0.0.202111181127/tools/bin/../lib/gcc/arm-none-eabi/10.3.1/../../../../arm-none-eabi/lib/thumb/v7e-m+dp/hard/libc_nano.a(lib_a-stdio.o)
                0x000000000800bc8e                __swrite
 .text.__sseek  0x000000000800bcc6       0x24 /Applications/STM32CubeIDE.app/Contents/Eclipse/plugins/com.st.stm32cube.ide.mcu.externaltools.gnu-tools-for-stm32.10.3-2021.10.macos64_1.0.0.202111181127/tools/bin/../lib/gcc/arm-none-eabi/10.3.1/../../../../arm-none-eabi/lib/thumb/v7e-m+dp/hard/libc_nano.a(lib_a-stdio.o)
                0x000000000800bcc6                __sseek
 .text.__sclose
                0x000000000800bcea        0x8 /Applications/STM32CubeIDE.app/Contents/Eclipse/plugins/com.st.stm32cube.ide.mcu.externaltools.gnu-tools-for-stm32.10.3-2021.10.macos64_1.0.0.202111181127/tools/bin/../lib/gcc/arm-none-eabi/10.3.1/../../../../arm-none-eabi/lib/thumb/v7e-m+dp/hard/libc_nano.a(lib_a-stdio.o)
                0x000000000800bcea                __sclose
 *fill*         0x000000000800bcf2        0x2 
 .text._write_r
                0x000000000800bcf4       0x24 /Applications/STM32CubeIDE.app/Contents/Eclipse/plugins/com.st.stm32cube.ide.mcu.externaltools.gnu-tools-for-stm32.10.3-2021.10.macos64_1.0.0.202111181127/tools/bin/../lib/gcc/arm-none-eabi/10.3.1/../../../../arm-none-eabi/lib/thumb/v7e-m+dp/hard/libc_nano.a(lib_a-writer.o)
                0x000000000800bcf4                _write_r
 .text._close_r
                0x000000000800bd18       0x20 /Applications/STM32CubeIDE.app/Contents/Eclipse/plugins/com.st.stm32cube.ide.mcu.externaltools.gnu-tools-for-stm32.10.3-2021.10.macos64_1.0.0.202111181127/tools/bin/../lib/gcc/arm-none-eabi/10.3.1/../../../../arm-none-eabi/lib/thumb/v7e-m+dp/hard/libc_nano.a(lib_a-closer.o)
                0x000000000800bd18                _close_r
 .text._fstat_r
                0x000000000800bd38       0x24 /Applications/STM32CubeIDE.app/Contents/Eclipse/plugins/com.st.stm32cube.ide.mcu.externaltools.gnu-tools-for-stm32.10.3-2021.10.macos64_1.0.0.202111181127/tools/bin/../lib/gcc/arm-none-eabi/10.3.1/../../../../arm-none-eabi/lib/thumb/v7e-m+dp/hard/libc_nano.a(lib_a-fstatr.o)
                0x000000000800bd38                _fstat_r
 .text._isatty_r
                0x000000000800bd5c       0x20 /Applications/STM32CubeIDE.app/Contents/Eclipse/plugins/com.st.stm32cube.ide.mcu.externaltools.gnu-tools-for-stm32.10.3-2021.10.macos64_1.0.0.202111181127/tools/bin/../lib/gcc/arm-none-eabi/10.3.1/../../../../arm-none-eabi/lib/thumb/v7e-m+dp/hard/libc_nano.a(lib_a-isattyr.o)
                0x000000000800bd5c                _isatty_r
 .text._lseek_r
                0x000000000800bd7c       0x24 /Applications/STM32CubeIDE.app/Contents/Eclipse/plugins/com.st.stm32cube.ide.mcu.externaltools.gnu-tools-for-stm32.10.3-2021.10.macos64_1.0.0.202111181127/tools/bin/../lib/gcc/arm-none-eabi/10.3.1/../../../../arm-none-eabi/lib/thumb/v7e-m+dp/hard/libc_nano.a(lib_a-lseekr.o)
                0x000000000800bd7c                _lseek_r
 .text._read_r  0x000000000800bda0       0x24 /Applications/STM32CubeIDE.app/Contents/Eclipse/plugins/com.st.stm32cube.ide.mcu.externaltools.gnu-tools-for-stm32.10.3-2021.10.macos64_1.0.0.202111181127/tools/bin/../lib/gcc/arm-none-eabi/10.3.1/../../../../arm-none-eabi/lib/thumb/v7e-m+dp/hard/libc_nano.a(lib_a-readr.o)
                0x000000000800bda0                _read_r
 *(.glue_7)
 .glue_7        0x000000000800bdc4        0x0 linker stubs
 *(.glue_7t)
 .glue_7t       0x000000000800bdc4        0x0 linker stubs
 *(.eh_frame)
 .eh_frame      0x000000000800bdc4        0x0 /Applications/STM32CubeIDE.app/Contents/Eclipse/plugins/com.st.stm32cube.ide.mcu.externaltools.gnu-tools-for-stm32.10.3-2021.10.macos64_1.0.0.202111181127/tools/bin/../lib/gcc/arm-none-eabi/10.3.1/thumb/v7e-m+dp/hard/crtbegin.o
 *(.init)
 .init          0x000000000800bdc4        0x4 /Applications/STM32CubeIDE.app/Contents/Eclipse/plugins/com.st.stm32cube.ide.mcu.externaltools.gnu-tools-for-stm32.10.3-2021.10.macos64_1.0.0.202111181127/tools/bin/../lib/gcc/arm-none-eabi/10.3.1/thumb/v7e-m+dp/hard/crti.o
                0x000000000800bdc4                _init
 .init          0x000000000800bdc8        0x8 /Applications/STM32CubeIDE.app/Contents/Eclipse/plugins/com.st.stm32cube.ide.mcu.externaltools.gnu-tools-for-stm32.10.3-2021.10.macos64_1.0.0.202111181127/tools/bin/../lib/gcc/arm-none-eabi/10.3.1/thumb/v7e-m+dp/hard/crtn.o
 *(.fini)
 .fini          0x000000000800bdd0        0x4 /Applications/STM32CubeIDE.app/Contents/Eclipse/plugins/com.st.stm32cube.ide.mcu.externaltools.gnu-tools-for-stm32.10.3-2021.10.macos64_1.0.0.202111181127/tools/bin/../lib/gcc/arm-none-eabi/10.3.1/thumb/v7e-m+dp/hard/crti.o
                0x000000000800bdd0                _fini
 .fini          0x000000000800bdd4        0x8 /Applications/STM32CubeIDE.app/Contents/Eclipse/plugins/com.st.stm32cube.ide.mcu.externaltools.gnu-tools-for-stm32.10.3-2021.10.macos64_1.0.0.202111181127/tools/bin/../lib/gcc/arm-none-eabi/10.3.1/thumb/v7e-m+dp/hard/crtn.o
                0x000000000800bddc                . = ALIGN (0x4)
                0x000000000800bddc                _etext = .

.vfp11_veneer   0x000000000800bddc        0x0
 .vfp11_veneer  0x000000000800bddc        0x0 linker stubs

.v4_bx          0x000000000800bddc        0x0
 .v4_bx         0x000000000800bddc        0x0 linker stubs

.iplt           0x000000000800bddc        0x0
 .iplt          0x000000000800bddc        0x0 /Applications/STM32CubeIDE.app/Contents/Eclipse/plugins/com.st.stm32cube.ide.mcu.externaltools.gnu-tools-for-stm32.10.3-2021.10.macos64_1.0.0.202111181127/tools/bin/../lib/gcc/arm-none-eabi/10.3.1/thumb/v7e-m+dp/hard/crtbegin.o

.rodata         0x000000000800bddc      0x2a4
                0x000000000800bddc                . = ALIGN (0x4)
 *(.rodata)
 .rodata        0x000000000800bddc        0x4 ./Core/Src/main.o
 .rodata        0x000000000800bde0       0x46 ./USB_DEVICE/App/usbd_desc.o
 *(.rodata*)
 *fill*         0x000000000800be26        0x2 
 .rodata.D1CorePrescTable
                0x000000000800be28       0x10 ./Core/Src/system_stm32h7xx.o
                0x000000000800be28                D1CorePrescTable
 .rodata._global_impure_ptr
                0x000000000800be38        0x4 /Applications/STM32CubeIDE.app/Contents/Eclipse/plugins/com.st.stm32cube.ide.mcu.externaltools.gnu-tools-for-stm32.10.3-2021.10.macos64_1.0.0.202111181127/tools/bin/../lib/gcc/arm-none-eabi/10.3.1/../../../../arm-none-eabi/lib/thumb/v7e-m+dp/hard/libc_nano.a(lib_a-impure.o)
                0x000000000800be38                _global_impure_ptr
 .rodata.strtok.str1.1
                0x000000000800be3c       0x74 /Applications/STM32CubeIDE.app/Contents/Eclipse/plugins/com.st.stm32cube.ide.mcu.externaltools.gnu-tools-for-stm32.10.3-2021.10.macos64_1.0.0.202111181127/tools/bin/../lib/gcc/arm-none-eabi/10.3.1/../../../../arm-none-eabi/lib/thumb/v7e-m+dp/hard/libc_nano.a(lib_a-strtok.o)
 .rodata.__assert_func.str1.1
                0x000000000800beb0       0x3c /Applications/STM32CubeIDE.app/Contents/Eclipse/plugins/com.st.stm32cube.ide.mcu.externaltools.gnu-tools-for-stm32.10.3-2021.10.macos64_1.0.0.202111181127/tools/bin/../lib/gcc/arm-none-eabi/10.3.1/../../../../arm-none-eabi/lib/thumb/v7e-m+dp/hard/libc_nano.a(lib_a-assert.o)
                                         0x3d (size before relaxing)
 .rodata._ctype_
                0x000000000800beec      0x101 /Applications/STM32CubeIDE.app/Contents/Eclipse/plugins/com.st.stm32cube.ide.mcu.externaltools.gnu-tools-for-stm32.10.3-2021.10.macos64_1.0.0.202111181127/tools/bin/../lib/gcc/arm-none-eabi/10.3.1/../../../../arm-none-eabi/lib/thumb/v7e-m+dp/hard/libc_nano.a(lib_a-ctype_.o)
                0x000000000800beec                _ctype_
 .rodata._vfprintf_r.str1.1
                0x000000000800bfed       0x11 /Applications/STM32CubeIDE.app/Contents/Eclipse/plugins/com.st.stm32cube.ide.mcu.externaltools.gnu-tools-for-stm32.10.3-2021.10.macos64_1.0.0.202111181127/tools/bin/../lib/gcc/arm-none-eabi/10.3.1/../../../../arm-none-eabi/lib/thumb/v7e-m+dp/hard/libc_nano.a(lib_a-nano-vfprintf.o)
 .rodata._printf_i.str1.1
                0x000000000800bffe       0x22 /Applications/STM32CubeIDE.app/Contents/Eclipse/plugins/com.st.stm32cube.ide.mcu.externaltools.gnu-tools-for-stm32.10.3-2021.10.macos64_1.0.0.202111181127/tools/bin/../lib/gcc/arm-none-eabi/10.3.1/../../../../arm-none-eabi/lib/thumb/v7e-m+dp/hard/libc_nano.a(lib_a-nano-vfprintf_i.o)
 .rodata.__sf_fake_stderr
                0x000000000800c020       0x20 /Applications/STM32CubeIDE.app/Contents/Eclipse/plugins/com.st.stm32cube.ide.mcu.externaltools.gnu-tools-for-stm32.10.3-2021.10.macos64_1.0.0.202111181127/tools/bin/../lib/gcc/arm-none-eabi/10.3.1/../../../../arm-none-eabi/lib/thumb/v7e-m+dp/hard/libc_nano.a(lib_a-findfp.o)
                0x000000000800c020                __sf_fake_stderr
 .rodata.__sf_fake_stdin
                0x000000000800c040       0x20 /Applications/STM32CubeIDE.app/Contents/Eclipse/plugins/com.st.stm32cube.ide.mcu.externaltools.gnu-tools-for-stm32.10.3-2021.10.macos64_1.0.0.202111181127/tools/bin/../lib/gcc/arm-none-eabi/10.3.1/../../../../arm-none-eabi/lib/thumb/v7e-m+dp/hard/libc_nano.a(lib_a-findfp.o)
                0x000000000800c040                __sf_fake_stdin
 .rodata.__sf_fake_stdout
                0x000000000800c060       0x20 /Applications/STM32CubeIDE.app/Contents/Eclipse/plugins/com.st.stm32cube.ide.mcu.externaltools.gnu-tools-for-stm32.10.3-2021.10.macos64_1.0.0.202111181127/tools/bin/../lib/gcc/arm-none-eabi/10.3.1/../../../../arm-none-eabi/lib/thumb/v7e-m+dp/hard/libc_nano.a(lib_a-findfp.o)
                0x000000000800c060                __sf_fake_stdout
                0x000000000800c080                . = ALIGN (0x4)

.rel.dyn        0x000000000800c080        0x0
 .rel.iplt      0x000000000800c080        0x0 /Applications/STM32CubeIDE.app/Contents/Eclipse/plugins/com.st.stm32cube.ide.mcu.externaltools.gnu-tools-for-stm32.10.3-2021.10.macos64_1.0.0.202111181127/tools/bin/../lib/gcc/arm-none-eabi/10.3.1/thumb/v7e-m+dp/hard/crtbegin.o

.ARM.extab
 *(.ARM.extab* .gnu.linkonce.armextab.*)

.ARM            0x000000000800c080        0x0
                0x000000000800c080                __exidx_start = .
 *(.ARM.exidx*)
                0x000000000800c080                __exidx_end = .

.preinit_array  0x000000000800c080        0x0
                0x000000000800c080                PROVIDE (__preinit_array_start = .)
 *(.preinit_array*)
                0x000000000800c080                PROVIDE (__preinit_array_end = .)

.init_array     0x000000000800c080        0x4
                0x000000000800c080                PROVIDE (__init_array_start = .)
 *(SORT_BY_NAME(.init_array.*))
 *(.init_array*)
 .init_array    0x000000000800c080        0x4 /Applications/STM32CubeIDE.app/Contents/Eclipse/plugins/com.st.stm32cube.ide.mcu.externaltools.gnu-tools-for-stm32.10.3-2021.10.macos64_1.0.0.202111181127/tools/bin/../lib/gcc/arm-none-eabi/10.3.1/thumb/v7e-m+dp/hard/crtbegin.o
                0x000000000800c084                PROVIDE (__init_array_end = .)

.fini_array     0x000000000800c084        0x4
                [!provide]                        PROVIDE (__fini_array_start = .)
 *(SORT_BY_NAME(.fini_array.*))
 *(.fini_array*)
 .fini_array    0x000000000800c084        0x4 /Applications/STM32CubeIDE.app/Contents/Eclipse/plugins/com.st.stm32cube.ide.mcu.externaltools.gnu-tools-for-stm32.10.3-2021.10.macos64_1.0.0.202111181127/tools/bin/../lib/gcc/arm-none-eabi/10.3.1/thumb/v7e-m+dp/hard/crtbegin.o
                [!provide]                        PROVIDE (__fini_array_end = .)
                0x000000000800c088                _sidata = LOADADDR (.data)

.data           0x0000000024000000      0x184 load address 0x000000000800c088
                0x0000000024000000                . = ALIGN (0x4)
                0x0000000024000000                _sdata = .
 *(.data)
 *(.data*)
 .data.tokenSeparator
                0x0000000024000000        0x4 ./Core/Src/main.o
                0x0000000024000000                tokenSeparator
 .data.strCMD_1
                0x0000000024000004        0xd ./Core/Src/main.o
                0x0000000024000004                strCMD_1
 *fill*         0x0000000024000011        0x3 
 .data.strCMD_2
                0x0000000024000014        0x4 ./Core/Src/main.o
                0x0000000024000014                strCMD_2
 .data.strCMD_2_1
                0x0000000024000018        0x4 ./Core/Src/main.o
                0x0000000024000018                strCMD_2_1
 .data.exposureVal
                0x000000002400001c        0x4 ./Core/Src/main.o
                0x000000002400001c                exposureVal
 .data.SystemCoreClock
                0x0000000024000020        0x4 ./Core/Src/system_stm32h7xx.o
                0x0000000024000020                SystemCoreClock
 .data.SystemD2Clock
                0x0000000024000024        0x4 ./Core/Src/system_stm32h7xx.o
                0x0000000024000024                SystemD2Clock
 .data.uwTickPrio
                0x0000000024000028        0x4 ./Drivers/STM32H7xx_HAL_Driver/Src/stm32h7xx_hal.o
                0x0000000024000028                uwTickPrio
 .data.uwTickFreq
                0x000000002400002c        0x1 ./Drivers/STM32H7xx_HAL_Driver/Src/stm32h7xx_hal.o
                0x000000002400002c                uwTickFreq
 *fill*         0x000000002400002d        0x3 
 .data.USBD_CDC_DeviceQualifierDesc
                0x0000000024000030        0xa ./Middlewares/ST/STM32_USB_Device_Library/Class/CDC/Src/usbd_cdc.o
 *fill*         0x000000002400003a        0x2 
 .data.USBD_CDC
                0x000000002400003c       0x38 ./Middlewares/ST/STM32_USB_Device_Library/Class/CDC/Src/usbd_cdc.o
                0x000000002400003c                USBD_CDC
 .data.USBD_CDC_CfgDesc
                0x0000000024000074       0x43 ./Middlewares/ST/STM32_USB_Device_Library/Class/CDC/Src/usbd_cdc.o
 .data.CDCInEpAdd
                0x00000000240000b7        0x1 ./Middlewares/ST/STM32_USB_Device_Library/Class/CDC/Src/usbd_cdc.o
 .data.CDCOutEpAdd
                0x00000000240000b8        0x1 ./Middlewares/ST/STM32_USB_Device_Library/Class/CDC/Src/usbd_cdc.o
 .data.CDCCmdEpAdd
                0x00000000240000b9        0x1 ./Middlewares/ST/STM32_USB_Device_Library/Class/CDC/Src/usbd_cdc.o
 *fill*         0x00000000240000ba        0x2 
 .data.USBD_Interface_fops_HS
                0x00000000240000bc       0x14 ./USB_DEVICE/App/usbd_cdc_if.o
                0x00000000240000bc                USBD_Interface_fops_HS
 .data.HS_Desc  0x00000000240000d0       0x1c ./USB_DEVICE/App/usbd_desc.o
                0x00000000240000d0                HS_Desc
 .data.USBD_HS_DeviceDesc
                0x00000000240000ec       0x12 ./USB_DEVICE/App/usbd_desc.o
                0x00000000240000ec                USBD_HS_DeviceDesc
 *fill*         0x00000000240000fe        0x2 
 .data.USBD_LangIDDesc
                0x0000000024000100        0x4 ./USB_DEVICE/App/usbd_desc.o
                0x0000000024000100                USBD_LangIDDesc
 .data.USBD_StringSerial
                0x0000000024000104       0x1a ./USB_DEVICE/App/usbd_desc.o
                0x0000000024000104                USBD_StringSerial
 *fill*         0x000000002400011e        0x2 
 .data._impure_ptr
                0x0000000024000120        0x4 /Applications/STM32CubeIDE.app/Contents/Eclipse/plugins/com.st.stm32cube.ide.mcu.externaltools.gnu-tools-for-stm32.10.3-2021.10.macos64_1.0.0.202111181127/tools/bin/../lib/gcc/arm-none-eabi/10.3.1/../../../../arm-none-eabi/lib/thumb/v7e-m+dp/hard/libc_nano.a(lib_a-impure.o)
                0x0000000024000120                _impure_ptr
 .data.impure_data
                0x0000000024000124       0x60 /Applications/STM32CubeIDE.app/Contents/Eclipse/plugins/com.st.stm32cube.ide.mcu.externaltools.gnu-tools-for-stm32.10.3-2021.10.macos64_1.0.0.202111181127/tools/bin/../lib/gcc/arm-none-eabi/10.3.1/../../../../arm-none-eabi/lib/thumb/v7e-m+dp/hard/libc_nano.a(lib_a-impure.o)
 *(.RamFunc)